<html>
<body>
<pre>
<h1>礦ision Build Log</h1>
<h2>Tool Versions:</h2>
IDE-Version: μVision V5.25.3.0
Copyright (C) 2018 ARM Ltd and ARM Germany GmbH. All rights reserved.
License Information: eric eric, eric, LIC=GMZI6-DND6X-RA8DM-XX7H8-RM73H-5L98H
 
Tool Versions:
Toolchain:       MDK-ARM Plus  Version: 5.25.2.0
Toolchain Path:  C:\Keil_v5\ARM\ARMCC\Bin
C Compiler:      Armcc.exe V5.06 update 6 (build 750)
Assembler:       Armasm.exe V5.06 update 6 (build 750)
Linker/Locator:  ArmLink.exe V5.06 update 6 (build 750)
Library Manager: ArmAr.exe V5.06 update 6 (build 750)
Hex Converter:   FromElf.exe V5.06 update 6 (build 750)
CPU DLL:         SARMCM3.DLL V5.25.2.0
Dialog DLL:      DCM.DLL V1.17.1.0
Target DLL:      Segger\JL2CM3.dll V2.97.0.0
Dialog DLL:      TCM.DLL V1.35.1.0
 
<h2>Project:</h2>
E:\a匿名科创飞控\拓空者P2资料包\匿名拓空者P2资料包-20210116\8：飞控源码工程\ANO_PioneerPro-088\ANO_Pioneer.uvprojx
Project File Date:  05/21/2021

<h2>Output:</h2>
*** Using Compiler 'V5.06 update 6 (build 750)', folder: 'C:\Keil_v5\ARM\ARMCC\Bin'
Build target 'Ano_Pioneer'
compiling Ano_Scheduler.c...
SRC\applications\Ano_Scheduler.c(178): warning:  #223-D: function "Program_Ctrl_User_Set_YAWdps" declared implicitly
  		Program_Ctrl_User_Set_YAWdps(-(flag.pos_x_pidp*10));	//閫熷害鏆傚畾10搴︽瘡绉?
SRC\applications\Ano_Scheduler.c(182): warning:  #223-D: function "Program_Ctrl_User_Set_YAWdps" declared implicitly
  		Program_Ctrl_User_Set_YAWdps(flag.pos_x_pidp*10);
SRC\applications\Ano_Scheduler.c(173): warning:  #550-D: variable "pox_x_opmv"  was set but never used
  		s16 pox_x_opmv;		
SRC\applications\Ano_Scheduler.c(185): warning:  #223-D: function "Program_Ctrl_User_Set_YAWdps" declared implicitly
  	else Program_Ctrl_User_Set_YAWdps(0);
SRC\applications\Ano_Scheduler.c: 4 warnings, 0 errors
compiling Ano_DT.c...
SRC\applications\Ano_DT.c(653): warning:  #177-D: function "WritePar"  was declared but never referenced
  static void WritePar(u16 p_id, s32 p_val)
SRC\applications\Ano_DT.c: 1 warning, 0 errors
linking...
Program Size: Code=107772 RO-data=2396 RW-data=1248 ZI-data=13824  
FromELF: creating hex file...
After Build - User command #1: fromelf.exe --bin -o ./AnoPioneerPro.bin ./build/Ano_Pioneer.axf
".\build\ANO_Pioneer.axf" - 0 Error(s), 5 Warning(s).

<h2>Software Packages used:</h2>

Package Vendor: Keil
                http://www.keil.com/pack/Keil.STM32F4xx_DFP.2.15.0.pack
                Keil.STM32F4xx_DFP.2.15.0
                STMicroelectronics STM32F4 Series Device Support, Drivers and Examples

<h2>Collection of Component include folders:</h2>
  .\RTE\_Ano_Pioneer
  C:\Keil_v5\ARM\PACK\Keil\STM32F4xx_DFP\2.15.0\Drivers\CMSIS\Device\ST\STM32F4xx\Include

<h2>Collection of Component Files used:</h2>
Build Time Elapsed:  00:00:02
</pre>
</body>
</html>
