Component: ARM Compiler 5.06 update 6 (build 750) Tool: armlink [4d35ed]

==============================================================================

Section Cross References

    stm32f4xx_it.o(.text) refers to stm32f4xx_exti.o(.text) for EXTI_GetITStatus
    stm32f4xx_it.o(.text) refers to drv_rcin.o(.text) for PPM_IRQH
    stm32f4xx_it.o(.text) refers to drv_gps.o(.text) for Uart1_GPS_IRQ
    stm32f4xx_it.o(.text) refers to drv_usart.o(.text) for Usart2_IRQ
    ano_usb.o(.text) refers to usbd_core.o(.text) for usbd_init
    ano_usb.o(.text) refers to usbd_hid.o(.text) for usbd_hid_get_report_trigger
    ano_usb.o(.text) refers to ano_dt.o(.text) for AnoDTRxOneByteUsb
    ano_usb.o(.text) refers to ano_usb.o(.data) for hid_datatemp_end
    ano_usb.o(.text) refers to ano_usb.o(.bss) for hid_datatemp
    usb_config.o(.text) refers to usbd_hid.o(.text) for USBD_HID_Configure_Event
    usb_config.o(.constdata) refers to usb_config.o(.text) for USBD_SOF_Event
    usb_config.o(.constdata) refers to usbd_core.o(.text) for USBD_EndPoint0
    usb_config.o(.constdata) refers to usbd_hid.o(.text) for USBD_HID_EP_INT_Event
    main.o(.text) refers to bsp_init.o(.text) for All_Init
    main.o(.text) refers to ano_scheduler.o(.text) for Scheduler_Setup
    main.o(.text) refers to ano_fcdata.o(.bss) for flag
    ano_scheduler.o(.text) refers to drv_time.o(.text) for GetSysTime_us
    ano_scheduler.o(.text) refers to ano_flightdatacal.o(.text) for Fc_Sensor_Get
    ano_scheduler.o(.text) refers to ano_sensor_basic.o(.text) for Sensor_Data_Prepare
    ano_scheduler.o(.text) refers to drv_gps.o(.text) for WCXY_Acc_Get_Task
    ano_scheduler.o(.text) refers to ano_flightctrl.o(.text) for Flight_State_Task
    ano_scheduler.o(.text) refers to ano_of_decofusion.o(.text) for ANO_OF_Data_Prepare_Task
    ano_scheduler.o(.text) refers to ano_dt.o(.text) for ANO_DT_Task1Ms
    ano_scheduler.o(.text) refers to ano_attctrl.o(.text) for Att_1level_Ctrl
    ano_scheduler.o(.text) refers to ano_motorctrl.o(.text) for Motor_Ctrl_Task
    ano_scheduler.o(.text) refers to ano_uwb.o(.text) for Ano_UWB_Get_Data_Task
    ano_scheduler.o(.text) refers to ano_imu.o(.text) for calculate_RPY
    ano_scheduler.o(.text) refers to drv_bsp.o(.text) for DrvRcInputTask
    ano_scheduler.o(.text) refers to ano_rc.o(.text) for RC_duty_task
    ano_scheduler.o(.text) refers to ano_altctrl.o(.text) for Alt_1level_Ctrl
    ano_scheduler.o(.text) refers to ano_of.o(.text) for AnoOF_Check_State
    ano_scheduler.o(.text) refers to drv_led.o(.text) for LED_Task2
    ano_scheduler.o(.text) refers to ano_imu_task.o(.text) for ImuServices_20ms_c
    ano_scheduler.o(.text) refers to ano_flyctrl.o(.text) for FlyCtrl_Task
    ano_scheduler.o(.text) refers to ano_locctrl.o(.text) for Loc_1level_Ctrl
    ano_scheduler.o(.text) refers to drv_openmv.o(.text) for OpenMV_Offline_Check
    ano_scheduler.o(.text) refers to ano_opmv_cbtracking_ctrl.o(.text) for ANO_CBTracking_Task
    ano_scheduler.o(.text) refers to ano_opmv_linetracking_ctrl.o(.text) for ANO_LTracking_Task
    ano_scheduler.o(.text) refers to ano_opmv_ctrl.o(.text) for ANO_OPMV_Ctrl_Task
    ano_scheduler.o(.text) refers to ano_power.o(.text) for Power_UpdateTask
    ano_scheduler.o(.text) refers to drv_heating.o(.text) for Thermostatic_Ctrl_Task
    ano_scheduler.o(.text) refers to ano_parameter.o(.text) for Ano_Parame_Write_task
    ano_scheduler.o(.text) refers to ano_scheduler.o(.bss) for test_dT_1000hz
    ano_scheduler.o(.text) refers to ano_rc.o(.bss) for CH_N
    ano_scheduler.o(.text) refers to ano_scheduler.o(.data) for sched_tasks
    ano_scheduler.o(.data) refers to ano_scheduler.o(.text) for Loop_1000Hz
    ano_flyctrl.o(.text) refers to ano_dt.o(.text) for AnoDTSendStr
    ano_flyctrl.o(.text) refers to ano_flightctrl.o(.text) for one_key_take_off
    ano_flyctrl.o(.text) refers to ano_flyctrl.o(.data) for val
    ano_flyctrl.o(.text) refers to ano_flyctrl.o(.bss) for program_ctrl
    ano_flyctrl.o(.text) refers to drv_bsp.o(.bss) for rc_in
    ano_flyctrl.o(.text) refers to ano_fcdata.o(.bss) for flag
    ano_flyctrl.o(.text) refers to ano_fcdata.o(.data) for switchs
    ano_flyctrl.o(.text) refers to ano_imu.o(.text) for h2w_2d_trans
    ano_flyctrl.o(.text) refers to ano_imu.o(.data) for imu_data
    bsp_init.o(.text) refers to misc.o(.text) for NVIC_PriorityGroupConfig
    bsp_init.o(.text) refers to drv_time.o(.text) for SysTick_Configuration
    bsp_init.o(.text) refers to drv_led.o(.text) for Drv_LED_Init
    bsp_init.o(.text) refers to drv_w25qxx.o(.text) for Flash_Init
    bsp_init.o(.text) refers to ano_fcdata.o(.text) for Para_Data_Init
    bsp_init.o(.text) refers to drv_bsp.o(.text) for DrvRcInputInit
    bsp_init.o(.text) refers to drv_pwm_out.o(.text) for PWM_Out_Init
    bsp_init.o(.text) refers to drv_spi.o(.text) for Drv_SPI2_init
    bsp_init.o(.text) refers to drv_ak8975.o(.text) for Drv_AK8975CSPin_Init
[...]
    ADC_VBATCmd                              0x0800f895   Thumb Code    58  stm32f4xx_adc.o(.text)
    ADC_RegularChannelConfig                 0x0800f8cf   Thumb Code   416  stm32f4xx_adc.o(.text)
    ADC_SoftwareStartConv                    0x0800fa6f   Thumb Code    46  stm32f4xx_adc.o(.text)
    ADC_GetSoftwareStartConvStatus           0x0800fa9d   Thumb Code    56  stm32f4xx_adc.o(.text)
    ADC_EOCOnEachRegularChannelCmd           0x0800fad5   Thumb Code    80  stm32f4xx_adc.o(.text)
    ADC_ContinuousModeCmd                    0x0800fb25   Thumb Code    80  stm32f4xx_adc.o(.text)
    ADC_DiscModeChannelCountConfig           0x0800fb75   Thumb Code   100  stm32f4xx_adc.o(.text)
    ADC_DiscModeCmd                          0x0800fbd9   Thumb Code    80  stm32f4xx_adc.o(.text)
    ADC_GetConversionValue                   0x0800fc29   Thumb Code    42  stm32f4xx_adc.o(.text)
    ADC_GetMultiModeConversionValue          0x0800fc53   Thumb Code     6  stm32f4xx_adc.o(.text)
    ADC_DMACmd                               0x0800fc59   Thumb Code    80  stm32f4xx_adc.o(.text)
    ADC_DMARequestAfterLastTransferCmd       0x0800fca9   Thumb Code    80  stm32f4xx_adc.o(.text)
    ADC_MultiModeDMARequestAfterLastTransferCmd 0x0800fcf9   Thumb Code    62  stm32f4xx_adc.o(.text)
    ADC_InjectedChannelConfig                0x0800fd37   Thumb Code   340  stm32f4xx_adc.o(.text)
    ADC_InjectedSequencerLengthConfig        0x0800fe8b   Thumb Code    84  stm32f4xx_adc.o(.text)
    ADC_SetInjectedOffset                    0x0800fedf   Thumb Code   108  stm32f4xx_adc.o(.text)
    ADC_ExternalTrigInjectedConvConfig       0x0800ff4b   Thumb Code   174  stm32f4xx_adc.o(.text)
    ADC_ExternalTrigInjectedConvEdgeConfig   0x0800fff9   Thumb Code    86  stm32f4xx_adc.o(.text)
    ADC_SoftwareStartInjectedConv            0x0801004f   Thumb Code    46  stm32f4xx_adc.o(.text)
    ADC_GetSoftwareStartInjectedConvCmdStatus 0x0801007d   Thumb Code    56  stm32f4xx_adc.o(.text)
    ADC_AutoInjectedConvCmd                  0x080100b5   Thumb Code    80  stm32f4xx_adc.o(.text)
    ADC_InjectedDiscModeCmd                  0x08010105   Thumb Code    80  stm32f4xx_adc.o(.text)
    ADC_GetInjectedConversionValue           0x08010155   Thumb Code    92  stm32f4xx_adc.o(.text)
    ADC_ITConfig                             0x080101b1   Thumb Code   136  stm32f4xx_adc.o(.text)
    ADC_GetFlagStatus                        0x08010239   Thumb Code    94  stm32f4xx_adc.o(.text)
    ADC_ClearFlag                            0x08010297   Thumb Code    66  stm32f4xx_adc.o(.text)
    ADC_GetITStatus                          0x080102d9   Thumb Code   126  stm32f4xx_adc.o(.text)
    ADC_ClearITPendingBit                    0x08010357   Thumb Code    92  stm32f4xx_adc.o(.text)
    DMA_DeInit                               0x080103c1   Thumb Code   462  stm32f4xx_dma.o(.text)
    DMA_Init                                 0x0801058f   Thumb Code   744  stm32f4xx_dma.o(.text)
    DMA_StructInit                           0x08010877   Thumb Code    34  stm32f4xx_dma.o(.text)
    DMA_Cmd                                  0x08010899   Thumb Code   186  stm32f4xx_dma.o(.text)
    DMA_PeriphIncOffsetSizeConfig            0x08010953   Thumb Code   188  stm32f4xx_dma.o(.text)
    DMA_FlowControllerConfig                 0x08010a0f   Thumb Code   186  stm32f4xx_dma.o(.text)
    DMA_SetCurrDataCounter                   0x08010ac9   Thumb Code   148  stm32f4xx_dma.o(.text)
    DMA_GetCurrDataCounter                   0x08010b5d   Thumb Code   148  stm32f4xx_dma.o(.text)
    DMA_DoubleBufferModeConfig               0x08010bf1   Thumb Code   204  stm32f4xx_dma.o(.text)
    DMA_DoubleBufferModeCmd                  0x08010cbd   Thumb Code   186  stm32f4xx_dma.o(.text)
    DMA_MemoryTargetConfig                   0x08010d77   Thumb Code   178  stm32f4xx_dma.o(.text)
    DMA_GetCurrentMemoryTarget               0x08010e29   Thumb Code   162  stm32f4xx_dma.o(.text)
    DMA_GetCmdStatus                         0x08010ecb   Thumb Code   162  stm32f4xx_dma.o(.text)
    DMA_GetFIFOStatus                        0x08010f6d   Thumb Code   154  stm32f4xx_dma.o(.text)
    DMA_GetFlagStatus                        0x08011007   Thumb Code   486  stm32f4xx_dma.o(.text)
    DMA_ClearFlag                            0x080111ed   Thumb Code   220  stm32f4xx_dma.o(.text)
    DMA_ITConfig                             0x080112c9   Thumb Code   244  stm32f4xx_dma.o(.text)
    DMA_GetITStatus                          0x080113bd   Thumb Code   590  stm32f4xx_dma.o(.text)
    DMA_ClearITPendingBit                    0x0801160b   Thumb Code   222  stm32f4xx_dma.o(.text)
    EXTI_DeInit                              0x0801178d   Thumb Code    28  stm32f4xx_exti.o(.text)
    EXTI_Init                                0x080117a9   Thumb Code   236  stm32f4xx_exti.o(.text)
    EXTI_StructInit                          0x08011895   Thumb Code    16  stm32f4xx_exti.o(.text)
    EXTI_GenerateSWInterrupt                 0x080118a5   Thumb Code    38  stm32f4xx_exti.o(.text)
    EXTI_GetFlagStatus                       0x080118cb   Thumb Code   158  stm32f4xx_exti.o(.text)
    EXTI_ClearFlag                           0x08011969   Thumb Code    30  stm32f4xx_exti.o(.text)
    EXTI_GetITStatus                         0x08011987   Thumb Code   172  stm32f4xx_exti.o(.text)
    EXTI_ClearITPendingBit                   0x08011a33   Thumb Code    32  stm32f4xx_exti.o(.text)
    GPIO_DeInit                              0x08011a99   Thumb Code   284  stm32f4xx_gpio.o(.text)
    GPIO_Init                                0x08011bb5   Thumb Code   342  stm32f4xx_gpio.o(.text)
    GPIO_StructInit                          0x08011d0b   Thumb Code    18  stm32f4xx_gpio.o(.text)
    GPIO_PinLockConfig                       0x08011d1d   Thumb Code   122  stm32f4xx_gpio.o(.text)
    GPIO_ReadInputDataBit                    0x08011d97   Thumb Code   182  stm32f4xx_gpio.o(.text)
    GPIO_ReadInputData                       0x08011e4d   Thumb Code   174  stm32f4xx_gpio.o(.text)
    GPIO_ReadOutputDataBit                   0x08011efb   Thumb Code   186  stm32f4xx_gpio.o(.text)
    GPIO_ReadOutputData                      0x08011fb5   Thumb Code    78  stm32f4xx_gpio.o(.text)
    GPIO_SetBits                             0x08012003   Thumb Code    98  stm32f4xx_gpio.o(.text)
    GPIO_ResetBits                           0x08012065   Thumb Code    98  stm32f4xx_gpio.o(.text)
    GPIO_WriteBit                            0x080120c7   Thumb Code   200  stm32f4xx_gpio.o(.text)
    GPIO_Write                               0x0801218f   Thumb Code    78  stm32f4xx_gpio.o(.text)
    GPIO_ToggleBits                          0x080121dd   Thumb Code    82  stm32f4xx_gpio.o(.text)
    GPIO_PinAFConfig                         0x0801222f   Thumb Code   384  stm32f4xx_gpio.o(.text)
    RCC_DeInit                               0x080123b1   Thumb Code    60  stm32f4xx_rcc.o(.text)
    RCC_HSEConfig                            0x080123ed   Thumb Code    38  stm32f4xx_rcc.o(.text)
    RCC_GetFlagStatus                        0x08012413   Thumb Code   130  stm32f4xx_rcc.o(.text)
    RCC_WaitForHSEStartUp                    0x08012495   Thumb Code    56  stm32f4xx_rcc.o(.text)
    RCC_AdjustHSICalibrationValue            0x080124cd   Thumb Code    38  stm32f4xx_rcc.o(.text)
    RCC_HSICmd                               0x080124f3   Thumb Code    28  stm32f4xx_rcc.o(.text)
    RCC_LSEConfig                            0x0801250f   Thumb Code    72  stm32f4xx_rcc.o(.text)
    RCC_LSICmd                               0x08012557   Thumb Code    28  stm32f4xx_rcc.o(.text)
    RCC_PLLConfig                            0x08012573   Thumb Code   156  stm32f4xx_rcc.o(.text)
    RCC_PLLCmd                               0x0801260f   Thumb Code    28  stm32f4xx_rcc.o(.text)
    RCC_PLLI2SConfig                         0x0801262b   Thumb Code    62  stm32f4xx_rcc.o(.text)
    RCC_PLLI2SCmd                            0x08012669   Thumb Code    28  stm32f4xx_rcc.o(.text)
    RCC_ClockSecuritySystemCmd               0x08012685   Thumb Code    28  stm32f4xx_rcc.o(.text)
    RCC_MCO1Config                           0x080126a1   Thumb Code   102  stm32f4xx_rcc.o(.text)
    RCC_MCO2Config                           0x08012707   Thumb Code   102  stm32f4xx_rcc.o(.text)
    RCC_SYSCLKConfig                         0x0801276d   Thumb Code   124  stm32f4xx_rcc.o(.text)
    RCC_GetSYSCLKSource                      0x080127e9   Thumb Code    10  stm32f4xx_rcc.o(.text)
    RCC_HCLKConfig                           0x080127f3   Thumb Code    68  stm32f4xx_rcc.o(.text)
    RCC_PCLK1Config                          0x08012837   Thumb Code    60  stm32f4xx_rcc.o(.text)
    RCC_PCLK2Config                          0x08012873   Thumb Code    62  stm32f4xx_rcc.o(.text)
    RCC_GetClocksFreq                        0x080128b1   Thumb Code   214  stm32f4xx_rcc.o(.text)
    RCC_RTCCLKConfig                         0x08012987   Thumb Code   262  stm32f4xx_rcc.o(.text)
    RCC_RTCCLKCmd                            0x08012a8d   Thumb Code    30  stm32f4xx_rcc.o(.text)
    RCC_BackupResetCmd                       0x08012aab   Thumb Code    32  stm32f4xx_rcc.o(.text)
    RCC_I2SCLKConfig                         0x08012acb   Thumb Code    30  stm32f4xx_rcc.o(.text)
    RCC_AHB1PeriphClockCmd                   0x08012ae9   Thumb Code    82  stm32f4xx_rcc.o(.text)
    RCC_AHB2PeriphClockCmd                   0x08012b3b   Thumb Code    82  stm32f4xx_rcc.o(.text)
    RCC_AHB3PeriphClockCmd                   0x08012b8d   Thumb Code   232  stm32f4xx_rcc.o(.text)
    RCC_APB1PeriphClockCmd                   0x08012c75   Thumb Code    82  stm32f4xx_rcc.o(.text)
    RCC_APB2PeriphClockCmd                   0x08012cc7   Thumb Code    82  stm32f4xx_rcc.o(.text)
    RCC_AHB1PeriphResetCmd                   0x08012d19   Thumb Code    82  stm32f4xx_rcc.o(.text)
    RCC_AHB2PeriphResetCmd                   0x08012d6b   Thumb Code    82  stm32f4xx_rcc.o(.text)
    RCC_AHB3PeriphResetCmd                   0x08012dbd   Thumb Code    82  stm32f4xx_rcc.o(.text)
    RCC_APB1PeriphResetCmd                   0x08012e0f   Thumb Code    82  stm32f4xx_rcc.o(.text)
    RCC_APB2PeriphResetCmd                   0x08012e61   Thumb Code    82  stm32f4xx_rcc.o(.text)
    RCC_AHB1PeriphClockLPModeCmd             0x08012eb3   Thumb Code    82  stm32f4xx_rcc.o(.text)
    RCC_AHB2PeriphClockLPModeCmd             0x08012f05   Thumb Code    82  stm32f4xx_rcc.o(.text)
    RCC_AHB3PeriphClockLPModeCmd             0x08012f57   Thumb Code    82  stm32f4xx_rcc.o(.text)
    RCC_APB1PeriphClockLPModeCmd             0x08012fa9   Thumb Code    82  stm32f4xx_rcc.o(.text)
    RCC_APB2PeriphClockLPModeCmd             0x08012ffb   Thumb Code   106  stm32f4xx_rcc.o(.text)
    RCC_ITConfig                             0x08013065   Thumb Code    74  stm32f4xx_rcc.o(.text)
    RCC_ClearFlag                            0x080130af   Thumb Code    18  stm32f4xx_rcc.o(.text)
    RCC_GetITStatus                          0x080130c1   Thumb Code    68  stm32f4xx_rcc.o(.text)
    RCC_ClearITPendingBit                    0x08013105   Thumb Code    34  stm32f4xx_rcc.o(.text)
    SPI_I2S_DeInit                           0x0801312d   Thumb Code   104  stm32f4xx_spi.o(.text)
    SPI_Init                                 0x08013195   Thumb Code   348  stm32f4xx_spi.o(.text)
    I2S_Init                                 0x080132f1   Thumb Code   508  stm32f4xx_spi.o(.text)
    SPI_StructInit                           0x080134ed   Thumb Code    24  stm32f4xx_spi.o(.text)
    I2S_StructInit                           0x08013505   Thumb Code   104  stm32f4xx_spi.o(.text)
    SPI_Cmd                                  0x0801356d   Thumb Code    82  stm32f4xx_spi.o(.text)
    I2S_Cmd                                  0x080135bf   Thumb Code    88  stm32f4xx_spi.o(.text)
    SPI_DataSizeConfig                       0x08013617   Thumb Code    78  stm32f4xx_spi.o(.text)
    SPI_BiDirectionalLineConfig              0x08013665   Thumb Code    94  stm32f4xx_spi.o(.text)
    SPI_NSSInternalSoftwareConfig            0x080136c3   Thumb Code    96  stm32f4xx_spi.o(.text)
    SPI_SSOutputCmd                          0x08013723   Thumb Code    82  stm32f4xx_spi.o(.text)
    SPI_TIModeCmd                            0x08013775   Thumb Code    82  stm32f4xx_spi.o(.text)
    I2S_FullDuplexConfig                     0x080137c7   Thumb Code   258  stm32f4xx_spi.o(.text)
    SPI_I2S_ReceiveData                      0x080138c9   Thumb Code    52  stm32f4xx_spi.o(.text)
    SPI_I2S_SendData                         0x080138fd   Thumb Code    54  stm32f4xx_spi.o(.text)
    SPI_CalculateCRC                         0x08013933   Thumb Code    98  stm32f4xx_spi.o(.text)
    SPI_TransmitCRC                          0x08013995   Thumb Code    46  stm32f4xx_spi.o(.text)
    SPI_GetCRC                               0x080139c3   Thumb Code    74  stm32f4xx_spi.o(.text)
    SPI_GetCRCPolynomial                     0x08013a0d   Thumb Code    40  stm32f4xx_spi.o(.text)
    SPI_I2S_DMACmd                           0x08013a35   Thumb Code   114  stm32f4xx_spi.o(.text)
    SPI_I2S_ITConfig                         0x08013aa7   Thumb Code   138  stm32f4xx_spi.o(.text)
    SPI_I2S_GetFlagStatus                    0x08013b31   Thumb Code   120  stm32f4xx_spi.o(.text)
    SPI_I2S_ClearFlag                        0x08013ba9   Thumb Code    74  stm32f4xx_spi.o(.text)
    SPI_I2S_GetITStatus                      0x08013bf3   Thumb Code   154  stm32f4xx_spi.o(.text)
    SPI_I2S_ClearITPendingBit                0x08013c8d   Thumb Code    86  stm32f4xx_spi.o(.text)
    TIM_DeInit                               0x08013cf5   Thumb Code   440  stm32f4xx_tim.o(.text)
    TIM_TimeBaseInit                         0x08013ead   Thumb Code   278  stm32f4xx_tim.o(.text)
    TIM_TimeBaseStructInit                   0x08013fc3   Thumb Code    18  stm32f4xx_tim.o(.text)
    TIM_PrescalerConfig                      0x08013fd5   Thumb Code   128  stm32f4xx_tim.o(.text)
    TIM_CounterModeConfig                    0x08014055   Thumb Code   100  stm32f4xx_tim.o(.text)
    TIM_SetCounter                           0x080140b9   Thumb Code   222  stm32f4xx_tim.o(.text)
    TIM_SetAutoreload                        0x08014197   Thumb Code   108  stm32f4xx_tim.o(.text)
    TIM_GetCounter                           0x08014203   Thumb Code   106  stm32f4xx_tim.o(.text)
    TIM_GetPrescaler                         0x0801426d   Thumb Code   106  stm32f4xx_tim.o(.text)
    TIM_UpdateDisableConfig                  0x080142d7   Thumb Code   148  stm32f4xx_tim.o(.text)
    TIM_UpdateRequestConfig                  0x0801436b   Thumb Code   148  stm32f4xx_tim.o(.text)
    TIM_ARRPreloadConfig                     0x080143ff   Thumb Code   148  stm32f4xx_tim.o(.text)
    TIM_SelectOnePulseMode                   0x08014493   Thumb Code   142  stm32f4xx_tim.o(.text)
    TIM_SetClockDivision                     0x08014521   Thumb Code   192  stm32f4xx_tim.o(.text)
    TIM_Cmd                                  0x080145e1   Thumb Code   148  stm32f4xx_tim.o(.text)
    TIM_OC1Init                              0x08014675   Thumb Code   416  stm32f4xx_tim.o(.text)
    TIM_OC2Init                              0x08014815   Thumb Code   486  stm32f4xx_tim.o(.text)
    TIM_OC3Init                              0x080149fb   Thumb Code   416  stm32f4xx_tim.o(.text)
    TIM_OC4Init                              0x08014b9b   Thumb Code   300  stm32f4xx_tim.o(.text)
    TIM_OCStructInit                         0x08014cc7   Thumb Code    20  stm32f4xx_tim.o(.text)
    TIM_SelectOCxM                           0x08014cdb   Thumb Code   256  stm32f4xx_tim.o(.text)
    TIM_SetCompare1                          0x08014ddb   Thumb Code   142  stm32f4xx_tim.o(.text)
    TIM_SetCompare2                          0x08014e69   Thumb Code    72  stm32f4xx_tim.o(.text)
    TIM_SetCompare3                          0x08014eb1   Thumb Code    60  stm32f4xx_tim.o(.text)
    TIM_SetCompare4                          0x08014eed   Thumb Code    60  stm32f4xx_tim.o(.text)
    TIM_ForcedOC1Config                      0x08014f29   Thumb Code   130  stm32f4xx_tim.o(.text)
    TIM_ForcedOC2Config                      0x08014fab   Thumb Code   114  stm32f4xx_tim.o(.text)
    TIM_ForcedOC3Config                      0x0801501d   Thumb Code    94  stm32f4xx_tim.o(.text)
    TIM_ForcedOC4Config                      0x0801507b   Thumb Code   102  stm32f4xx_tim.o(.text)
    TIM_OC1PreloadConfig                     0x080150e1   Thumb Code   124  stm32f4xx_tim.o(.text)
    TIM_OC2PreloadConfig                     0x0801515d   Thumb Code   108  stm32f4xx_tim.o(.text)
    TIM_OC3PreloadConfig                     0x080151c9   Thumb Code   136  stm32f4xx_tim.o(.text)
    TIM_OC4PreloadConfig                     0x08015251   Thumb Code    96  stm32f4xx_tim.o(.text)
    TIM_OC1FastConfig                        0x080152b1   Thumb Code   124  stm32f4xx_tim.o(.text)
    TIM_OC2FastConfig                        0x0801532d   Thumb Code   108  stm32f4xx_tim.o(.text)
    TIM_OC3FastConfig                        0x08015399   Thumb Code    88  stm32f4xx_tim.o(.text)
    TIM_OC4FastConfig                        0x080153f1   Thumb Code    96  stm32f4xx_tim.o(.text)
    TIM_ClearOC1Ref                          0x08015451   Thumb Code   124  stm32f4xx_tim.o(.text)
    TIM_ClearOC2Ref                          0x080154cd   Thumb Code   106  stm32f4xx_tim.o(.text)
    TIM_ClearOC3Ref                          0x08015537   Thumb Code    88  stm32f4xx_tim.o(.text)
    TIM_ClearOC4Ref                          0x0801558f   Thumb Code    94  stm32f4xx_tim.o(.text)
    TIM_OC1PolarityConfig                    0x080155ed   Thumb Code   174  stm32f4xx_tim.o(.text)
    TIM_OC1NPolarityConfig                   0x0801569b   Thumb Code    64  stm32f4xx_tim.o(.text)
    TIM_OC2PolarityConfig                    0x080156db   Thumb Code   108  stm32f4xx_tim.o(.text)
    TIM_OC2NPolarityConfig                   0x08015747   Thumb Code    72  stm32f4xx_tim.o(.text)
    TIM_OC3PolarityConfig                    0x0801578f   Thumb Code    96  stm32f4xx_tim.o(.text)
    TIM_OC3NPolarityConfig                   0x080157ef   Thumb Code    72  stm32f4xx_tim.o(.text)
    TIM_OC4PolarityConfig                    0x08015837   Thumb Code    96  stm32f4xx_tim.o(.text)
    TIM_CCxCmd                               0x08015897   Thumb Code   168  stm32f4xx_tim.o(.text)
    TIM_CCxNCmd                              0x0801593f   Thumb Code   104  stm32f4xx_tim.o(.text)
    TIM_SetIC4Prescaler                      0x080159a7   Thumb Code   106  stm32f4xx_tim.o(.text)
    TIM_SetIC3Prescaler                      0x08015a91   Thumb Code    98  stm32f4xx_tim.o(.text)
    TIM_SetIC2Prescaler                      0x08015b3b   Thumb Code   118  stm32f4xx_tim.o(.text)
    TIM_SetIC1Prescaler                      0x08015c01   Thumb Code   134  stm32f4xx_tim.o(.text)
    TIM_ICInit                               0x08015cc1   Thumb Code   508  stm32f4xx_tim.o(.text)
    TIM_ICStructInit                         0x08015ebd   Thumb Code    18  stm32f4xx_tim.o(.text)
    TIM_PWMIConfig                           0x08015ecf   Thumb Code   184  stm32f4xx_tim.o(.text)
    TIM_GetCapture1                          0x08015f87   Thumb Code    92  stm32f4xx_tim.o(.text)
    TIM_GetCapture2                          0x08015fe3   Thumb Code    68  stm32f4xx_tim.o(.text)
    TIM_GetCapture3                          0x08016027   Thumb Code    56  stm32f4xx_tim.o(.text)
    TIM_GetCapture4                          0x0801605f   Thumb Code    56  stm32f4xx_tim.o(.text)
    TIM_BDTRConfig                           0x08016097   Thumb Code   222  stm32f4xx_tim.o(.text)
    TIM_BDTRStructInit                       0x08016175   Thumb Code    18  stm32f4xx_tim.o(.text)
    TIM_CtrlPWMOutputs                       0x08016187   Thumb Code    78  stm32f4xx_tim.o(.text)
    TIM_SelectCOM                            0x080161d5   Thumb Code    72  stm32f4xx_tim.o(.text)
    TIM_CCPreloadControl                     0x0801621d   Thumb Code    72  stm32f4xx_tim.o(.text)
    TIM_ITConfig                             0x08016265   Thumb Code   218  stm32f4xx_tim.o(.text)
    TIM_GenerateEvent                        0x0801633f   Thumb Code   126  stm32f4xx_tim.o(.text)
    TIM_GetFlagStatus                        0x080163bd   Thumb Code   188  stm32f4xx_tim.o(.text)
    TIM_ClearFlag                            0x08016479   Thumb Code   108  stm32f4xx_tim.o(.text)
    TIM_GetITStatus                          0x080164e5   Thumb Code   186  stm32f4xx_tim.o(.text)
    TIM_ClearITPendingBit                    0x0801659f   Thumb Code   108  stm32f4xx_tim.o(.text)
    TIM_DMAConfig                            0x0801660b   Thumb Code   334  stm32f4xx_tim.o(.text)
    TIM_DMACmd                               0x08016759   Thumb Code   126  stm32f4xx_tim.o(.text)
    TIM_SelectCCDMA                          0x080167d7   Thumb Code    96  stm32f4xx_tim.o(.text)
    TIM_InternalClockConfig                  0x08016837   Thumb Code    76  stm32f4xx_tim.o(.text)
    TIM_SelectInputTrigger                   0x08016883   Thumb Code   148  stm32f4xx_tim.o(.text)
    TIM_ITRxExternalClockConfig              0x08016917   Thumb Code   110  stm32f4xx_tim.o(.text)
    TIM_TIxExternalClockConfig               0x08016985   Thumb Code   184  stm32f4xx_tim.o(.text)
    TIM_ETRConfig                            0x08016a3d   Thumb Code   164  stm32f4xx_tim.o(.text)
    TIM_ETRClockMode1Config                  0x08016ae1   Thumb Code   228  stm32f4xx_tim.o(.text)
    TIM_ETRClockMode2Config                  0x08016bc5   Thumb Code   152  stm32f4xx_tim.o(.text)
    TIM_SelectOutputTrigger                  0x08016c5d   Thumb Code   126  stm32f4xx_tim.o(.text)
    TIM_SelectSlaveMode                      0x08016cdb   Thumb Code   112  stm32f4xx_tim.o(.text)
    TIM_SelectMasterSlaveMode                0x08016d4b   Thumb Code   102  stm32f4xx_tim.o(.text)
    TIM_EncoderInterfaceConfig               0x08016db1   Thumb Code   226  stm32f4xx_tim.o(.text)
    TIM_SelectHallSensor                     0x08016e93   Thumb Code   108  stm32f4xx_tim.o(.text)
    TIM_RemapConfig                          0x08016eff   Thumb Code   138  stm32f4xx_tim.o(.text)
    USART_DeInit                             0x08016f89   Thumb Code   202  stm32f4xx_usart.o(.text)
    USART_Init                               0x08017053   Thumb Code   456  stm32f4xx_usart.o(.text)
    USART_StructInit                         0x0801721b   Thumb Code    24  stm32f4xx_usart.o(.text)
    USART_ClockInit                          0x08017233   Thumb Code   166  stm32f4xx_usart.o(.text)
    USART_ClockStructInit                    0x080172d9   Thumb Code    12  stm32f4xx_usart.o(.text)
    USART_Cmd                                0x080172e5   Thumb Code    96  stm32f4xx_usart.o(.text)
    USART_SetPrescaler                       0x08017345   Thumb Code   160  stm32f4xx_usart.o(.text)
    USART_OverSampling8Cmd                   0x080173e5   Thumb Code    98  stm32f4xx_usart.o(.text)
    USART_OneBitMethodCmd                    0x08017447   Thumb Code   100  stm32f4xx_usart.o(.text)
    USART_SendData                           0x080174ab   Thumb Code    84  stm32f4xx_usart.o(.text)
    USART_ReceiveData                        0x080174ff   Thumb Code    62  stm32f4xx_usart.o(.text)
    USART_SetAddress                         0x0801753d   Thumb Code    92  stm32f4xx_usart.o(.text)
    USART_ReceiverWakeUpCmd                  0x08017599   Thumb Code   100  stm32f4xx_usart.o(.text)
    USART_WakeUpConfig                       0x080175fd   Thumb Code    96  stm32f4xx_usart.o(.text)
    USART_LINBreakDetectLengthConfig         0x0801765d   Thumb Code    94  stm32f4xx_usart.o(.text)
    USART_LINCmd                             0x080176bb   Thumb Code   100  stm32f4xx_usart.o(.text)
    USART_SendBreak                          0x0801771f   Thumb Code    64  stm32f4xx_usart.o(.text)
    USART_HalfDuplexCmd                      0x0801775f   Thumb Code   100  stm32f4xx_usart.o(.text)
    USART_SetGuardTime                       0x080177c3   Thumb Code    86  stm32f4xx_usart.o(.text)
    USART_SmartCardCmd                       0x08017819   Thumb Code    88  stm32f4xx_usart.o(.text)
    USART_SmartCardNACKCmd                   0x08017871   Thumb Code    88  stm32f4xx_usart.o(.text)
    USART_IrDAConfig                         0x080178c9   Thumb Code    94  stm32f4xx_usart.o(.text)
    USART_IrDACmd                            0x08017927   Thumb Code   100  stm32f4xx_usart.o(.text)
    USART_DMACmd                             0x0801798b   Thumb Code   120  stm32f4xx_usart.o(.text)
    USART_ITConfig                           0x08017a03   Thumb Code   268  stm32f4xx_usart.o(.text)
    USART_GetFlagStatus                      0x08017b0f   Thumb Code   176  stm32f4xx_usart.o(.text)
    USART_ClearFlag                          0x08017bbf   Thumb Code   160  stm32f4xx_usart.o(.text)
    USART_GetITStatus                        0x08017c5f   Thumb Code   284  stm32f4xx_usart.o(.text)
    USART_ClearITPendingBit                  0x08017d7b   Thumb Code   170  stm32f4xx_usart.o(.text)
    SystemInit                               0x08017f19   Thumb Code    88  system_stm32f4xx.o(.text)
    SystemCoreClockUpdate                    0x08017f71   Thumb Code   174  system_stm32f4xx.o(.text)
    Reset_Handler                            0x0801804d   Thumb Code     8  startup_stm32f4xx.o(.text)
    HardFault_Handler                        0x08018057   Thumb Code     2  startup_stm32f4xx.o(.text)
    PendSV_Handler                           0x08018063   Thumb Code     2  startup_stm32f4xx.o(.text)
    ADC_IRQHandler                           0x08018067   Thumb Code     0  startup_stm32f4xx.o(.text)
    CAN1_RX0_IRQHandler                      0x08018067   Thumb Code     0  startup_stm32f4xx.o(.text)
    CAN1_RX1_IRQHandler                      0x08018067   Thumb Code     0  startup_stm32f4xx.o(.text)
    CAN1_SCE_IRQHandler                      0x08018067   Thumb Code     0  startup_stm32f4xx.o(.text)
    CAN1_TX_IRQHandler                       0x08018067   Thumb Code     0  startup_stm32f4xx.o(.text)
    CAN2_RX0_IRQHandler                      0x08018067   Thumb Code     0  startup_stm32f4xx.o(.text)
    CAN2_RX1_IRQHandler                      0x08018067   Thumb Code     0  startup_stm32f4xx.o(.text)
    CAN2_SCE_IRQHandler                      0x08018067   Thumb Code     0  startup_stm32f4xx.o(.text)
    CAN2_TX_IRQHandler                       0x08018067   Thumb Code     0  startup_stm32f4xx.o(.text)
    CRYP_IRQHandler                          0x08018067   Thumb Code     0  startup_stm32f4xx.o(.text)
    DCMI_IRQHandler                          0x08018067   Thumb Code     0  startup_stm32f4xx.o(.text)
    DMA1_Stream0_IRQHandler                  0x08018067   Thumb Code     0  startup_stm32f4xx.o(.text)
    DMA1_Stream1_IRQHandler                  0x08018067   Thumb Code     0  startup_stm32f4xx.o(.text)
    DMA1_Stream2_IRQHandler                  0x08018067   Thumb Code     0  startup_stm32f4xx.o(.text)
    DMA1_Stream3_IRQHandler                  0x08018067   Thumb Code     0  startup_stm32f4xx.o(.text)
    DMA1_Stream4_IRQHandler                  0x08018067   Thumb Code     0  startup_stm32f4xx.o(.text)
    DMA1_Stream5_IRQHandler                  0x08018067   Thumb Code     0  startup_stm32f4xx.o(.text)
    DMA1_Stream6_IRQHandler                  0x08018067   Thumb Code     0  startup_stm32f4xx.o(.text)
    DMA1_Stream7_IRQHandler                  0x08018067   Thumb Code     0  startup_stm32f4xx.o(.text)
    DMA2_Stream0_IRQHandler                  0x08018067   Thumb Code     0  startup_stm32f4xx.o(.text)
    DMA2_Stream1_IRQHandler                  0x08018067   Thumb Code     0  startup_stm32f4xx.o(.text)
    DMA2_Stream2_IRQHandler                  0x08018067   Thumb Code     0  startup_stm32f4xx.o(.text)
    DMA2_Stream3_IRQHandler                  0x08018067   Thumb Code     0  startup_stm32f4xx.o(.text)
    DMA2_Stream4_IRQHandler                  0x08018067   Thumb Code     0  startup_stm32f4xx.o(.text)
    DMA2_Stream5_IRQHandler                  0x08018067   Thumb Code     0  startup_stm32f4xx.o(.text)
    DMA2_Stream6_IRQHandler                  0x08018067   Thumb Code     0  startup_stm32f4xx.o(.text)
    DMA2_Stream7_IRQHandler                  0x08018067   Thumb Code     0  startup_stm32f4xx.o(.text)
    ETH_IRQHandler                           0x08018067   Thumb Code     0  startup_stm32f4xx.o(.text)
    ETH_WKUP_IRQHandler                      0x08018067   Thumb Code     0  startup_stm32f4xx.o(.text)
    EXTI0_IRQHandler                         0x08018067   Thumb Code     0  startup_stm32f4xx.o(.text)
    EXTI15_10_IRQHandler                     0x08018067   Thumb Code     0  startup_stm32f4xx.o(.text)
    EXTI1_IRQHandler                         0x08018067   Thumb Code     0  startup_stm32f4xx.o(.text)
    EXTI2_IRQHandler                         0x08018067   Thumb Code     0  startup_stm32f4xx.o(.text)
    EXTI3_IRQHandler                         0x08018067   Thumb Code     0  startup_stm32f4xx.o(.text)
    EXTI4_IRQHandler                         0x08018067   Thumb Code     0  startup_stm32f4xx.o(.text)
    FLASH_IRQHandler                         0x08018067   Thumb Code     0  startup_stm32f4xx.o(.text)
    FPU_IRQHandler                           0x08018067   Thumb Code     0  startup_stm32f4xx.o(.text)
    FSMC_IRQHandler                          0x08018067   Thumb Code     0  startup_stm32f4xx.o(.text)
    HASH_RNG_IRQHandler                      0x08018067   Thumb Code     0  startup_stm32f4xx.o(.text)
    I2C1_ER_IRQHandler                       0x08018067   Thumb Code     0  startup_stm32f4xx.o(.text)
    I2C1_EV_IRQHandler                       0x08018067   Thumb Code     0  startup_stm32f4xx.o(.text)
    I2C2_ER_IRQHandler                       0x08018067   Thumb Code     0  startup_stm32f4xx.o(.text)
    I2C2_EV_IRQHandler                       0x08018067   Thumb Code     0  startup_stm32f4xx.o(.text)
    I2C3_ER_IRQHandler                       0x08018067   Thumb Code     0  startup_stm32f4xx.o(.text)
    I2C3_EV_IRQHandler                       0x08018067   Thumb Code     0  startup_stm32f4xx.o(.text)
    OTG_FS_WKUP_IRQHandler                   0x08018067   Thumb Code     0  startup_stm32f4xx.o(.text)
    OTG_HS_EP1_IN_IRQHandler                 0x08018067   Thumb Code     0  startup_stm32f4xx.o(.text)
    OTG_HS_EP1_OUT_IRQHandler                0x08018067   Thumb Code     0  startup_stm32f4xx.o(.text)
    OTG_HS_IRQHandler                        0x08018067   Thumb Code     0  startup_stm32f4xx.o(.text)
    OTG_HS_WKUP_IRQHandler                   0x08018067   Thumb Code     0  startup_stm32f4xx.o(.text)
    PVD_IRQHandler                           0x08018067   Thumb Code     0  startup_stm32f4xx.o(.text)
    RCC_IRQHandler                           0x08018067   Thumb Code     0  startup_stm32f4xx.o(.text)
    RTC_Alarm_IRQHandler                     0x08018067   Thumb Code     0  startup_stm32f4xx.o(.text)
    RTC_WKUP_IRQHandler                      0x08018067   Thumb Code     0  startup_stm32f4xx.o(.text)
    SDIO_IRQHandler                          0x08018067   Thumb Code     0  startup_stm32f4xx.o(.text)
    SPI1_IRQHandler                          0x08018067   Thumb Code     0  startup_stm32f4xx.o(.text)
    SPI2_IRQHandler                          0x08018067   Thumb Code     0  startup_stm32f4xx.o(.text)
    SPI3_IRQHandler                          0x08018067   Thumb Code     0  startup_stm32f4xx.o(.text)
    TAMP_STAMP_IRQHandler                    0x08018067   Thumb Code     0  startup_stm32f4xx.o(.text)
    TIM1_BRK_TIM9_IRQHandler                 0x08018067   Thumb Code     0  startup_stm32f4xx.o(.text)
    TIM1_CC_IRQHandler                       0x08018067   Thumb Code     0  startup_stm32f4xx.o(.text)
    TIM1_TRG_COM_TIM11_IRQHandler            0x08018067   Thumb Code     0  startup_stm32f4xx.o(.text)
    TIM1_UP_TIM10_IRQHandler                 0x08018067   Thumb Code     0  startup_stm32f4xx.o(.text)
    TIM2_IRQHandler                          0x08018067   Thumb Code     0  startup_stm32f4xx.o(.text)
    TIM5_IRQHandler                          0x08018067   Thumb Code     0  startup_stm32f4xx.o(.text)
    TIM6_DAC_IRQHandler                      0x08018067   Thumb Code     0  startup_stm32f4xx.o(.text)
    TIM7_IRQHandler                          0x08018067   Thumb Code     0  startup_stm32f4xx.o(.text)
    TIM8_BRK_TIM12_IRQHandler                0x08018067   Thumb Code     0  startup_stm32f4xx.o(.text)
    TIM8_CC_IRQHandler                       0x08018067   Thumb Code     0  startup_stm32f4xx.o(.text)
    TIM8_TRG_COM_TIM14_IRQHandler            0x08018067   Thumb Code     0  startup_stm32f4xx.o(.text)
    TIM8_UP_TIM13_IRQHandler                 0x08018067   Thumb Code     0  startup_stm32f4xx.o(.text)
    WWDG_IRQHandler                          0x08018067   Thumb Code     0  startup_stm32f4xx.o(.text)
    usbd_init                                0x08018071   Thumb Code    22  usbd_core.o(.text)
    usbd_connect                             0x08018087   Thumb Code    12  usbd_core.o(.text)
    usbd_reset_core                          0x08018093   Thumb Code    38  usbd_core.o(.text)
    usbd_configured                          0x080180b9   Thumb Code    14  usbd_core.o(.text)
    USBD_SetupStage                          0x080180c7   Thumb Code    12  usbd_core.o(.text)
    USBD_DataInStage                         0x080180d3   Thumb Code    66  usbd_core.o(.text)
    USBD_DataOutStage                        0x08018115   Thumb Code    34  usbd_core.o(.text)
    USBD_StatusInStage                       0x08018137   Thumb Code    14  usbd_core.o(.text)
    USBD_StatusOutStage                      0x08018145   Thumb Code    12  usbd_core.o(.text)
    USBD_ReqGetStatus                        0x08018151   Thumb Code   160  usbd_core.o(.text)
    USBD_ReqSetClrFeature                    0x080181f1   Thumb Code   216  usbd_core.o(.text)
    USBD_ReqGetDescriptor                    0x080182c9   Thumb Code   380  usbd_core.o(.text)
    USBD_ReqGetConfiguration                 0x08018445   Thumb Code   122  usbd_core.o(.text)
    USBD_ReqSetConfiguration                 0x080184bf   Thumb Code   432  usbd_core.o(.text)
    USBD_ReqGetInterface                     0x0801866f   Thumb Code    60  usbd_core.o(.text)
    USBD_ReqSetInterface                     0x080186ab   Thumb Code   308  usbd_core.o(.text)
    USBD_EndPoint0                           0x080187df   Thumb Code   680  usbd_core.o(.text)
    USBD_ReqGetDescriptor_HID                0x08018aa1   Thumb Code   132  usbd_core_hid.o(.text)
    USBD_EndPoint0_Setup_HID_ReqToIF         0x08018b25   Thumb Code   200  usbd_core_hid.o(.text)
    USBD_EndPoint0_Out_HID_ReqToIF           0x08018bed   Thumb Code    44  usbd_core_hid.o(.text)
    usbd_hid_init                            0x08018c51   Thumb Code     2  usbd_hid.o(.text)
    usbd_hid_get_protocol                    0x08018c61   Thumb Code     4  usbd_hid.o(.text)
    usbd_hid_set_protocol                    0x08018c65   Thumb Code     2  usbd_hid.o(.text)
    USBD_HID_GetReport                       0x08018c67   Thumb Code    54  usbd_hid.o(.text)
    USBD_HID_SetReport                       0x08018c9d   Thumb Code    58  usbd_hid.o(.text)
    USBD_HID_GetIdle                         0x08018cd7   Thumb Code    16  usbd_hid.o(.text)
    USBD_HID_SetIdle                         0x08018ce7   Thumb Code    48  usbd_hid.o(.text)
    USBD_HID_GetProtocol                     0x08018d17   Thumb Code    14  usbd_hid.o(.text)
    USBD_HID_SetProtocol                     0x08018d25   Thumb Code    14  usbd_hid.o(.text)
    USBD_HID_EP_INTIN_Event                  0x08018d33   Thumb Code   422  usbd_hid.o(.text)
    USBD_HID_EP_INTOUT_Event                 0x08018ed9   Thumb Code   148  usbd_hid.o(.text)
    USBD_HID_Configure_Event                 0x08018f6d   Thumb Code    48  usbd_hid.o(.text)
    USBD_HID_EP_INT_Event                    0x08018f9d   Thumb Code    30  usbd_hid.o(.text)
    USBD_HID_SOF_Event                       0x08018fbb   Thumb Code   460  usbd_hid.o(.text)
    usbd_hid_get_report_trigger              0x08019187   Thumb Code   148  usbd_hid.o(.text)
    AccGyrStableCheck_Services               0x08019255   Thumb Code   512  ano_imu_calibration.o(.text)
    GetGyrAvValue                            0x08019455   Thumb Code   174  ano_imu_calibration.o(.text)
    GetAccAvValue                            0x08019503   Thumb Code   174  ano_imu_calibration.o(.text)
    ImuSensitivityInit                       0x080195f1   Thumb Code   108  ano_imu_data.o(.text)
    ImuDataGet                               0x0801965d   Thumb Code    64  ano_imu_data.o(.text)
    ImuTemperatureGet                        0x0801969d   Thumb Code    10  ano_imu_data.o(.text)
    ImuDataCalcu                             0x080196a7   Thumb Code   282  ano_imu_data.o(.text)
    ImuServices_1ms_c                        0x080197d5   Thumb Code   116  ano_imu_task.o(.text)
    ImuServices_20ms_c                       0x08019849   Thumb Code    18  ano_imu_task.o(.text)
    __aeabi_memcpy                           0x08019879   Thumb Code    36  memcpya.o(.text)
    __aeabi_memcpy4                          0x08019879   Thumb Code     0  memcpya.o(.text)
    __aeabi_memcpy8                          0x08019879   Thumb Code     0  memcpya.o(.text)
    __aeabi_dadd                             0x0801989d   Thumb Code   322  dadd.o(.text)
    __aeabi_dsub                             0x080199df   Thumb Code     6  dadd.o(.text)
    __aeabi_drsub                            0x080199e5   Thumb Code     6  dadd.o(.text)
    __aeabi_dmul                             0x080199eb   Thumb Code   228  dmul.o(.text)
    __aeabi_i2d                              0x08019acf   Thumb Code    34  dflti.o(.text)
    __aeabi_d2iz                             0x08019af1   Thumb Code    62  dfixi.o(.text)
    __aeabi_f2d                              0x08019b2f   Thumb Code    38  f2d.o(.text)
    __aeabi_cdcmpeq                          0x08019b55   Thumb Code     0  cdcmple.o(.text)
    __aeabi_cdcmple                          0x08019b55   Thumb Code    48  cdcmple.o(.text)
    __aeabi_cdrcmple                         0x08019b85   Thumb Code    48  cdrcmple.o(.text)
    __aeabi_d2f                              0x08019bb5   Thumb Code    56  d2f.o(.text)
    __aeabi_llsl                             0x08019bed   Thumb Code    30  llshl.o(.text)
    _ll_shift_l                              0x08019bed   Thumb Code     0  llshl.o(.text)
    __aeabi_llsr                             0x08019c0b   Thumb Code    32  llushr.o(.text)
    _ll_ushift_r                             0x08019c0b   Thumb Code     0  llushr.o(.text)
    __aeabi_lasr                             0x08019c2b   Thumb Code    36  llsshr.o(.text)
    _ll_sshift_r                             0x08019c2b   Thumb Code     0  llsshr.o(.text)
    __I$use$fp                               0x08019c4f   Thumb Code     0  iusefp.o(.text)
    _float_round                             0x08019c4f   Thumb Code    18  fepilogue.o(.text)
    _float_epilogue                          0x08019c61   Thumb Code    92  fepilogue.o(.text)
    _double_round                            0x08019cbd   Thumb Code    30  depilogue.o(.text)
    _double_epilogue                         0x08019cdb   Thumb Code   156  depilogue.o(.text)
    __scatterload                            0x08019d79   Thumb Code    28  init.o(.text)
    __scatterload_rt2                        0x08019d79   Thumb Code     0  init.o(.text)
    __decompress                             0x08019d9d   Thumb Code     0  __dczerorl2.o(.text)
    __decompress1                            0x08019d9d   Thumb Code    86  __dczerorl2.o(.text)
    __scatterload_copy                       0x08019df3   Thumb Code    14  handlers.o(i.__scatterload_copy)
    __scatterload_null                       0x08019e01   Thumb Code     2  handlers.o(i.__scatterload_null)
    __scatterload_zeroinit                   0x08019e03   Thumb Code    14  handlers.o(i.__scatterload_zeroinit)
    usbd_power                               0x08019e10   Data           1  usb_config.o(.constdata)
    usbd_hs_enable                           0x08019e11   Data           1  usb_config.o(.constdata)
    usbd_if_num                              0x08019e12   Data           2  usb_config.o(.constdata)
    usbd_ep_num                              0x08019e14   Data           1  usb_config.o(.constdata)
    usbd_max_packet0                         0x08019e15   Data           1  usb_config.o(.constdata)
    usbd_hid_if_num                          0x08019e16   Data           1  usb_config.o(.constdata)
    usbd_hid_ep_intin                        0x08019e17   Data           1  usb_config.o(.constdata)
    usbd_hid_ep_intout                       0x08019e18   Data           1  usb_config.o(.constdata)
    usbd_hid_interval                        0x08019e1a   Data           4  usb_config.o(.constdata)
    usbd_hid_maxpacketsize                   0x08019e1e   Data           4  usb_config.o(.constdata)
    usbd_hid_inreport_num                    0x08019e22   Data           1  usb_config.o(.constdata)
    usbd_hid_outreport_num                   0x08019e23   Data           1  usb_config.o(.constdata)
    usbd_hid_inreport_max_sz                 0x08019e24   Data           2  usb_config.o(.constdata)
    usbd_hid_outreport_max_sz                0x08019e26   Data           2  usb_config.o(.constdata)
    usbd_hid_featreport_max_sz               0x08019e28   Data           2  usb_config.o(.constdata)
    USBD_P_Power_Event                       0x08019e2c   Data           4  usb_config.o(.constdata)
    USBD_P_Reset_Event                       0x08019e30   Data           4  usb_config.o(.constdata)
    USBD_P_Suspend_Event                     0x08019e34   Data           4  usb_config.o(.constdata)
    USBD_P_Resume_Event                      0x08019e38   Data           4  usb_config.o(.constdata)
    USBD_P_WakeUp_Event                      0x08019e3c   Data           4  usb_config.o(.constdata)
    USBD_P_SOF_Event                         0x08019e40   Data           4  usb_config.o(.constdata)
    USBD_P_Error_Event                       0x08019e44   Data           4  usb_config.o(.constdata)
    USBD_P_EP                                0x08019e48   Data          64  usb_config.o(.constdata)
    USBD_P_Configure_Event                   0x08019e88   Data           4  usb_config.o(.constdata)
    USBD_P_Interface_Event                   0x08019e8c   Data           4  usb_config.o(.constdata)
    USBD_P_Feature_Event                     0x08019e90   Data           4  usb_config.o(.constdata)
    __rtx                                    0x08019e94   Data           4  usb_config.o(.constdata)
    USBD_HID_ReportDescriptor                0x08019e98   Data          33  usb_config.o(.constdata)
    USBD_HID_ReportDescriptorSize            0x08019eba   Data           2  usb_config.o(.constdata)
    USBD_HID_DescriptorOffset                0x08019ebc   Data           2  usb_config.o(.constdata)
    USBD_DeviceDescriptor                    0x08019ebe   Data          18  usb_config.o(.constdata)
    USBD_DeviceQualifier                     0x08019ed0   Data           1  usb_config.o(.constdata)
    USBD_DeviceQualifier_HS                  0x08019ed1   Data           1  usb_config.o(.constdata)
    USBD_ConfigDescriptor                    0x08019ed2   Data          42  usb_config.o(.constdata)
    USBD_ConfigDescriptor_HS                 0x08019efc   Data           1  usb_config.o(.constdata)
    USBD_OtherSpeedConfigDescriptor          0x08019efd   Data           1  usb_config.o(.constdata)
    USBD_OtherSpeedConfigDescriptor_HS       0x08019efe   Data           1  usb_config.o(.constdata)
    USBD_StringDescriptor                    0x08019f00   Data         132  usb_config.o(.constdata)
    _cs_idlist                               0x08019f84   Data          24  ano_dt.o(.constdata)
    fast_atan_table                          0x08019f9c   Data        1028  ano_math.o(.constdata)
    gps_petrol_out_config                    0x0801a3a0   Data          28  drv_gps.o(.constdata)
    gps_pvt_out_config                       0x0801a3bc   Data          90  drv_gps.o(.constdata)
    gps_rate_out_config                      0x0801a416   Data          16  drv_gps.o(.constdata)
    Enter_Send                               0x0801a426   Data           9  drv_gps.o(.constdata)
    Region$$Table$$Base                      0x0801a574   Number         0  anon$$obj.o(Region$$Table)
    Region$$Table$$Limit                     0x0801a594   Number         0  anon$$obj.o(Region$$Table)
    HID_SEND_TIMEOUT                         0x20000000   Data           1  ano_usb.o(.data)
    hid_datatemp_begin                       0x20000002   Data           2  ano_usb.o(.data)
    hid_datatemp_end                         0x20000004   Data           2  ano_usb.o(.data)
    USBD_AltSetting                          0x20000008   Data           1  usb_config.o(.data)
    USBD_HID_PollingCnt                      0x2000000a   Data           2  usb_config.o(.data)
    USBD_HID_IdleCnt                         0x2000000c   Data           1  usb_config.o(.data)
    USBD_HID_IdleReload                      0x2000000d   Data           1  usb_config.o(.data)
    USBD_HID_IdleSet                         0x2000000e   Data           1  usb_config.o(.data)
    USBD_HID_FeatReport                      0x2000000f   Data           2  usb_config.o(.data)
    of_init_type                             0x2000006d   Data           1  bsp_init.o(.data)
    unlock_f                                 0x2000006e   Data           2  ano_rc.o(.data)
    stick_fun_0                              0x20000070   Data           1  ano_rc.o(.data)
    unlock_time                              0x20000072   Data           2  ano_rc.o(.data)
    cali_gyro                                0x20000074   Data           2  ano_rc.o(.data)
    cali_acc                                 0x20000076   Data           2  ano_rc.o(.data)
    cali_surface                             0x20000078   Data           2  ano_rc.o(.data)
    cali_mag                                 0x2000007a   Data           4  ano_rc.o(.data)
    stick_fun_1                              0x2000007e   Data           1  ano_rc.o(.data)
    stick_fun_2                              0x2000007f   Data           1  ano_rc.o(.data)
    stick_fun_3                              0x20000080   Data           1  ano_rc.o(.data)
    stick_fun_4                              0x20000081   Data           1  ano_rc.o(.data)
    stick_fun_5_magcali                      0x20000082   Data           1  ano_rc.o(.data)
    opmv_ct_sta                              0x2000008d   Data           3  ano_opmv_ctrl.o(.data)
    of_buf_update_flag                       0x200000c0   Data           1  ano_of_decofusion.o(.data)
    of_rot_d_degs                            0x200000c4   Data           8  ano_of_decofusion.o(.data)
    of_fus_err                               0x200000cc   Data           8  ano_of_decofusion.o(.data)
    of_fus_err_i                             0x200000d4   Data           8  ano_of_decofusion.o(.data)
    switchs                                  0x200000f0   Data           8  ano_fcdata.o(.data)
    imu_data                                 0x20000104   Data         232  ano_imu.o(.data)
    imu_state                                0x20000220   Data          24  ano_imu.o(.data)
    ref_height_old                           0x20000258   Data           4  ano_motioncal.o(.data)
    ref_speed_old                            0x2000025c   Data           4  ano_motioncal.o(.data)
    wcz_ref_height                           0x20000260   Data           4  ano_motioncal.o(.data)
    wcz_ref_speed                            0x20000264   Data           4  ano_motioncal.o(.data)
    wcz_ref_acc                              0x20000268   Data           4  ano_motioncal.o(.data)
    flying_cnt                               0x20000296   Data           2  ano_flightctrl.o(.data)
    landing_cnt                              0x20000298   Data           2  ano_flightctrl.o(.data)
    stop_baro_hpf                            0x2000029c   Data           4  ano_flightctrl.o(.data)
    jsdata                                   0x200002ac   Data           6  ano_flightctrl.o(.data)
    speed_mode_old                           0x200002b2   Data           1  ano_flightctrl.o(.data)
    flight_mode_old                          0x200002b3   Data           1  ano_flightctrl.o(.data)
    vel_fb_d_lpf                             0x200002cc   Data           8  ano_locctrl.o(.data)
    vel_fb_h                                 0x200002d4   Data           8  ano_locctrl.o(.data)
    vel_fb_w                                 0x200002dc   Data           8  ano_locctrl.o(.data)
    vel_fb_fix_w                             0x200002e4   Data           8  ano_locctrl.o(.data)
    mag                                      0x20000304   Data           8  ano_magprocess.o(.data)
    motor                                    0x20000318   Data           8  ano_motorctrl.o(.data)
    motor_step                               0x20000320   Data           8  ano_motorctrl.o(.data)
    IDLING                                   0x2000032a   Data           2  ano_motorctrl.o(.data)
    Plane_Votage                             0x2000032c   Data           4  ano_power.o(.data)
    test_time_cnt                            0x20000338   Data           2  ano_flightdatacal.o(.data)
    baro_height                              0x20000344   Data           4  ano_flightdatacal.o(.data)
    baro_h_offset                            0x20000348   Data           4  ano_flightdatacal.o(.data)
    ref_height_get_1                         0x2000034c   Data           4  ano_flightdatacal.o(.data)
    ref_height_get_2                         0x20000350   Data           4  ano_flightdatacal.o(.data)
    ref_height_used                          0x20000354   Data           4  ano_flightdatacal.o(.data)
    baro2tof_offset                          0x20000358   Data           4  ano_flightdatacal.o(.data)
    tof2baro_offset                          0x2000035c   Data           4  ano_flightdatacal.o(.data)
    baro_fix1                                0x20000360   Data           4  ano_flightdatacal.o(.data)
    baro_fix2                                0x20000364   Data           4  ano_flightdatacal.o(.data)
    baro_fix                                 0x20000368   Data           4  ano_flightdatacal.o(.data)
    wcz_acc_use                              0x20000370   Data           4  ano_flightdatacal.o(.data)
    ref_tof_height                           0x20000374   Data           2  ano_flightdatacal.o(.data)
    led_accuracy                             0x2000037c   Data           2  drv_led.o(.data)
    LED_Brightness                           0x20000380   Data          16  drv_led.o(.data)
    AdcValue                                 0x200003a4   Data           2  drv_adc.o(.data)
    para_sta                                 0x200003a6   Data           4  ano_parameter.o(.data)
    sysTickUptime                            0x200003ac   Data           4  drv_time.o(.data)
    systime_ms                               0x200003b0   Data           4  drv_time.o(.data)
    TxCounter                                0x200003b4   Data           1  drv_usart.o(.data)
    count                                    0x200003b5   Data           1  drv_usart.o(.data)
    Tx3Counter                               0x200003b6   Data           1  drv_usart.o(.data)
    count3                                   0x200003b7   Data           1  drv_usart.o(.data)
    Tx4Counter                               0x200003b8   Data           1  drv_usart.o(.data)
    count4                                   0x200003b9   Data           1  drv_usart.o(.data)
    Tx5Counter                               0x200003ba   Data           1  drv_usart.o(.data)
    count5                                   0x200003bb   Data           1  drv_usart.o(.data)
    alt_3                                    0x200003c8   Data           4  drv_spl06.o(.data)
    baro_start                               0x200003cc   Data           1  drv_spl06.o(.data)
    OutMaxPacketSize                         0x200003d0   Data          16  usbd_stm32f4xx_fs.o(.data)
    InPacketDataPtr                          0x200003e0   Data          16  usbd_stm32f4xx_fs.o(.data)
    InPacketDataReady                        0x200003f0   Data           4  usbd_stm32f4xx_fs.o(.data)
    SyncWriteEP                              0x200003f4   Data           4  usbd_stm32f4xx_fs.o(.data)
    IsoOutTokenRead                          0x200003f8   Data           4  usbd_stm32f4xx_fs.o(.data)
    len                                      0x20000400   Data           2  drv_gps.o(.data)
    wcx_acc_use                              0x20000404   Data           4  drv_gps.o(.data)
    wcy_acc_use                              0x20000408   Data           4  drv_gps.o(.data)
    GPS_get_cnt                              0x2000040c   Data           1  drv_gps.o(.data)
    temperature_err                          0x2000041c   Data           4  drv_heating.o(.data)
    temperature_err_i                        0x20000420   Data           4  drv_heating.o(.data)
    temperature_diff                         0x20000424   Data           4  drv_heating.o(.data)
    temperature_ctrl_val                     0x20000428   Data           4  drv_heating.o(.data)
    LASER_LINKOK                             0x20000430   Data           1  drv_laser.o(.data)
    Laser_height_cm                          0x20000432   Data           2  drv_laser.o(.data)
    offline_check_time                       0x20000436   Data           2  drv_openmv.o(.data)
    of_init_cnt                              0x2000043a   Data           1  drv_up_flow.o(.data)
    of_buf_update_cnt                        0x2000043b   Data           1  drv_up_flow.o(.data)
    SystemCoreClock                          0x20000464   Data           4  system_stm32f4xx.o(.data)
    AHBPrescTable                            0x20000468   Data          16  system_stm32f4xx.o(.data)
    USBD_DeviceStatus                        0x20000478   Data           2  usbd_core.o(.data)
    USBD_DeviceAddress                       0x2000047a   Data           1  usbd_core.o(.data)
    USBD_Configuration                       0x2000047b   Data           1  usbd_core.o(.data)
    USBD_EndPointMask                        0x2000047c   Data           4  usbd_core.o(.data)
    USBD_EndPointHalt                        0x20000480   Data           4  usbd_core.o(.data)
    USBD_EndPointStall                       0x20000484   Data           4  usbd_core.o(.data)
    USBD_NumInterfaces                       0x20000488   Data           1  usbd_core.o(.data)
    USBD_HighSpeed                           0x20000489   Data           1  usbd_core.o(.data)
    USBD_ZLP                                 0x2000048a   Data           1  usbd_core.o(.data)
    USBD_EP0Data                             0x2000048c   Data           8  usbd_core.o(.data)
    USBD_SetupPacket                         0x20000494   Data           8  usbd_core.o(.data)
    USBD_HID_Protocol                        0x2000049c   Data           1  usbd_hid.o(.data)
    DataOutAsyncReq                          0x200004a0   Data           4  usbd_hid.o(.data)
    DataOutUpdateReqMask                     0x200004a4   Data           4  usbd_hid.o(.data)
    ptrDataOut                               0x200004a8   Data           4  usbd_hid.o(.data)
    DataOutToSendLen                         0x200004ac   Data           2  usbd_hid.o(.data)
    DataOutSentLen                           0x200004ae   Data           2  usbd_hid.o(.data)
    DataOutEndWithShortPacket                0x200004b0   Data           4  usbd_hid.o(.data)
    ptrDataIn                                0x200004b4   Data           4  usbd_hid.o(.data)
    DataInReceLen                            0x200004b8   Data           2  usbd_hid.o(.data)
    ptrDataFeat                              0x200004bc   Data           4  usbd_hid.o(.data)
    DataFeatReceLen                          0x200004c0   Data           2  usbd_hid.o(.data)
    st_imu_cali                              0x200004c4   Data           4  ano_imu_calibration.o(.data)
    hid_datatemp                             0x200004dc   Data        1000  ano_usb.o(.bss)
    hid_data2send                            0x200008c4   Data          64  ano_usb.o(.bss)
    USBD_EP0Buf                              0x20000908   Data          64  usb_config.o(.bss)
    USBD_HID_InReport                        0x20000948   Data          65  usb_config.o(.bss)
    USBD_HID_OutReport                       0x20000989   Data          65  usb_config.o(.bss)
    stk_usb_msc_task                         0x200009d0   Data         600  usb_config.o(.bss)
    test_dT_1000hz                           0x20000c28   Data          12  ano_scheduler.o(.bss)
    test_rT                                  0x20000c34   Data          24  ano_scheduler.o(.bss)
    program_ctrl                             0x20000c4c   Data          84  ano_flyctrl.o(.bss)
    dt                                       0x20000ca0   Data         432  ano_dt.o(.bss)
    CycleSendData                            0x20000e50   Data          64  ano_dt.o(.bss)
    OtherSendData                            0x20000e90   Data         335  ano_dt.o(.bss)
    otherDataTmp                             0x20000fdf   Data          64  ano_dt.o(.bss)
    CH_N                                     0x200010e8   Data          16  ano_rc.o(.bss)
    ano_of                                   0x200010f8   Data          60  ano_of.o(.bss)
    uwb_data                                 0x20001174   Data          60  ano_uwb.o(.bss)
    pc_user                                  0x200013b0   Data          32  ano_programctrl_user.o(.bss)
    ano_opmv_cbt_ctrl                        0x200013d0   Data          52  ano_opmv_cbtracking_ctrl.o(.bss)
    ano_opmv_lt_ctrl                         0x20001414   Data          32  ano_opmv_linetracking_ctrl.o(.bss)
    of_data                                  0x20001434   Data          10  ano_of_decofusion.o(.bss)
    of_rdf                                   0x20001440   Data          72  ano_of_decofusion.o(.bss)
    flag                                     0x20001488   Data          28  ano_fcdata.o(.bss)
    fc_stv                                   0x200014a4   Data          16  ano_fcdata.o(.bss)
    sens_hd_check                            0x200014b4   Data           9  ano_fcdata.o(.bss)
    att_matrix                               0x200014c0   Data          36  ano_imu.o(.bss)
    imu_test                                 0x20001508   Data          12  ano_imu.o(.bss)
    wcz_acc_fus                              0x20001514   Data          28  ano_motioncal.o(.bss)
    wcz_spe_fus                              0x20001530   Data          24  ano_motioncal.o(.bss)
    wcz_hei_fus                              0x20001548   Data          24  ano_motioncal.o(.bss)
    center_pos                               0x20001560   Data          60  ano_sensor_basic.o(.bss)
    sensor                                   0x2000159c   Data          60  ano_sensor_basic.o(.bss)
    sensor_val                               0x200015d8   Data          24  ano_sensor_basic.o(.bss)
    alt_arg_2                                0x20001668   Data          24  ano_altctrl.o(.bss)
    alt_val_2                                0x20001680   Data          40  ano_altctrl.o(.bss)
    alt_arg_1                                0x200016a8   Data          24  ano_altctrl.o(.bss)
    alt_val_1                                0x200016c0   Data          40  ano_altctrl.o(.bss)
    arg_2                                    0x200016e8   Data          72  ano_attctrl.o(.bss)
    arg_1                                    0x20001730   Data          72  ano_attctrl.o(.bss)
    val_2                                    0x20001778   Data         120  ano_attctrl.o(.bss)
    val_1                                    0x200017f0   Data         120  ano_attctrl.o(.bss)
    att_2l_ct                                0x20001868   Data          36  ano_attctrl.o(.bss)
    att_1l_ct                                0x2000188c   Data          28  ano_attctrl.o(.bss)
    rolling_flag                             0x200018b8   Data          24  ano_attctrl.o(.bss)
    fs                                       0x200018d0   Data          52  ano_flightctrl.o(.bss)
    loc_arg_1                                0x20001904   Data          48  ano_locctrl.o(.bss)
    loc_val_1                                0x20001934   Data          80  ano_locctrl.o(.bss)
    loc_arg_1_fix                            0x20001984   Data          48  ano_locctrl.o(.bss)
    loc_val_1_fix                            0x200019b4   Data          80  ano_locctrl.o(.bss)
    loc_ctrl_1                               0x20001a04   Data          36  ano_locctrl.o(.bss)
    loc_ctrl_2                               0x20001a28   Data          36  ano_locctrl.o(.bss)
    mc                                       0x20001a4c   Data          16  ano_motorctrl.o(.bss)
    LED_STA                                  0x20001a5c   Data          15  drv_led.o(.bss)
    Ano_Parame                               0x20001a6c   Data        4096  ano_parameter.o(.bss)
    TxBuffer                                 0x20002a6c   Data         256  drv_usart.o(.bss)
    Rx_Buf                                   0x20002b6c   Data         256  drv_usart.o(.bss)
    Tx3Buffer                                0x20002c6c   Data         256  drv_usart.o(.bss)
    Tx4Buffer                                0x20002d6c   Data         256  drv_usart.o(.bss)
    Tx5Buffer                                0x20002e6c   Data         256  drv_usart.o(.bss)
    spl_data                                 0x20002f98   Data          20  drv_spl06.o(.bss)
    HID_IntInPacketData                      0x20002fb8   Data          64  usbd_stm32f4xx_fs.o(.bss)
    IsoOutPacketDataPtr                      0x20002ff8   Data          16  usbd_stm32f4xx_fs.o(.bss)
    InPacketDataCnt                          0x20003008   Data          16  usbd_stm32f4xx_fs.o(.bss)
    IsoOutPacketDataCnt                      0x20003018   Data          16  usbd_stm32f4xx_fs.o(.bss)
    Gps_information                          0x20003028   Data         112  drv_gps.o(.bss)
    GPS_data_buff                            0x20003098   Data         100  drv_gps.o(.bss)
    ext_sens                                 0x200030fc   Data          23  drv_gps.o(.bss)
    temperature_fb                           0x20003114   Data          12  drv_heating.o(.bss)
    openmv_buf                               0x20003120   Data          20  drv_openmv.o(.bss)
    opmv                                     0x20003134   Data          26  drv_openmv.o(.bss)
    OF_DATA                                  0x2000314e   Data          14  drv_up_flow.o(.bss)
    st_bmi_data                              0x2000316a   Data          14  drv_bmi088.o(.bss)
    rc_in                                    0x20003178   Data          82  drv_bsp.o(.bss)
    st_imuData                               0x2000322c   Data         152  ano_imu_data.o(.bss)
    test_st                                  0x200032c4   Data          16  ano_imu_data.o(.bss)
    __initial_sp                             0x20003ad8   Data           0  startup_stm32f4xx.o(STACK)



==============================================================================

Memory Map of the image

  Image Entry point : 0x08000189

  Load Region LR_IROM1 (Base: 0x08000000, Size: 0x0001aa70, Max: 0x00100000, ABSOLUTE, COMPRESSED[0x0001a608])

    Execution Region ER_IROM1 (Exec base: 0x08000000, Load base: 0x08000000, Size: 0x0001a594, Max: 0x00100000, ABSOLUTE)

    Exec Addr    Load Addr    Size         Type   Attr      Idx    E Section Name        Object

    0x08000000   0x08000000   0x00000188   Data   RO         1888    RESET               startup_stm32f4xx.o
    0x08000188   0x08000188   0x00000000   Code   RO         2041  * .ARM.Collect$$$$00000000  mc_w.l(entry.o)
    0x08000188   0x08000188   0x00000004   Code   RO         2064    .ARM.Collect$$$$00000001  mc_w.l(entry2.o)
    0x0800018c   0x0800018c   0x00000004   Code   RO         2067    .ARM.Collect$$$$00000004  mc_w.l(entry5.o)
    0x08000190   0x08000190   0x00000000   Code   RO         2069    .ARM.Collect$$$$00000008  mc_w.l(entry7b.o)
    0x08000190   0x08000190   0x00000000   Code   RO         2071    .ARM.Collect$$$$0000000A  mc_w.l(entry8b.o)
    0x08000190   0x08000190   0x00000008   Code   RO         2072    .ARM.Collect$$$$0000000B  mc_w.l(entry9a.o)
    0x08000198   0x08000198   0x00000000   Code   RO         2074    .ARM.Collect$$$$0000000D  mc_w.l(entry10a.o)
    0x08000198   0x08000198   0x00000000   Code   RO         2076    .ARM.Collect$$$$0000000F  mc_w.l(entry11a.o)
    0x08000198   0x08000198   0x00000004   Code   RO         2065    .ARM.Collect$$$$00002712  mc_w.l(entry2.o)
    0x0800019c   0x0800019c   0x0000005e   Code   RO            2    .text               stm32f4xx_it.o
    0x080001fa   0x080001fa   0x00000002   PAD
    0x080001fc   0x080001fc   0x00000198   Code   RO          148    .text               ano_usb.o
    0x08000394   0x08000394   0x00000052   Code   RO          225    .text               usb_config.o
    0x080003e6   0x080003e6   0x00000002   PAD
    0x080003e8   0x080003e8   0x0000001c   Code   RO          249    .text               main.o
    0x08000404   0x08000404   0x00000204   Code   RO          265    .text               ano_scheduler.o
    0x08000608   0x08000608   0x0000098c   Code   RO          390    .text               ano_flyctrl.o
    0x08000f94   0x08000f94   0x00000114   Code   RO          417    .text               bsp_init.o
    0x080010a8   0x080010a8   0x00001068   Code   RO          475    .text               ano_dt.o
    0x08002110   0x08002110   0x00000554   Code   RO          503    .text               ano_rc.o
    0x08002664   0x08002664   0x00000354   Code   RO          527    .text               ano_of.o
    0x080029b8   0x080029b8   0x000002dc   Code   RO          550    .text               ano_uwb.o
    0x08002c94   0x08002c94   0x000000d0   Code   RO          573    .text               ano_programctrl_user.o
    0x08002d64   0x08002d64   0x000000f4   Code   RO          595    .text               ano_opmv_ctrl.o
    0x08002e58   0x08002e58   0x00000478   Code   RO          621    .text               ano_opmv_cbtracking_ctrl.o
    0x080032d0   0x080032d0   0x00000574   Code   RO          644    .text               ano_opmv_linetracking_ctrl.o
    0x08003844   0x08003844   0x000005c4   Code   RO          667    .text               ano_of_decofusion.o
    0x08003e08   0x08003e08   0x00000028   Code   RO          694    .text               ano_fcdata.o
    0x08003e30   0x08003e30   0x00000844   Code   RO          721    .text               ano_filter.o
    0x08004674   0x08004674   0x00000ba0   Code   RO          748    .text               ano_imu.o
    0x08005214   0x08005214   0x000008d4   Code   RO          791    .text               ano_math.o
    0x08005ae8   0x08005ae8   0x000001fc   Code   RO          810    .text               ano_motioncal.o
    0x08005ce4   0x08005ce4   0x00000120   Code   RO          857    .text               ano_pid.o
    0x08005e04   0x08005e04   0x00000214   Code   RO          876    .text               ano_sensor_basic.o
    0x08006018   0x08006018   0x000005d4   Code   RO          898    .text               ano_altctrl.o
    0x080065ec   0x080065ec   0x00000a54   Code   RO          941    .text               ano_attctrl.o
    0x08007040   0x08007040   0x000008ac   Code   RO          972    .text               ano_flightctrl.o
    0x080078ec   0x080078ec   0x00000db8   Code   RO         1013    .text               ano_locctrl.o
    0x080086a4   0x080086a4   0x000004b0   Code   RO         1036    .text               ano_magprocess.o
    0x08008b54   0x08008b54   0x00000210   Code   RO         1062    .text               ano_motorctrl.o
    0x08008d64   0x08008d64   0x0000021c   Code   RO         1093    .text               ano_power.o
    0x08008f80   0x08008f80   0x0000036c   Code   RO         1115    .text               ano_flightdatacal.o
    0x080092ec   0x080092ec   0x00000654   Code   RO         1139    .text               drv_led.o
    0x08009940   0x08009940   0x00000124   Code   RO         1174    .text               drv_adc.o
    0x08009a64   0x08009a64   0x00001468   Code   RO         1196    .text               ano_parameter.o
    0x0800aecc   0x0800aecc   0x00000130   Code   RO         1219    .text               drv_spi.o
    0x0800affc   0x0800affc   0x0000031c   Code   RO         1238    .text               drv_pwm_out.o
    0x0800b318   0x0800b318   0x000001b8   Code   RO         1257    .text               drv_time.o
    0x0800b4d0   0x0800b4d0   0x0000067c   Code   RO         1287    .text               drv_usart.o
    0x0800bb4c   0x0800bb4c   0x00000104   Code   RO         1322    .text               drv_ak8975.o
    0x0800bc50   0x0800bc50   0x00000700   Code   RO         1368    .text               drv_spl06.o
    0x0800c350   0x0800c350   0x000003c8   Code   RO         1391    .text               drv_w25qxx.o
    0x0800c718   0x0800c718   0x000012b8   Code   RO         1416    .text               usbd_stm32f4xx_fs.o
    0x0800d9d0   0x0800d9d0   0x00000714   Code   RO         1443    .text               drv_gps.o
    0x0800e0e4   0x0800e0e4   0x00000390   Code   RO         1472    .text               drv_heating.o
    0x0800e474   0x0800e474   0x000001dc   Code   RO         1518    .text               drv_openmv.o
    0x0800e650   0x0800e650   0x00000224   Code   RO         1541    .text               drv_up_flow.o
    0x0800e874   0x0800e874   0x000002a4   Code   RO         1569    .text               drv_bmi088.o
    0x0800eb18   0x0800eb18   0x00000460   Code   RO         1596    .text               drv_bsp.o
    0x0800ef78   0x0800ef78   0x000001e0   Code   RO         1622    .text               drv_rcin.o
    0x0800f158   0x0800f158   0x000001ec   Code   RO         1639    .text               misc.o
    0x0800f344   0x0800f344   0x0000107c   Code   RO         1655    .text               stm32f4xx_adc.o
    0x080103c0   0x080103c0   0x000013cc   Code   RO         1687    .text               stm32f4xx_dma.o
    0x0801178c   0x0801178c   0x0000030c   Code   RO         1703    .text               stm32f4xx_exti.o
    0x08011a98   0x08011a98   0x00000916   Code   RO         1735    .text               stm32f4xx_gpio.o
    0x080123ae   0x080123ae   0x00000002   PAD
    0x080123b0   0x080123b0   0x00000d7c   Code   RO         1783    .text               stm32f4xx_rcc.o
    0x0801312c   0x0801312c   0x00000bc8   Code   RO         1801    .text               stm32f4xx_spi.o
    0x08013cf4   0x08013cf4   0x00003294   Code   RO         1833    .text               stm32f4xx_tim.o
    0x08016f88   0x08016f88   0x00000eb4   Code   RO         1849    .text               stm32f4xx_usart.o
    0x08017e3c   0x08017e3c   0x00000210   Code   RO         1865    .text               system_stm32f4xx.o
    0x0801804c   0x0801804c   0x00000024   Code   RO         1889    .text               startup_stm32f4xx.o
    0x08018070   0x08018070   0x00000a30   Code   RO         1894    .text               usbd_core.o
    0x08018aa0   0x08018aa0   0x000001b0   Code   RO         1935    .text               usbd_core_hid.o
    0x08018c50   0x08018c50   0x00000604   Code   RO         1947    .text               usbd_hid.o
    0x08019254   0x08019254   0x0000039c   Code   RO         1963    .text               ano_imu_calibration.o
    0x080195f0   0x080195f0   0x000001e4   Code   RO         1989    .text               ano_imu_data.o
    0x080197d4   0x080197d4   0x000000a4   Code   RO         2011    .text               ano_imu_task.o
    0x08019878   0x08019878   0x00000024   Code   RO         2044    .text               mc_w.l(memcpya.o)
    0x0801989c   0x0801989c   0x0000014e   Code   RO         2048    .text               mf_w.l(dadd.o)
    0x080199ea   0x080199ea   0x000000e4   Code   RO         2050    .text               mf_w.l(dmul.o)
    0x08019ace   0x08019ace   0x00000022   Code   RO         2052    .text               mf_w.l(dflti.o)
    0x08019af0   0x08019af0   0x0000003e   Code   RO         2054    .text               mf_w.l(dfixi.o)
    0x08019b2e   0x08019b2e   0x00000026   Code   RO         2056    .text               mf_w.l(f2d.o)
    0x08019b54   0x08019b54   0x00000030   Code   RO         2058    .text               mf_w.l(cdcmple.o)
    0x08019b84   0x08019b84   0x00000030   Code   RO         2060    .text               mf_w.l(cdrcmple.o)
    0x08019bb4   0x08019bb4   0x00000038   Code   RO         2062    .text               mf_w.l(d2f.o)
    0x08019bec   0x08019bec   0x0000001e   Code   RO         2078    .text               mc_w.l(llshl.o)
    0x08019c0a   0x08019c0a   0x00000020   Code   RO         2080    .text               mc_w.l(llushr.o)
    0x08019c2a   0x08019c2a   0x00000024   Code   RO         2082    .text               mc_w.l(llsshr.o)
    0x08019c4e   0x08019c4e   0x00000000   Code   RO         2084    .text               mc_w.l(iusefp.o)
    0x08019c4e   0x08019c4e   0x0000006e   Code   RO         2085    .text               mf_w.l(fepilogue.o)
    0x08019cbc   0x08019cbc   0x000000ba   Code   RO         2087    .text               mf_w.l(depilogue.o)
    0x08019d76   0x08019d76   0x00000002   PAD
    0x08019d78   0x08019d78   0x00000024   Code   RO         2089    .text               mc_w.l(init.o)
    0x08019d9c   0x08019d9c   0x00000056   Code   RO         2099    .text               mc_w.l(__dczerorl2.o)
    0x08019df2   0x08019df2   0x0000000e   Code   RO         2093    i.__scatterload_copy  mc_w.l(handlers.o)
    0x08019e00   0x08019e00   0x00000002   Code   RO         2094    i.__scatterload_null  mc_w.l(handlers.o)
    0x08019e02   0x08019e02   0x0000000e   Code   RO         2095    i.__scatterload_zeroinit  mc_w.l(handlers.o)
    0x08019e10   0x08019e10   0x00000174   Data   RO          227    .constdata          usb_config.o
    0x08019f84   0x08019f84   0x00000018   Data   RO          477    .constdata          ano_dt.o
    0x08019f9c   0x08019f9c   0x00000404   Data   RO          792    .constdata          ano_math.o
    0x0801a3a0   0x0801a3a0   0x0000008f   Data   RO         1445    .constdata          drv_gps.o
    0x0801a42f   0x0801a42f   0x00000142   Data   RO         1543    .constdata          drv_up_flow.o
    0x0801a571   0x0801a571   0x00000003   PAD
    0x0801a574   0x0801a574   0x00000020   Data   RO         2091    Region$$Table       anon$$obj.o


    Execution Region RW_IRAM1 (Exec base: 0x20000000, Load base: 0x0801a594, Size: 0x00003ad8, Max: 0x00020000, ABSOLUTE, COMPRESSED[0x00000074])

    Exec Addr    Load Addr    Size         Type   Attr      Idx    E Section Name        Object

    0x20000000   COMPRESSED   0x00000007   Data   RW          150    .data               ano_usb.o
    0x20000007   COMPRESSED   0x00000001   PAD
    0x20000008   COMPRESSED   0x00000009   Data   RW          228    .data               usb_config.o
    0x20000011   COMPRESSED   0x00000003   PAD
    0x20000014   COMPRESSED   0x00000054   Data   RW          267    .data               ano_scheduler.o
    0x20000068   COMPRESSED   0x00000005   Data   RW          392    .data               ano_flyctrl.o
    0x2000006d   COMPRESSED   0x00000001   Data   RW          418    .data               bsp_init.o
    0x2000006e   COMPRESSED   0x00000015   Data   RW          505    .data               ano_rc.o
    0x20000083   COMPRESSED   0x00000003   Data   RW          529    .data               ano_of.o
    0x20000086   COMPRESSED   0x00000007   Data   RW          552    .data               ano_uwb.o
    0x2000008d   COMPRESSED   0x00000003   Data   RW          596    .data               ano_opmv_ctrl.o
    0x20000090   COMPRESSED   0x00000014   Data   RW          623    .data               ano_opmv_cbtracking_ctrl.o
    0x200000a4   COMPRESSED   0x0000001c   Data   RW          646    .data               ano_opmv_linetracking_ctrl.o
    0x200000c0   COMPRESSED   0x00000030   Data   RW          669    .data               ano_of_decofusion.o
    0x200000f0   COMPRESSED   0x00000008   Data   RW          696    .data               ano_fcdata.o
    0x200000f8   COMPRESSED   0x0000000c   Data   RW          722    .data               ano_filter.o
    0x20000104   COMPRESSED   0x00000154   Data   RW          750    .data               ano_imu.o
    0x20000258   COMPRESSED   0x00000019   Data   RW          812    .data               ano_motioncal.o
    0x20000271   COMPRESSED   0x00000003   PAD
    0x20000274   COMPRESSED   0x0000000e   Data   RW          900    .data               ano_altctrl.o
    0x20000282   COMPRESSED   0x00000002   PAD
    0x20000284   COMPRESSED   0x00000010   Data   RW          943    .data               ano_attctrl.o
    0x20000294   COMPRESSED   0x0000002c   Data   RW          974    .data               ano_flightctrl.o
    0x200002c0   COMPRESSED   0x00000036   Data   RW         1015    .data               ano_locctrl.o
    0x200002f6   COMPRESSED   0x00000002   PAD
    0x200002f8   COMPRESSED   0x00000020   Data   RW         1037    .data               ano_magprocess.o
    0x20000318   COMPRESSED   0x00000014   Data   RW         1064    .data               ano_motorctrl.o
    0x2000032c   COMPRESSED   0x0000000c   Data   RW         1094    .data               ano_power.o
    0x20000338   COMPRESSED   0x00000041   Data   RW         1116    .data               ano_flightdatacal.o
    0x20000379   COMPRESSED   0x00000003   PAD
    0x2000037c   COMPRESSED   0x00000027   Data   RW         1141    .data               drv_led.o
    0x200003a3   COMPRESSED   0x00000001   PAD
    0x200003a4   COMPRESSED   0x00000002   Data   RW         1175    .data               drv_adc.o
    0x200003a6   COMPRESSED   0x00000004   Data   RW         1198    .data               ano_parameter.o
    0x200003aa   COMPRESSED   0x00000002   PAD
    0x200003ac   COMPRESSED   0x00000008   Data   RW         1258    .data               drv_time.o
    0x200003b4   COMPRESSED   0x00000008   Data   RW         1289    .data               drv_usart.o
    0x200003bc   COMPRESSED   0x00000006   Data   RW         1323    .data               drv_ak8975.o
    0x200003c2   COMPRESSED   0x00000002   PAD
    0x200003c4   COMPRESSED   0x0000000b   Data   RW         1370    .data               drv_spl06.o
    0x200003cf   COMPRESSED   0x00000001   PAD
    0x200003d0   COMPRESSED   0x00000030   Data   RW         1418    .data               usbd_stm32f4xx_fs.o
    0x20000400   COMPRESSED   0x00000019   Data   RW         1446    .data               drv_gps.o
    0x20000419   COMPRESSED   0x00000003   PAD
    0x2000041c   COMPRESSED   0x00000013   Data   RW         1474    .data               drv_heating.o
    0x2000042f   COMPRESSED   0x00000001   PAD
    0x20000430   COMPRESSED   0x00000006   Data   RW         1497    .data               drv_laser.o
    0x20000436   COMPRESSED   0x00000004   Data   RW         1520    .data               drv_openmv.o
    0x2000043a   COMPRESSED   0x00000004   Data   RW         1544    .data               drv_up_flow.o
    0x2000043e   COMPRESSED   0x00000002   Data   RW         1571    .data               drv_bmi088.o
    0x20000440   COMPRESSED   0x0000000e   Data   RW         1598    .data               drv_bsp.o
    0x2000044e   COMPRESSED   0x00000004   Data   RW         1623    .data               drv_rcin.o
    0x20000452   COMPRESSED   0x00000010   Data   RW         1784    .data               stm32f4xx_rcc.o
    0x20000462   COMPRESSED   0x00000002   PAD
    0x20000464   COMPRESSED   0x00000014   Data   RW         1866    .data               system_stm32f4xx.o
    0x20000478   COMPRESSED   0x00000024   Data   RW         1895    .data               usbd_core.o
    0x2000049c   COMPRESSED   0x00000027   Data   RW         1948    .data               usbd_hid.o
    0x200004c3   COMPRESSED   0x00000001   PAD
    0x200004c4   COMPRESSED   0x00000018   Data   RW         1965    .data               ano_imu_calibration.o
    0x200004dc        -       0x00000428   Zero   RW          149    .bss                ano_usb.o
    0x20000904   COMPRESSED   0x00000004   PAD
    0x20000908        -       0x00000320   Zero   RW          226    .bss                usb_config.o
    0x20000c28        -       0x00000024   Zero   RW          266    .bss                ano_scheduler.o
    0x20000c4c        -       0x00000054   Zero   RW          391    .bss                ano_flyctrl.o
    0x20000ca0        -       0x00000448   Zero   RW          476    .bss                ano_dt.o
    0x200010e8        -       0x00000010   Zero   RW          504    .bss                ano_rc.o
    0x200010f8        -       0x0000007c   Zero   RW          528    .bss                ano_of.o
    0x20001174        -       0x0000023c   Zero   RW          551    .bss                ano_uwb.o
    0x200013b0        -       0x00000020   Zero   RW          574    .bss                ano_programctrl_user.o
    0x200013d0        -       0x00000044   Zero   RW          622    .bss                ano_opmv_cbtracking_ctrl.o
    0x20001414        -       0x00000020   Zero   RW          645    .bss                ano_opmv_linetracking_ctrl.o
    0x20001434        -       0x00000054   Zero   RW          668    .bss                ano_of_decofusion.o
    0x20001488        -       0x00000035   Zero   RW          695    .bss                ano_fcdata.o
    0x200014bd   COMPRESSED   0x00000003   PAD
    0x200014c0        -       0x00000054   Zero   RW          749    .bss                ano_imu.o
    0x20001514        -       0x0000004c   Zero   RW          811    .bss                ano_motioncal.o
    0x20001560        -       0x00000108   Zero   RW          877    .bss                ano_sensor_basic.o
    0x20001668        -       0x00000080   Zero   RW          899    .bss                ano_altctrl.o
    0x200016e8        -       0x000001e8   Zero   RW          942    .bss                ano_attctrl.o
    0x200018d0        -       0x00000034   Zero   RW          973    .bss                ano_flightctrl.o
    0x20001904        -       0x00000148   Zero   RW         1014    .bss                ano_locctrl.o
    0x20001a4c        -       0x00000010   Zero   RW         1063    .bss                ano_motorctrl.o
    0x20001a5c        -       0x0000000f   Zero   RW         1140    .bss                drv_led.o
    0x20001a6b   COMPRESSED   0x00000001   PAD
    0x20001a6c        -       0x00001000   Zero   RW         1197    .bss                ano_parameter.o
    0x20002a6c        -       0x00000500   Zero   RW         1288    .bss                drv_usart.o
    0x20002f6c        -       0x00000040   Zero   RW         1369    .bss                drv_spl06.o
    0x20002fac        -       0x0000000c   Zero   RW         1392    .bss                drv_w25qxx.o
    0x20002fb8        -       0x00000070   Zero   RW         1417    .bss                usbd_stm32f4xx_fs.o
    0x20003028        -       0x000000eb   Zero   RW         1444    .bss                drv_gps.o
    0x20003113   COMPRESSED   0x00000001   PAD
    0x20003114        -       0x0000000c   Zero   RW         1473    .bss                drv_heating.o
    0x20003120        -       0x0000002e   Zero   RW         1519    .bss                drv_openmv.o
    0x2000314e        -       0x0000001c   Zero   RW         1542    .bss                drv_up_flow.o
    0x2000316a        -       0x0000000e   Zero   RW         1570    .bss                drv_bmi088.o
    0x20003178        -       0x0000006b   Zero   RW         1597    .bss                drv_bsp.o
    0x200031e3   COMPRESSED   0x00000001   PAD
    0x200031e4        -       0x00000048   Zero   RW         1964    .bss                ano_imu_calibration.o
    0x2000322c        -       0x000000a8   Zero   RW         1990    .bss                ano_imu_data.o
    0x200032d4   COMPRESSED   0x00000004   PAD
    0x200032d8        -       0x00000800   Zero   RW         1886    STACK               startup_stm32f4xx.o


==============================================================================

Image component sizes


      Code (inc. data)   RO Data    RW Data    ZI Data      Debug   Object Name

      1492        138          0         14        128       2452   ano_altctrl.o
      2644        172          0         16        488       4937   ano_attctrl.o
      4200        140         24          0       1096      10520   ano_dt.o
        40         10          0          8         53       3239   ano_fcdata.o
      2116         26          0         12          0       7835   ano_filter.o
      2220        244          0         44         52       6109   ano_flightctrl.o
       876        142          0         65          0       3431   ano_flightdatacal.o
      2444        382          0          5         84       3578   ano_flyctrl.o
      2976        182          0        340         84       7555   ano_imu.o
       924         64          0         24         72       3803   ano_imu_calibration.o
       484         20          0          0        168       3484   ano_imu_data.o
       164         30          0          0          0        755   ano_imu_task.o
      3512        288          0         54        328       4078   ano_locctrl.o
      1200         92          0         32          0       3647   ano_magprocess.o
      2260        146       1028          0          0       8492   ano_math.o
       508         64          0         25         76       1851   ano_motioncal.o
       528         32          0         20         16       2427   ano_motorctrl.o
       852         40          0          3        124       3358   ano_of.o
      1476        124          0         48         84       4895   ano_of_decofusion.o
      1144         82          0         20         68       4010   ano_opmv_cbtracking_ctrl.o
       244         34          0          3          0       1479   ano_opmv_ctrl.o
      1396        116          0         28         32       4252   ano_opmv_linetracking_ctrl.o
      5224        310          0          4       4096       8659   ano_parameter.o
       288          4          0          0          0       2076   ano_pid.o
       540         62          0         12          0       1130   ano_power.o
       208         26          0          0         32       2167   ano_programctrl_user.o
      1364        166          0         21         16       4952   ano_rc.o
       516         34          0         84         36       3917   ano_scheduler.o
       532         46          0          0        264       3542   ano_sensor_basic.o
       408         24          0          7       1064      15566   ano_usb.o
       732         48          0          7        572       3132   ano_uwb.o
       276         36          0          1          0       1406   bsp_init.o
       292         18          0          2          0       1621   drv_adc.o
       260         10          0          6          0       2063   drv_ak8975.o
       676         28          0          2         14       4137   drv_bmi088.o
      1120         54          0         14        107       3549   drv_bsp.o
      1812        102        143         25        235       5871   drv_gps.o
       912        174          0         19         12       2549   drv_heating.o
         0          0          0          6          0       1309   drv_laser.o
      1620         72          0         39         15       5039   drv_led.o
       476         22          0          4         46       3076   drv_openmv.o
       796         38          0          0          0       1974   drv_pwm_out.o
       480         20          0          4          0       1472   drv_rcin.o
       304         10          0          0          0       1867   drv_spi.o
      1792         58          0         11         64       5993   drv_spl06.o
       440         18          0          8          0      22242   drv_time.o
       548         28        322          4         28       2303   drv_up_flow.o
      1660         92          0          8       1280       5378   drv_usart.o
       968         14          0          0         12       5565   drv_w25qxx.o
        28          4          0          0          0       1173   main.o
       492         74          0          0          0       2309   misc.o
        36          8        392          0       2048        952   startup_stm32f4xx.o
      4220        148          0          0          0      13618   stm32f4xx_adc.o
      5068        352          0          0          0       9229   stm32f4xx_dma.o
       780         70          0          0          0       2987   stm32f4xx_exti.o
      2326        132          0          0          0       5685   stm32f4xx_gpio.o
        94          0          0          0          0     307470   stm32f4xx_it.o
      3452        262          0         16          0      13871   stm32f4xx_rcc.o
      3016        118          0          0          0       8813   stm32f4xx_spi.o
     12948        670          0          0          0      31476   stm32f4xx_tim.o
      3764        164          0          0          0      10364   stm32f4xx_usart.o
       528         46          0         20          0       2267   system_stm32f4xx.o
        82          0        372          9        800      15898   usb_config.o
      2608        202          0         36          0       8320   usbd_core.o
       432         68          0          0          0       1896   usbd_core_hid.o
      1540        184          0         39          0       6247   usbd_hid.o
      4792        220          0         48        112      27661   usbd_stm32f4xx_fs.o

    ----------------------------------------------------------------------
    104156       6804       2316       1244      13820     688978   Object Totals
         0          0         32          0          0          0   (incl. Generated)
         6          0          3         27         14          0   (incl. Padding)

    ----------------------------------------------------------------------

      Code (inc. data)   RO Data    RW Data    ZI Data      Debug   Library Member Name

        86          0          0          0          0          0   __dczerorl2.o
         0          0          0          0          0          0   entry.o
         0          0          0          0          0          0   entry10a.o
         0          0          0          0          0          0   entry11a.o
         8          4          0          0          0          0   entry2.o
         4          0          0          0          0          0   entry5.o
         0          0          0          0          0          0   entry7b.o
         0          0          0          0          0          0   entry8b.o
         8          4          0          0          0          0   entry9a.o
        30          0          0          0          0          0   handlers.o
        36          8          0          0          0         68   init.o
         0          0          0          0          0          0   iusefp.o
        30          0          0          0          0         68   llshl.o
        36          0          0          0          0         68   llsshr.o
        32          0          0          0          0         68   llushr.o
        36          0          0          0          0         68   memcpya.o
        48          0          0          0          0         68   cdcmple.o
        48          0          0          0          0         68   cdrcmple.o
        56          0          0          0          0         88   d2f.o
       334          0          0          0          0        148   dadd.o
       186          0          0          0          0        176   depilogue.o
        62          0          0          0          0         80   dfixi.o
        34          0          0          0          0         76   dflti.o
       228          0          0          0          0         96   dmul.o
        38          0          0          0          0         68   f2d.o
       110          0          0          0          0        168   fepilogue.o

    ----------------------------------------------------------------------
      1452         16          0          0          0       1376   Library Totals
         2          0          0          0          0          0   (incl. Padding)

    ----------------------------------------------------------------------

      Code (inc. data)   RO Data    RW Data    ZI Data      Debug   Library Name

       306         16          0          0          0        340   mc_w.l
      1144          0          0          0          0       1036   mf_w.l

    ----------------------------------------------------------------------
      1452         16          0          0          0       1376   Library Totals

    ----------------------------------------------------------------------

==============================================================================


      Code (inc. data)   RO Data    RW Data    ZI Data      Debug   

    105608       6820       2316       1244      13820     677114   Grand Totals
    105608       6820       2316        116      13820     677114   ELF Image Totals (compressed)
    105608       6820       2316        116          0          0   ROM Totals

==============================================================================

    Total RO  Size (Code + RO Data)               107924 ( 105.39kB)
    Total RW  Size (RW Data + ZI Data)             15064 (  14.71kB)
    Total ROM Size (Code + RO Data + RW Data)     108040 ( 105.51kB)

==============================================================================

