<html>
<body>
<pre>
<h1>µVision Build Log</h1>
<h2>Tool Versions:</h2>
IDE-Version: ¦ÌVision V5.21.1.0
Copyright (C) 2016 ARM Ltd and ARM Germany GmbH. All rights reserved.
License Information: w hekdh, w, LIC=RC93N-YHBCN-II35V-PZW2J-IVFYI-TV153
 
Tool Versions:
Toolchain:       MDK-ARM Plus  Version: 5.21a
Toolchain Path:  D:\mdk5\ARM\ARMCC\Bin
C Compiler:      Armcc.exe V5.06 update 3 (build 300)
Assembler:       Armasm.exe V5.06 update 3 (build 300)
Linker/Locator:  ArmLink.exe V5.06 update 3 (build 300)
Library Manager: ArmAr.exe V5.06 update 3 (build 300)
Hex Converter:   FromElf.exe V5.06 update 3 (build 300)
CPU DLL:         SARMCM3.DLL V5.21a
Dialog DLL:      DCM.DLL V1.13.8.0
Target DLL:      Segger\JL2CM3.dll V2.99.23.0
Dialog DLL:      TCM.DLL V1.14.14.0
 
<h2>Project:</h2>
D:\old\p2\Identify-color-turn\ANO_Pioneer.uvprojx
Project File Date:  05/24/2021

<h2>Output:</h2>
*** Using Compiler 'V5.06 update 3 (build 300)', folder: 'D:\mdk5\ARM\ARMCC\Bin'
Build target 'Ano_Pioneer'
compiling Drv_ultrasonic.c...
SRC\drivers\Drv_ultrasonic.h(12): warning:  #1295-D: Deprecated declaration ct_state_task - give arg types
  void ct_state_task();
SRC\drivers\Drv_ultrasonic.c(91): warning:  #177-D: variable "state_loss" was declared but never referenced
  	static u8 state_loss=0;
SRC\drivers\Drv_ultrasonic.c: 2 warnings, 0 errors
compiling Drv_usart.c...
SRC\drivers\Drv_ultrasonic.h(12): warning:  #1295-D: Deprecated declaration ct_state_task - give arg types
  void ct_state_task();
SRC\drivers\Drv_usart.c(234): warning:  #177-D: function "Usart3_Send" was declared but never referenced
  static void Usart3_Send ( unsigned char *DataToSend , u8 data_num )
SRC\drivers\Drv_usart.c: 2 warnings, 0 errors
compiling Ano_DT.c...
.\SRC\drivers\Drv_ultrasonic.h(12): warning:  #1295-D: Deprecated declaration ct_state_task - give arg types
  void ct_state_task();
SRC\applications\Ano_DT.c(656): warning:  #177-D: function "WritePar" was declared but never referenced
  static void WritePar(u16 p_id, s32 p_val)
SRC\applications\Ano_DT.c: 2 warnings, 0 errors
compiling Ano_Scheduler.c...
.\SRC\drivers\Drv_ultrasonic.h(12): warning:  #1295-D: Deprecated declaration ct_state_task - give arg types
  void ct_state_task();
SRC\applications\Ano_Scheduler.c: 1 warning, 0 errors
linking...
Program Size: Code=106220 RO-data=2316 RW-data=1248 ZI-data=13832  
FromELF: creating hex file...
After Build - User command #1: fromelf.exe --bin -o ./AnoPioneerPro.bin ./build/Ano_Pioneer.axf
".\build\ANO_Pioneer.axf" - 0 Error(s), 7 Warning(s).

<h2>Collection of Component include folders:</h2>
  D:\old\p2\Identify-color-turn\RTE
  D:\mdk5\ARM\PACK\Keil\STM32F4xx_DFP\2.2.0\Drivers\CMSIS\Device\ST\STM32F4xx\Include

<h2>Collection of Component Files used:</h2>
Build Time Elapsed:  00:00:01
</pre>
</body>
</html>
