Component: ARM Compiler 5.06 update 6 (build 750) Tool: armlink [4d35ed]

==============================================================================

Section Cross References

    stm32f4xx_it.o(.text) refers to stm32f4xx_exti.o(.text) for EXTI_GetITStatus
    stm32f4xx_it.o(.text) refers to drv_rcin.o(.text) for PPM_IRQH
    stm32f4xx_it.o(.text) refers to drv_gps.o(.text) for Uart1_GPS_IRQ
    stm32f4xx_it.o(.text) refers to drv_usart.o(.text) for Usart2_IRQ
    ano_usb.o(.text) refers to usbd_core.o(.text) for usbd_init
    ano_usb.o(.text) refers to usbd_hid.o(.text) for usbd_hid_get_report_trigger
    ano_usb.o(.text) refers to ano_dt.o(.text) for AnoDTRxOneByteUsb
    ano_usb.o(.text) refers to ano_usb.o(.data) for hid_datatemp_end
    ano_usb.o(.text) refers to ano_usb.o(.bss) for hid_datatemp
    usb_config.o(.text) refers to usbd_hid.o(.text) for USBD_HID_Configure_Event
    usb_config.o(.constdata) refers to usb_config.o(.text) for USBD_SOF_Event
    usb_config.o(.constdata) refers to usbd_core.o(.text) for USBD_EndPoint0
    usb_config.o(.constdata) refers to usbd_hid.o(.text) for USBD_HID_EP_INT_Event
    main.o(.text) refers to bsp_init.o(.text) for All_Init
    main.o(.text) refers to ano_scheduler.o(.text) for Scheduler_Setup
    main.o(.text) refers to ano_fcdata.o(.bss) for flag
    ano_scheduler.o(.text) refers to drv_time.o(.text) for GetSysTime_us
    ano_scheduler.o(.text) refers to ano_flightdatacal.o(.text) for Fc_Sensor_Get
    ano_scheduler.o(.text) refers to ano_sensor_basic.o(.text) for Sensor_Data_Prepare
    ano_scheduler.o(.text) refers to drv_gps.o(.text) for WCXY_Acc_Get_Task
    ano_scheduler.o(.text) refers to ano_flightctrl.o(.text) for Flight_State_Task
    ano_scheduler.o(.text) refers to ano_of_decofusion.o(.text) for ANO_OF_Data_Prepare_Task
    ano_scheduler.o(.text) refers to ano_dt.o(.text) for ANO_DT_Task1Ms
    ano_scheduler.o(.text) refers to ano_attctrl.o(.text) for Att_1level_Ctrl
    ano_scheduler.o(.text) refers to ano_motorctrl.o(.text) for Motor_Ctrl_Task
    ano_scheduler.o(.text) refers to ano_uwb.o(.text) for Ano_UWB_Get_Data_Task
    ano_scheduler.o(.text) refers to ano_imu.o(.text) for calculate_RPY
    ano_scheduler.o(.text) refers to drv_bsp.o(.text) for DrvRcInputTask
    ano_scheduler.o(.text) refers to ano_rc.o(.text) for RC_duty_task
    ano_scheduler.o(.text) refers to ano_altctrl.o(.text) for Alt_1level_Ctrl
    ano_scheduler.o(.text) refers to ano_of.o(.text) for AnoOF_Check_State
    ano_scheduler.o(.text) refers to drv_led.o(.text) for LED_Task2
    ano_scheduler.o(.text) refers to ano_imu_task.o(.text) for ImuServices_20ms_c
    ano_scheduler.o(.text) refers to ano_flyctrl.o(.text) for FlyCtrl_Task
    ano_scheduler.o(.text) refers to ano_locctrl.o(.text) for Loc_1level_Ctrl
    ano_scheduler.o(.text) refers to drv_openmv.o(.text) for OpenMV_Offline_Check
    ano_scheduler.o(.text) refers to ano_opmv_cbtracking_ctrl.o(.text) for ANO_CBTracking_Task
    ano_scheduler.o(.text) refers to ano_opmv_linetracking_ctrl.o(.text) for ANO_LTracking_Task
    ano_scheduler.o(.text) refers to ano_opmv_ctrl.o(.text) for ANO_OPMV_Ctrl_Task
    ano_scheduler.o(.text) refers to ano_power.o(.text) for Power_UpdateTask
    ano_scheduler.o(.text) refers to drv_heating.o(.text) for Thermostatic_Ctrl_Task
    ano_scheduler.o(.text) refers to dflti.o(.text) for __aeabi_i2d
    ano_scheduler.o(.text) refers to dmul.o(.text) for __aeabi_dmul
    ano_scheduler.o(.text) refers to dfixi.o(.text) for __aeabi_d2iz
    ano_scheduler.o(.text) refers to asin.o(i.__hardfp_asin) for __hardfp_asin
    ano_scheduler.o(.text) refers to ano_programctrl_user.o(.text) for Program_Ctrl_User_Set_YAWdps
    ano_scheduler.o(.text) refers to ano_parameter.o(.text) for Ano_Parame_Write_task
    ano_scheduler.o(.text) refers to ano_scheduler.o(.bss) for test_dT_1000hz
    ano_scheduler.o(.text) refers to ano_rc.o(.bss) for CH_N
    ano_scheduler.o(.text) refers to drv_openmv.o(.bss) for opmv
    ano_scheduler.o(.text) refers to ano_fcdata.o(.bss) for flag
    ano_scheduler.o(.text) refers to ano_scheduler.o(.data) for sched_tasks
    ano_scheduler.o(.data) refers to ano_scheduler.o(.text) for Loop_1000Hz
    ano_flyctrl.o(.text) refers to ano_dt.o(.text) for AnoDTSendStr
    ano_flyctrl.o(.text) refers to ano_flightctrl.o(.text) for one_key_take_off
    ano_flyctrl.o(.text) refers to ano_flyctrl.o(.data) for val
    ano_flyctrl.o(.text) refers to ano_flyctrl.o(.bss) for program_ctrl
    ano_flyctrl.o(.text) refers to drv_bsp.o(.bss) for rc_in
    ano_flyctrl.o(.text) refers to ano_fcdata.o(.bss) for flag
    ano_flyctrl.o(.text) refers to ano_fcdata.o(.data) for switchs
    ano_flyctrl.o(.text) refers to ano_imu.o(.text) for h2w_2d_trans
    ano_flyctrl.o(.text) refers to ano_imu.o(.data) for imu_data
    bsp_init.o(.text) refers to misc.o(.text) for NVIC_PriorityGroupConfig
    bsp_init.o(.text) refers to drv_time.o(.text) for SysTick_Configuration
[...]
    DMA_SetCurrDataCounter                   0x08010c45   Thumb Code   148  stm32f4xx_dma.o(.text)
    DMA_GetCurrDataCounter                   0x08010cd9   Thumb Code   148  stm32f4xx_dma.o(.text)
    DMA_DoubleBufferModeConfig               0x08010d6d   Thumb Code   204  stm32f4xx_dma.o(.text)
    DMA_DoubleBufferModeCmd                  0x08010e39   Thumb Code   186  stm32f4xx_dma.o(.text)
    DMA_MemoryTargetConfig                   0x08010ef3   Thumb Code   178  stm32f4xx_dma.o(.text)
    DMA_GetCurrentMemoryTarget               0x08010fa5   Thumb Code   162  stm32f4xx_dma.o(.text)
    DMA_GetCmdStatus                         0x08011047   Thumb Code   162  stm32f4xx_dma.o(.text)
    DMA_GetFIFOStatus                        0x080110e9   Thumb Code   154  stm32f4xx_dma.o(.text)
    DMA_GetFlagStatus                        0x08011183   Thumb Code   486  stm32f4xx_dma.o(.text)
    DMA_ClearFlag                            0x08011369   Thumb Code   220  stm32f4xx_dma.o(.text)
    DMA_ITConfig                             0x08011445   Thumb Code   244  stm32f4xx_dma.o(.text)
    DMA_GetITStatus                          0x08011539   Thumb Code   590  stm32f4xx_dma.o(.text)
    DMA_ClearITPendingBit                    0x08011787   Thumb Code   222  stm32f4xx_dma.o(.text)
    EXTI_DeInit                              0x08011909   Thumb Code    28  stm32f4xx_exti.o(.text)
    EXTI_Init                                0x08011925   Thumb Code   236  stm32f4xx_exti.o(.text)
    EXTI_StructInit                          0x08011a11   Thumb Code    16  stm32f4xx_exti.o(.text)
    EXTI_GenerateSWInterrupt                 0x08011a21   Thumb Code    38  stm32f4xx_exti.o(.text)
    EXTI_GetFlagStatus                       0x08011a47   Thumb Code   158  stm32f4xx_exti.o(.text)
    EXTI_ClearFlag                           0x08011ae5   Thumb Code    30  stm32f4xx_exti.o(.text)
    EXTI_GetITStatus                         0x08011b03   Thumb Code   172  stm32f4xx_exti.o(.text)
    EXTI_ClearITPendingBit                   0x08011baf   Thumb Code    32  stm32f4xx_exti.o(.text)
    GPIO_DeInit                              0x08011c15   Thumb Code   284  stm32f4xx_gpio.o(.text)
    GPIO_Init                                0x08011d31   Thumb Code   342  stm32f4xx_gpio.o(.text)
    GPIO_StructInit                          0x08011e87   Thumb Code    18  stm32f4xx_gpio.o(.text)
    GPIO_PinLockConfig                       0x08011e99   Thumb Code   122  stm32f4xx_gpio.o(.text)
    GPIO_ReadInputDataBit                    0x08011f13   Thumb Code   182  stm32f4xx_gpio.o(.text)
    GPIO_ReadInputData                       0x08011fc9   Thumb Code   174  stm32f4xx_gpio.o(.text)
    GPIO_ReadOutputDataBit                   0x08012077   Thumb Code   186  stm32f4xx_gpio.o(.text)
    GPIO_ReadOutputData                      0x08012131   Thumb Code    78  stm32f4xx_gpio.o(.text)
    GPIO_SetBits                             0x0801217f   Thumb Code    98  stm32f4xx_gpio.o(.text)
    GPIO_ResetBits                           0x080121e1   Thumb Code    98  stm32f4xx_gpio.o(.text)
    GPIO_WriteBit                            0x08012243   Thumb Code   200  stm32f4xx_gpio.o(.text)
    GPIO_Write                               0x0801230b   Thumb Code    78  stm32f4xx_gpio.o(.text)
    GPIO_ToggleBits                          0x08012359   Thumb Code    82  stm32f4xx_gpio.o(.text)
    GPIO_PinAFConfig                         0x080123ab   Thumb Code   384  stm32f4xx_gpio.o(.text)
    RCC_DeInit                               0x0801252d   Thumb Code    60  stm32f4xx_rcc.o(.text)
    RCC_HSEConfig                            0x08012569   Thumb Code    38  stm32f4xx_rcc.o(.text)
    RCC_GetFlagStatus                        0x0801258f   Thumb Code   130  stm32f4xx_rcc.o(.text)
    RCC_WaitForHSEStartUp                    0x08012611   Thumb Code    56  stm32f4xx_rcc.o(.text)
    RCC_AdjustHSICalibrationValue            0x08012649   Thumb Code    38  stm32f4xx_rcc.o(.text)
    RCC_HSICmd                               0x0801266f   Thumb Code    28  stm32f4xx_rcc.o(.text)
    RCC_LSEConfig                            0x0801268b   Thumb Code    72  stm32f4xx_rcc.o(.text)
    RCC_LSICmd                               0x080126d3   Thumb Code    28  stm32f4xx_rcc.o(.text)
    RCC_PLLConfig                            0x080126ef   Thumb Code   156  stm32f4xx_rcc.o(.text)
    RCC_PLLCmd                               0x0801278b   Thumb Code    28  stm32f4xx_rcc.o(.text)
    RCC_PLLI2SConfig                         0x080127a7   Thumb Code    62  stm32f4xx_rcc.o(.text)
    RCC_PLLI2SCmd                            0x080127e5   Thumb Code    28  stm32f4xx_rcc.o(.text)
    RCC_ClockSecuritySystemCmd               0x08012801   Thumb Code    28  stm32f4xx_rcc.o(.text)
    RCC_MCO1Config                           0x0801281d   Thumb Code   102  stm32f4xx_rcc.o(.text)
    RCC_MCO2Config                           0x08012883   Thumb Code   102  stm32f4xx_rcc.o(.text)
    RCC_SYSCLKConfig                         0x080128e9   Thumb Code   124  stm32f4xx_rcc.o(.text)
    RCC_GetSYSCLKSource                      0x08012965   Thumb Code    10  stm32f4xx_rcc.o(.text)
    RCC_HCLKConfig                           0x0801296f   Thumb Code    68  stm32f4xx_rcc.o(.text)
    RCC_PCLK1Config                          0x080129b3   Thumb Code    60  stm32f4xx_rcc.o(.text)
    RCC_PCLK2Config                          0x080129ef   Thumb Code    62  stm32f4xx_rcc.o(.text)
    RCC_GetClocksFreq                        0x08012a2d   Thumb Code   214  stm32f4xx_rcc.o(.text)
    RCC_RTCCLKConfig                         0x08012b03   Thumb Code   262  stm32f4xx_rcc.o(.text)
    RCC_RTCCLKCmd                            0x08012c09   Thumb Code    30  stm32f4xx_rcc.o(.text)
    RCC_BackupResetCmd                       0x08012c27   Thumb Code    32  stm32f4xx_rcc.o(.text)
    RCC_I2SCLKConfig                         0x08012c47   Thumb Code    30  stm32f4xx_rcc.o(.text)
    RCC_AHB1PeriphClockCmd                   0x08012c65   Thumb Code    82  stm32f4xx_rcc.o(.text)
    RCC_AHB2PeriphClockCmd                   0x08012cb7   Thumb Code    82  stm32f4xx_rcc.o(.text)
    RCC_AHB3PeriphClockCmd                   0x08012d09   Thumb Code   232  stm32f4xx_rcc.o(.text)
    RCC_APB1PeriphClockCmd                   0x08012df1   Thumb Code    82  stm32f4xx_rcc.o(.text)
    RCC_APB2PeriphClockCmd                   0x08012e43   Thumb Code    82  stm32f4xx_rcc.o(.text)
    RCC_AHB1PeriphResetCmd                   0x08012e95   Thumb Code    82  stm32f4xx_rcc.o(.text)
    RCC_AHB2PeriphResetCmd                   0x08012ee7   Thumb Code    82  stm32f4xx_rcc.o(.text)
    RCC_AHB3PeriphResetCmd                   0x08012f39   Thumb Code    82  stm32f4xx_rcc.o(.text)
    RCC_APB1PeriphResetCmd                   0x08012f8b   Thumb Code    82  stm32f4xx_rcc.o(.text)
    RCC_APB2PeriphResetCmd                   0x08012fdd   Thumb Code    82  stm32f4xx_rcc.o(.text)
    RCC_AHB1PeriphClockLPModeCmd             0x0801302f   Thumb Code    82  stm32f4xx_rcc.o(.text)
    RCC_AHB2PeriphClockLPModeCmd             0x08013081   Thumb Code    82  stm32f4xx_rcc.o(.text)
    RCC_AHB3PeriphClockLPModeCmd             0x080130d3   Thumb Code    82  stm32f4xx_rcc.o(.text)
    RCC_APB1PeriphClockLPModeCmd             0x08013125   Thumb Code    82  stm32f4xx_rcc.o(.text)
    RCC_APB2PeriphClockLPModeCmd             0x08013177   Thumb Code   106  stm32f4xx_rcc.o(.text)
    RCC_ITConfig                             0x080131e1   Thumb Code    74  stm32f4xx_rcc.o(.text)
    RCC_ClearFlag                            0x0801322b   Thumb Code    18  stm32f4xx_rcc.o(.text)
    RCC_GetITStatus                          0x0801323d   Thumb Code    68  stm32f4xx_rcc.o(.text)
    RCC_ClearITPendingBit                    0x08013281   Thumb Code    34  stm32f4xx_rcc.o(.text)
    SPI_I2S_DeInit                           0x080132a9   Thumb Code   104  stm32f4xx_spi.o(.text)
    SPI_Init                                 0x08013311   Thumb Code   348  stm32f4xx_spi.o(.text)
    I2S_Init                                 0x0801346d   Thumb Code   508  stm32f4xx_spi.o(.text)
    SPI_StructInit                           0x08013669   Thumb Code    24  stm32f4xx_spi.o(.text)
    I2S_StructInit                           0x08013681   Thumb Code   104  stm32f4xx_spi.o(.text)
    SPI_Cmd                                  0x080136e9   Thumb Code    82  stm32f4xx_spi.o(.text)
    I2S_Cmd                                  0x0801373b   Thumb Code    88  stm32f4xx_spi.o(.text)
    SPI_DataSizeConfig                       0x08013793   Thumb Code    78  stm32f4xx_spi.o(.text)
    SPI_BiDirectionalLineConfig              0x080137e1   Thumb Code    94  stm32f4xx_spi.o(.text)
    SPI_NSSInternalSoftwareConfig            0x0801383f   Thumb Code    96  stm32f4xx_spi.o(.text)
    SPI_SSOutputCmd                          0x0801389f   Thumb Code    82  stm32f4xx_spi.o(.text)
    SPI_TIModeCmd                            0x080138f1   Thumb Code    82  stm32f4xx_spi.o(.text)
    I2S_FullDuplexConfig                     0x08013943   Thumb Code   258  stm32f4xx_spi.o(.text)
    SPI_I2S_ReceiveData                      0x08013a45   Thumb Code    52  stm32f4xx_spi.o(.text)
    SPI_I2S_SendData                         0x08013a79   Thumb Code    54  stm32f4xx_spi.o(.text)
    SPI_CalculateCRC                         0x08013aaf   Thumb Code    98  stm32f4xx_spi.o(.text)
    SPI_TransmitCRC                          0x08013b11   Thumb Code    46  stm32f4xx_spi.o(.text)
    SPI_GetCRC                               0x08013b3f   Thumb Code    74  stm32f4xx_spi.o(.text)
    SPI_GetCRCPolynomial                     0x08013b89   Thumb Code    40  stm32f4xx_spi.o(.text)
    SPI_I2S_DMACmd                           0x08013bb1   Thumb Code   114  stm32f4xx_spi.o(.text)
    SPI_I2S_ITConfig                         0x08013c23   Thumb Code   138  stm32f4xx_spi.o(.text)
    SPI_I2S_GetFlagStatus                    0x08013cad   Thumb Code   120  stm32f4xx_spi.o(.text)
    SPI_I2S_ClearFlag                        0x08013d25   Thumb Code    74  stm32f4xx_spi.o(.text)
    SPI_I2S_GetITStatus                      0x08013d6f   Thumb Code   154  stm32f4xx_spi.o(.text)
    SPI_I2S_ClearITPendingBit                0x08013e09   Thumb Code    86  stm32f4xx_spi.o(.text)
    TIM_DeInit                               0x08013e71   Thumb Code   440  stm32f4xx_tim.o(.text)
    TIM_TimeBaseInit                         0x08014029   Thumb Code   278  stm32f4xx_tim.o(.text)
    TIM_TimeBaseStructInit                   0x0801413f   Thumb Code    18  stm32f4xx_tim.o(.text)
    TIM_PrescalerConfig                      0x08014151   Thumb Code   128  stm32f4xx_tim.o(.text)
    TIM_CounterModeConfig                    0x080141d1   Thumb Code   100  stm32f4xx_tim.o(.text)
    TIM_SetCounter                           0x08014235   Thumb Code   222  stm32f4xx_tim.o(.text)
    TIM_SetAutoreload                        0x08014313   Thumb Code   108  stm32f4xx_tim.o(.text)
    TIM_GetCounter                           0x0801437f   Thumb Code   106  stm32f4xx_tim.o(.text)
    TIM_GetPrescaler                         0x080143e9   Thumb Code   106  stm32f4xx_tim.o(.text)
    TIM_UpdateDisableConfig                  0x08014453   Thumb Code   148  stm32f4xx_tim.o(.text)
    TIM_UpdateRequestConfig                  0x080144e7   Thumb Code   148  stm32f4xx_tim.o(.text)
    TIM_ARRPreloadConfig                     0x0801457b   Thumb Code   148  stm32f4xx_tim.o(.text)
    TIM_SelectOnePulseMode                   0x0801460f   Thumb Code   142  stm32f4xx_tim.o(.text)
    TIM_SetClockDivision                     0x0801469d   Thumb Code   192  stm32f4xx_tim.o(.text)
    TIM_Cmd                                  0x0801475d   Thumb Code   148  stm32f4xx_tim.o(.text)
    TIM_OC1Init                              0x080147f1   Thumb Code   416  stm32f4xx_tim.o(.text)
    TIM_OC2Init                              0x08014991   Thumb Code   486  stm32f4xx_tim.o(.text)
    TIM_OC3Init                              0x08014b77   Thumb Code   416  stm32f4xx_tim.o(.text)
    TIM_OC4Init                              0x08014d17   Thumb Code   300  stm32f4xx_tim.o(.text)
    TIM_OCStructInit                         0x08014e43   Thumb Code    20  stm32f4xx_tim.o(.text)
    TIM_SelectOCxM                           0x08014e57   Thumb Code   256  stm32f4xx_tim.o(.text)
    TIM_SetCompare1                          0x08014f57   Thumb Code   142  stm32f4xx_tim.o(.text)
    TIM_SetCompare2                          0x08014fe5   Thumb Code    72  stm32f4xx_tim.o(.text)
    TIM_SetCompare3                          0x0801502d   Thumb Code    60  stm32f4xx_tim.o(.text)
    TIM_SetCompare4                          0x08015069   Thumb Code    60  stm32f4xx_tim.o(.text)
    TIM_ForcedOC1Config                      0x080150a5   Thumb Code   130  stm32f4xx_tim.o(.text)
    TIM_ForcedOC2Config                      0x08015127   Thumb Code   114  stm32f4xx_tim.o(.text)
    TIM_ForcedOC3Config                      0x08015199   Thumb Code    94  stm32f4xx_tim.o(.text)
    TIM_ForcedOC4Config                      0x080151f7   Thumb Code   102  stm32f4xx_tim.o(.text)
    TIM_OC1PreloadConfig                     0x0801525d   Thumb Code   124  stm32f4xx_tim.o(.text)
    TIM_OC2PreloadConfig                     0x080152d9   Thumb Code   108  stm32f4xx_tim.o(.text)
    TIM_OC3PreloadConfig                     0x08015345   Thumb Code   136  stm32f4xx_tim.o(.text)
    TIM_OC4PreloadConfig                     0x080153cd   Thumb Code    96  stm32f4xx_tim.o(.text)
    TIM_OC1FastConfig                        0x0801542d   Thumb Code   124  stm32f4xx_tim.o(.text)
    TIM_OC2FastConfig                        0x080154a9   Thumb Code   108  stm32f4xx_tim.o(.text)
    TIM_OC3FastConfig                        0x08015515   Thumb Code    88  stm32f4xx_tim.o(.text)
    TIM_OC4FastConfig                        0x0801556d   Thumb Code    96  stm32f4xx_tim.o(.text)
    TIM_ClearOC1Ref                          0x080155cd   Thumb Code   124  stm32f4xx_tim.o(.text)
    TIM_ClearOC2Ref                          0x08015649   Thumb Code   106  stm32f4xx_tim.o(.text)
    TIM_ClearOC3Ref                          0x080156b3   Thumb Code    88  stm32f4xx_tim.o(.text)
    TIM_ClearOC4Ref                          0x0801570b   Thumb Code    94  stm32f4xx_tim.o(.text)
    TIM_OC1PolarityConfig                    0x08015769   Thumb Code   174  stm32f4xx_tim.o(.text)
    TIM_OC1NPolarityConfig                   0x08015817   Thumb Code    64  stm32f4xx_tim.o(.text)
    TIM_OC2PolarityConfig                    0x08015857   Thumb Code   108  stm32f4xx_tim.o(.text)
    TIM_OC2NPolarityConfig                   0x080158c3   Thumb Code    72  stm32f4xx_tim.o(.text)
    TIM_OC3PolarityConfig                    0x0801590b   Thumb Code    96  stm32f4xx_tim.o(.text)
    TIM_OC3NPolarityConfig                   0x0801596b   Thumb Code    72  stm32f4xx_tim.o(.text)
    TIM_OC4PolarityConfig                    0x080159b3   Thumb Code    96  stm32f4xx_tim.o(.text)
    TIM_CCxCmd                               0x08015a13   Thumb Code   168  stm32f4xx_tim.o(.text)
    TIM_CCxNCmd                              0x08015abb   Thumb Code   104  stm32f4xx_tim.o(.text)
    TIM_SetIC4Prescaler                      0x08015b23   Thumb Code   106  stm32f4xx_tim.o(.text)
    TIM_SetIC3Prescaler                      0x08015c0d   Thumb Code    98  stm32f4xx_tim.o(.text)
    TIM_SetIC2Prescaler                      0x08015cb7   Thumb Code   118  stm32f4xx_tim.o(.text)
    TIM_SetIC1Prescaler                      0x08015d7d   Thumb Code   134  stm32f4xx_tim.o(.text)
    TIM_ICInit                               0x08015e3d   Thumb Code   508  stm32f4xx_tim.o(.text)
    TIM_ICStructInit                         0x08016039   Thumb Code    18  stm32f4xx_tim.o(.text)
    TIM_PWMIConfig                           0x0801604b   Thumb Code   184  stm32f4xx_tim.o(.text)
    TIM_GetCapture1                          0x08016103   Thumb Code    92  stm32f4xx_tim.o(.text)
    TIM_GetCapture2                          0x0801615f   Thumb Code    68  stm32f4xx_tim.o(.text)
    TIM_GetCapture3                          0x080161a3   Thumb Code    56  stm32f4xx_tim.o(.text)
    TIM_GetCapture4                          0x080161db   Thumb Code    56  stm32f4xx_tim.o(.text)
    TIM_BDTRConfig                           0x08016213   Thumb Code   222  stm32f4xx_tim.o(.text)
    TIM_BDTRStructInit                       0x080162f1   Thumb Code    18  stm32f4xx_tim.o(.text)
    TIM_CtrlPWMOutputs                       0x08016303   Thumb Code    78  stm32f4xx_tim.o(.text)
    TIM_SelectCOM                            0x08016351   Thumb Code    72  stm32f4xx_tim.o(.text)
    TIM_CCPreloadControl                     0x08016399   Thumb Code    72  stm32f4xx_tim.o(.text)
    TIM_ITConfig                             0x080163e1   Thumb Code   218  stm32f4xx_tim.o(.text)
    TIM_GenerateEvent                        0x080164bb   Thumb Code   126  stm32f4xx_tim.o(.text)
    TIM_GetFlagStatus                        0x08016539   Thumb Code   188  stm32f4xx_tim.o(.text)
    TIM_ClearFlag                            0x080165f5   Thumb Code   108  stm32f4xx_tim.o(.text)
    TIM_GetITStatus                          0x08016661   Thumb Code   186  stm32f4xx_tim.o(.text)
    TIM_ClearITPendingBit                    0x0801671b   Thumb Code   108  stm32f4xx_tim.o(.text)
    TIM_DMAConfig                            0x08016787   Thumb Code   334  stm32f4xx_tim.o(.text)
    TIM_DMACmd                               0x080168d5   Thumb Code   126  stm32f4xx_tim.o(.text)
    TIM_SelectCCDMA                          0x08016953   Thumb Code    96  stm32f4xx_tim.o(.text)
    TIM_InternalClockConfig                  0x080169b3   Thumb Code    76  stm32f4xx_tim.o(.text)
    TIM_SelectInputTrigger                   0x080169ff   Thumb Code   148  stm32f4xx_tim.o(.text)
    TIM_ITRxExternalClockConfig              0x08016a93   Thumb Code   110  stm32f4xx_tim.o(.text)
    TIM_TIxExternalClockConfig               0x08016b01   Thumb Code   184  stm32f4xx_tim.o(.text)
    TIM_ETRConfig                            0x08016bb9   Thumb Code   164  stm32f4xx_tim.o(.text)
    TIM_ETRClockMode1Config                  0x08016c5d   Thumb Code   228  stm32f4xx_tim.o(.text)
    TIM_ETRClockMode2Config                  0x08016d41   Thumb Code   152  stm32f4xx_tim.o(.text)
    TIM_SelectOutputTrigger                  0x08016dd9   Thumb Code   126  stm32f4xx_tim.o(.text)
    TIM_SelectSlaveMode                      0x08016e57   Thumb Code   112  stm32f4xx_tim.o(.text)
    TIM_SelectMasterSlaveMode                0x08016ec7   Thumb Code   102  stm32f4xx_tim.o(.text)
    TIM_EncoderInterfaceConfig               0x08016f2d   Thumb Code   226  stm32f4xx_tim.o(.text)
    TIM_SelectHallSensor                     0x0801700f   Thumb Code   108  stm32f4xx_tim.o(.text)
    TIM_RemapConfig                          0x0801707b   Thumb Code   138  stm32f4xx_tim.o(.text)
    USART_DeInit                             0x08017105   Thumb Code   202  stm32f4xx_usart.o(.text)
    USART_Init                               0x080171cf   Thumb Code   456  stm32f4xx_usart.o(.text)
    USART_StructInit                         0x08017397   Thumb Code    24  stm32f4xx_usart.o(.text)
    USART_ClockInit                          0x080173af   Thumb Code   166  stm32f4xx_usart.o(.text)
    USART_ClockStructInit                    0x08017455   Thumb Code    12  stm32f4xx_usart.o(.text)
    USART_Cmd                                0x08017461   Thumb Code    96  stm32f4xx_usart.o(.text)
    USART_SetPrescaler                       0x080174c1   Thumb Code   160  stm32f4xx_usart.o(.text)
    USART_OverSampling8Cmd                   0x08017561   Thumb Code    98  stm32f4xx_usart.o(.text)
    USART_OneBitMethodCmd                    0x080175c3   Thumb Code   100  stm32f4xx_usart.o(.text)
    USART_SendData                           0x08017627   Thumb Code    84  stm32f4xx_usart.o(.text)
    USART_ReceiveData                        0x0801767b   Thumb Code    62  stm32f4xx_usart.o(.text)
    USART_SetAddress                         0x080176b9   Thumb Code    92  stm32f4xx_usart.o(.text)
    USART_ReceiverWakeUpCmd                  0x08017715   Thumb Code   100  stm32f4xx_usart.o(.text)
    USART_WakeUpConfig                       0x08017779   Thumb Code    96  stm32f4xx_usart.o(.text)
    USART_LINBreakDetectLengthConfig         0x080177d9   Thumb Code    94  stm32f4xx_usart.o(.text)
    USART_LINCmd                             0x08017837   Thumb Code   100  stm32f4xx_usart.o(.text)
    USART_SendBreak                          0x0801789b   Thumb Code    64  stm32f4xx_usart.o(.text)
    USART_HalfDuplexCmd                      0x080178db   Thumb Code   100  stm32f4xx_usart.o(.text)
    USART_SetGuardTime                       0x0801793f   Thumb Code    86  stm32f4xx_usart.o(.text)
    USART_SmartCardCmd                       0x08017995   Thumb Code    88  stm32f4xx_usart.o(.text)
    USART_SmartCardNACKCmd                   0x080179ed   Thumb Code    88  stm32f4xx_usart.o(.text)
    USART_IrDAConfig                         0x08017a45   Thumb Code    94  stm32f4xx_usart.o(.text)
    USART_IrDACmd                            0x08017aa3   Thumb Code   100  stm32f4xx_usart.o(.text)
    USART_DMACmd                             0x08017b07   Thumb Code   120  stm32f4xx_usart.o(.text)
    USART_ITConfig                           0x08017b7f   Thumb Code   268  stm32f4xx_usart.o(.text)
    USART_GetFlagStatus                      0x08017c8b   Thumb Code   176  stm32f4xx_usart.o(.text)
    USART_ClearFlag                          0x08017d3b   Thumb Code   160  stm32f4xx_usart.o(.text)
    USART_GetITStatus                        0x08017ddb   Thumb Code   284  stm32f4xx_usart.o(.text)
    USART_ClearITPendingBit                  0x08017ef7   Thumb Code   170  stm32f4xx_usart.o(.text)
    SystemInit                               0x08018095   Thumb Code    88  system_stm32f4xx.o(.text)
    SystemCoreClockUpdate                    0x080180ed   Thumb Code   174  system_stm32f4xx.o(.text)
    Reset_Handler                            0x080181c9   Thumb Code     8  startup_stm32f4xx.o(.text)
    HardFault_Handler                        0x080181d3   Thumb Code     2  startup_stm32f4xx.o(.text)
    PendSV_Handler                           0x080181df   Thumb Code     2  startup_stm32f4xx.o(.text)
    ADC_IRQHandler                           0x080181e3   Thumb Code     0  startup_stm32f4xx.o(.text)
    CAN1_RX0_IRQHandler                      0x080181e3   Thumb Code     0  startup_stm32f4xx.o(.text)
    CAN1_RX1_IRQHandler                      0x080181e3   Thumb Code     0  startup_stm32f4xx.o(.text)
    CAN1_SCE_IRQHandler                      0x080181e3   Thumb Code     0  startup_stm32f4xx.o(.text)
    CAN1_TX_IRQHandler                       0x080181e3   Thumb Code     0  startup_stm32f4xx.o(.text)
    CAN2_RX0_IRQHandler                      0x080181e3   Thumb Code     0  startup_stm32f4xx.o(.text)
    CAN2_RX1_IRQHandler                      0x080181e3   Thumb Code     0  startup_stm32f4xx.o(.text)
    CAN2_SCE_IRQHandler                      0x080181e3   Thumb Code     0  startup_stm32f4xx.o(.text)
    CAN2_TX_IRQHandler                       0x080181e3   Thumb Code     0  startup_stm32f4xx.o(.text)
    CRYP_IRQHandler                          0x080181e3   Thumb Code     0  startup_stm32f4xx.o(.text)
    DCMI_IRQHandler                          0x080181e3   Thumb Code     0  startup_stm32f4xx.o(.text)
    DMA1_Stream0_IRQHandler                  0x080181e3   Thumb Code     0  startup_stm32f4xx.o(.text)
    DMA1_Stream1_IRQHandler                  0x080181e3   Thumb Code     0  startup_stm32f4xx.o(.text)
    DMA1_Stream2_IRQHandler                  0x080181e3   Thumb Code     0  startup_stm32f4xx.o(.text)
    DMA1_Stream3_IRQHandler                  0x080181e3   Thumb Code     0  startup_stm32f4xx.o(.text)
    DMA1_Stream4_IRQHandler                  0x080181e3   Thumb Code     0  startup_stm32f4xx.o(.text)
    DMA1_Stream5_IRQHandler                  0x080181e3   Thumb Code     0  startup_stm32f4xx.o(.text)
    DMA1_Stream6_IRQHandler                  0x080181e3   Thumb Code     0  startup_stm32f4xx.o(.text)
    DMA1_Stream7_IRQHandler                  0x080181e3   Thumb Code     0  startup_stm32f4xx.o(.text)
    DMA2_Stream0_IRQHandler                  0x080181e3   Thumb Code     0  startup_stm32f4xx.o(.text)
    DMA2_Stream1_IRQHandler                  0x080181e3   Thumb Code     0  startup_stm32f4xx.o(.text)
    DMA2_Stream2_IRQHandler                  0x080181e3   Thumb Code     0  startup_stm32f4xx.o(.text)
    DMA2_Stream3_IRQHandler                  0x080181e3   Thumb Code     0  startup_stm32f4xx.o(.text)
    DMA2_Stream4_IRQHandler                  0x080181e3   Thumb Code     0  startup_stm32f4xx.o(.text)
    DMA2_Stream5_IRQHandler                  0x080181e3   Thumb Code     0  startup_stm32f4xx.o(.text)
    DMA2_Stream6_IRQHandler                  0x080181e3   Thumb Code     0  startup_stm32f4xx.o(.text)
    DMA2_Stream7_IRQHandler                  0x080181e3   Thumb Code     0  startup_stm32f4xx.o(.text)
    ETH_IRQHandler                           0x080181e3   Thumb Code     0  startup_stm32f4xx.o(.text)
    ETH_WKUP_IRQHandler                      0x080181e3   Thumb Code     0  startup_stm32f4xx.o(.text)
    EXTI0_IRQHandler                         0x080181e3   Thumb Code     0  startup_stm32f4xx.o(.text)
    EXTI15_10_IRQHandler                     0x080181e3   Thumb Code     0  startup_stm32f4xx.o(.text)
    EXTI1_IRQHandler                         0x080181e3   Thumb Code     0  startup_stm32f4xx.o(.text)
    EXTI2_IRQHandler                         0x080181e3   Thumb Code     0  startup_stm32f4xx.o(.text)
    EXTI3_IRQHandler                         0x080181e3   Thumb Code     0  startup_stm32f4xx.o(.text)
    EXTI4_IRQHandler                         0x080181e3   Thumb Code     0  startup_stm32f4xx.o(.text)
    FLASH_IRQHandler                         0x080181e3   Thumb Code     0  startup_stm32f4xx.o(.text)
    FPU_IRQHandler                           0x080181e3   Thumb Code     0  startup_stm32f4xx.o(.text)
    FSMC_IRQHandler                          0x080181e3   Thumb Code     0  startup_stm32f4xx.o(.text)
    HASH_RNG_IRQHandler                      0x080181e3   Thumb Code     0  startup_stm32f4xx.o(.text)
    I2C1_ER_IRQHandler                       0x080181e3   Thumb Code     0  startup_stm32f4xx.o(.text)
    I2C1_EV_IRQHandler                       0x080181e3   Thumb Code     0  startup_stm32f4xx.o(.text)
    I2C2_ER_IRQHandler                       0x080181e3   Thumb Code     0  startup_stm32f4xx.o(.text)
    I2C2_EV_IRQHandler                       0x080181e3   Thumb Code     0  startup_stm32f4xx.o(.text)
    I2C3_ER_IRQHandler                       0x080181e3   Thumb Code     0  startup_stm32f4xx.o(.text)
    I2C3_EV_IRQHandler                       0x080181e3   Thumb Code     0  startup_stm32f4xx.o(.text)
    OTG_FS_WKUP_IRQHandler                   0x080181e3   Thumb Code     0  startup_stm32f4xx.o(.text)
    OTG_HS_EP1_IN_IRQHandler                 0x080181e3   Thumb Code     0  startup_stm32f4xx.o(.text)
    OTG_HS_EP1_OUT_IRQHandler                0x080181e3   Thumb Code     0  startup_stm32f4xx.o(.text)
    OTG_HS_IRQHandler                        0x080181e3   Thumb Code     0  startup_stm32f4xx.o(.text)
    OTG_HS_WKUP_IRQHandler                   0x080181e3   Thumb Code     0  startup_stm32f4xx.o(.text)
    PVD_IRQHandler                           0x080181e3   Thumb Code     0  startup_stm32f4xx.o(.text)
    RCC_IRQHandler                           0x080181e3   Thumb Code     0  startup_stm32f4xx.o(.text)
    RTC_Alarm_IRQHandler                     0x080181e3   Thumb Code     0  startup_stm32f4xx.o(.text)
    RTC_WKUP_IRQHandler                      0x080181e3   Thumb Code     0  startup_stm32f4xx.o(.text)
    SDIO_IRQHandler                          0x080181e3   Thumb Code     0  startup_stm32f4xx.o(.text)
    SPI1_IRQHandler                          0x080181e3   Thumb Code     0  startup_stm32f4xx.o(.text)
    SPI2_IRQHandler                          0x080181e3   Thumb Code     0  startup_stm32f4xx.o(.text)
    SPI3_IRQHandler                          0x080181e3   Thumb Code     0  startup_stm32f4xx.o(.text)
    TAMP_STAMP_IRQHandler                    0x080181e3   Thumb Code     0  startup_stm32f4xx.o(.text)
    TIM1_BRK_TIM9_IRQHandler                 0x080181e3   Thumb Code     0  startup_stm32f4xx.o(.text)
    TIM1_CC_IRQHandler                       0x080181e3   Thumb Code     0  startup_stm32f4xx.o(.text)
    TIM1_TRG_COM_TIM11_IRQHandler            0x080181e3   Thumb Code     0  startup_stm32f4xx.o(.text)
    TIM1_UP_TIM10_IRQHandler                 0x080181e3   Thumb Code     0  startup_stm32f4xx.o(.text)
    TIM2_IRQHandler                          0x080181e3   Thumb Code     0  startup_stm32f4xx.o(.text)
    TIM5_IRQHandler                          0x080181e3   Thumb Code     0  startup_stm32f4xx.o(.text)
    TIM6_DAC_IRQHandler                      0x080181e3   Thumb Code     0  startup_stm32f4xx.o(.text)
    TIM7_IRQHandler                          0x080181e3   Thumb Code     0  startup_stm32f4xx.o(.text)
    TIM8_BRK_TIM12_IRQHandler                0x080181e3   Thumb Code     0  startup_stm32f4xx.o(.text)
    TIM8_CC_IRQHandler                       0x080181e3   Thumb Code     0  startup_stm32f4xx.o(.text)
    TIM8_TRG_COM_TIM14_IRQHandler            0x080181e3   Thumb Code     0  startup_stm32f4xx.o(.text)
    TIM8_UP_TIM13_IRQHandler                 0x080181e3   Thumb Code     0  startup_stm32f4xx.o(.text)
    WWDG_IRQHandler                          0x080181e3   Thumb Code     0  startup_stm32f4xx.o(.text)
    usbd_init                                0x080181ed   Thumb Code    22  usbd_core.o(.text)
    usbd_connect                             0x08018203   Thumb Code    12  usbd_core.o(.text)
    usbd_reset_core                          0x0801820f   Thumb Code    38  usbd_core.o(.text)
    usbd_configured                          0x08018235   Thumb Code    14  usbd_core.o(.text)
    USBD_SetupStage                          0x08018243   Thumb Code    12  usbd_core.o(.text)
    USBD_DataInStage                         0x0801824f   Thumb Code    66  usbd_core.o(.text)
    USBD_DataOutStage                        0x08018291   Thumb Code    34  usbd_core.o(.text)
    USBD_StatusInStage                       0x080182b3   Thumb Code    14  usbd_core.o(.text)
    USBD_StatusOutStage                      0x080182c1   Thumb Code    12  usbd_core.o(.text)
    USBD_ReqGetStatus                        0x080182cd   Thumb Code   160  usbd_core.o(.text)
    USBD_ReqSetClrFeature                    0x0801836d   Thumb Code   216  usbd_core.o(.text)
    USBD_ReqGetDescriptor                    0x08018445   Thumb Code   380  usbd_core.o(.text)
    USBD_ReqGetConfiguration                 0x080185c1   Thumb Code   122  usbd_core.o(.text)
    USBD_ReqSetConfiguration                 0x0801863b   Thumb Code   432  usbd_core.o(.text)
    USBD_ReqGetInterface                     0x080187eb   Thumb Code    60  usbd_core.o(.text)
    USBD_ReqSetInterface                     0x08018827   Thumb Code   308  usbd_core.o(.text)
    USBD_EndPoint0                           0x0801895b   Thumb Code   680  usbd_core.o(.text)
    USBD_ReqGetDescriptor_HID                0x08018c1d   Thumb Code   132  usbd_core_hid.o(.text)
    USBD_EndPoint0_Setup_HID_ReqToIF         0x08018ca1   Thumb Code   200  usbd_core_hid.o(.text)
    USBD_EndPoint0_Out_HID_ReqToIF           0x08018d69   Thumb Code    44  usbd_core_hid.o(.text)
    usbd_hid_init                            0x08018dcd   Thumb Code     2  usbd_hid.o(.text)
    usbd_hid_get_protocol                    0x08018ddd   Thumb Code     4  usbd_hid.o(.text)
    usbd_hid_set_protocol                    0x08018de1   Thumb Code     2  usbd_hid.o(.text)
    USBD_HID_GetReport                       0x08018de3   Thumb Code    54  usbd_hid.o(.text)
    USBD_HID_SetReport                       0x08018e19   Thumb Code    58  usbd_hid.o(.text)
    USBD_HID_GetIdle                         0x08018e53   Thumb Code    16  usbd_hid.o(.text)
    USBD_HID_SetIdle                         0x08018e63   Thumb Code    48  usbd_hid.o(.text)
    USBD_HID_GetProtocol                     0x08018e93   Thumb Code    14  usbd_hid.o(.text)
    USBD_HID_SetProtocol                     0x08018ea1   Thumb Code    14  usbd_hid.o(.text)
    USBD_HID_EP_INTIN_Event                  0x08018eaf   Thumb Code   422  usbd_hid.o(.text)
    USBD_HID_EP_INTOUT_Event                 0x08019055   Thumb Code   148  usbd_hid.o(.text)
    USBD_HID_Configure_Event                 0x080190e9   Thumb Code    48  usbd_hid.o(.text)
    USBD_HID_EP_INT_Event                    0x08019119   Thumb Code    30  usbd_hid.o(.text)
    USBD_HID_SOF_Event                       0x08019137   Thumb Code   460  usbd_hid.o(.text)
    usbd_hid_get_report_trigger              0x08019303   Thumb Code   148  usbd_hid.o(.text)
    AccGyrStableCheck_Services               0x080193d1   Thumb Code   512  ano_imu_calibration.o(.text)
    GetGyrAvValue                            0x080195d1   Thumb Code   174  ano_imu_calibration.o(.text)
    GetAccAvValue                            0x0801967f   Thumb Code   174  ano_imu_calibration.o(.text)
    ImuSensitivityInit                       0x0801976d   Thumb Code   108  ano_imu_data.o(.text)
    ImuDataGet                               0x080197d9   Thumb Code    64  ano_imu_data.o(.text)
    ImuTemperatureGet                        0x08019819   Thumb Code    10  ano_imu_data.o(.text)
    ImuDataCalcu                             0x08019823   Thumb Code   282  ano_imu_data.o(.text)
    ImuServices_1ms_c                        0x08019951   Thumb Code   116  ano_imu_task.o(.text)
    ImuServices_20ms_c                       0x080199c5   Thumb Code    18  ano_imu_task.o(.text)
    __aeabi_memcpy                           0x080199f5   Thumb Code    36  memcpya.o(.text)
    __aeabi_memcpy4                          0x080199f5   Thumb Code     0  memcpya.o(.text)
    __aeabi_memcpy8                          0x080199f5   Thumb Code     0  memcpya.o(.text)
    __aeabi_dadd                             0x08019a19   Thumb Code   322  dadd.o(.text)
    __aeabi_dsub                             0x08019b5b   Thumb Code     6  dadd.o(.text)
    __aeabi_drsub                            0x08019b61   Thumb Code     6  dadd.o(.text)
    __aeabi_dmul                             0x08019b67   Thumb Code   228  dmul.o(.text)
    __aeabi_i2d                              0x08019c4b   Thumb Code    34  dflti.o(.text)
    __aeabi_d2iz                             0x08019c6d   Thumb Code    62  dfixi.o(.text)
    __aeabi_f2d                              0x08019cab   Thumb Code    38  f2d.o(.text)
    __aeabi_cdcmpeq                          0x08019cd1   Thumb Code     0  cdcmple.o(.text)
    __aeabi_cdcmple                          0x08019cd1   Thumb Code    48  cdcmple.o(.text)
    __aeabi_cdrcmple                         0x08019d01   Thumb Code    48  cdrcmple.o(.text)
    __aeabi_d2f                              0x08019d31   Thumb Code    56  d2f.o(.text)
    __aeabi_llsl                             0x08019d69   Thumb Code    30  llshl.o(.text)
    _ll_shift_l                              0x08019d69   Thumb Code     0  llshl.o(.text)
    __aeabi_llsr                             0x08019d87   Thumb Code    32  llushr.o(.text)
    _ll_ushift_r                             0x08019d87   Thumb Code     0  llushr.o(.text)
    __aeabi_lasr                             0x08019da7   Thumb Code    36  llsshr.o(.text)
    _ll_sshift_r                             0x08019da7   Thumb Code     0  llsshr.o(.text)
    __I$use$fp                               0x08019dcb   Thumb Code     0  iusefp.o(.text)
    _float_round                             0x08019dcb   Thumb Code    18  fepilogue.o(.text)
    _float_epilogue                          0x08019ddd   Thumb Code    92  fepilogue.o(.text)
    _double_round                            0x08019e39   Thumb Code    30  depilogue.o(.text)
    _double_epilogue                         0x08019e57   Thumb Code   156  depilogue.o(.text)
    __aeabi_ddiv                             0x08019ef3   Thumb Code   222  ddiv.o(.text)
    __scatterload                            0x08019fd1   Thumb Code    28  init.o(.text)
    __scatterload_rt2                        0x08019fd1   Thumb Code     0  init.o(.text)
    _dsqrt                                   0x08019ff5   Thumb Code   162  dsqrt.o(.text)
    __decompress                             0x0801a097   Thumb Code     0  __dczerorl2.o(.text)
    __decompress1                            0x0801a097   Thumb Code    86  __dczerorl2.o(.text)
    __ARM_fpclassify                         0x0801a0ed   Thumb Code    48  fpclassify.o(i.__ARM_fpclassify)
    __hardfp_asin                            0x0801a121   Thumb Code   770  asin.o(i.__hardfp_asin)
    __kernel_poly                            0x0801a481   Thumb Code   248  poly.o(i.__kernel_poly)
    __mathlib_dbl_infnan                     0x0801a579   Thumb Code    20  dunder.o(i.__mathlib_dbl_infnan)
    __mathlib_dbl_invalid                    0x0801a591   Thumb Code    24  dunder.o(i.__mathlib_dbl_invalid)
    __mathlib_dbl_underflow                  0x0801a5b1   Thumb Code    24  dunder.o(i.__mathlib_dbl_underflow)
    __scatterload_copy                       0x0801a5d1   Thumb Code    14  handlers.o(i.__scatterload_copy)
    __scatterload_null                       0x0801a5df   Thumb Code     2  handlers.o(i.__scatterload_null)
    __scatterload_zeroinit                   0x0801a5e1   Thumb Code    14  handlers.o(i.__scatterload_zeroinit)
    __set_errno                              0x0801a5f1   Thumb Code     6  errno.o(i.__set_errno)
    fabs                                     0x0801a5fd   Thumb Code    24  fabs.o(i.fabs)
    sqrt                                     0x0801a615   Thumb Code   110  sqrt.o(i.sqrt)
    usbd_power                               0x0801a684   Data           1  usb_config.o(.constdata)
    usbd_hs_enable                           0x0801a685   Data           1  usb_config.o(.constdata)
    usbd_if_num                              0x0801a686   Data           2  usb_config.o(.constdata)
    usbd_ep_num                              0x0801a688   Data           1  usb_config.o(.constdata)
    usbd_max_packet0                         0x0801a689   Data           1  usb_config.o(.constdata)
    usbd_hid_if_num                          0x0801a68a   Data           1  usb_config.o(.constdata)
    usbd_hid_ep_intin                        0x0801a68b   Data           1  usb_config.o(.constdata)
    usbd_hid_ep_intout                       0x0801a68c   Data           1  usb_config.o(.constdata)
    usbd_hid_interval                        0x0801a68e   Data           4  usb_config.o(.constdata)
    usbd_hid_maxpacketsize                   0x0801a692   Data           4  usb_config.o(.constdata)
    usbd_hid_inreport_num                    0x0801a696   Data           1  usb_config.o(.constdata)
    usbd_hid_outreport_num                   0x0801a697   Data           1  usb_config.o(.constdata)
    usbd_hid_inreport_max_sz                 0x0801a698   Data           2  usb_config.o(.constdata)
    usbd_hid_outreport_max_sz                0x0801a69a   Data           2  usb_config.o(.constdata)
    usbd_hid_featreport_max_sz               0x0801a69c   Data           2  usb_config.o(.constdata)
    USBD_P_Power_Event                       0x0801a6a0   Data           4  usb_config.o(.constdata)
    USBD_P_Reset_Event                       0x0801a6a4   Data           4  usb_config.o(.constdata)
    USBD_P_Suspend_Event                     0x0801a6a8   Data           4  usb_config.o(.constdata)
    USBD_P_Resume_Event                      0x0801a6ac   Data           4  usb_config.o(.constdata)
    USBD_P_WakeUp_Event                      0x0801a6b0   Data           4  usb_config.o(.constdata)
    USBD_P_SOF_Event                         0x0801a6b4   Data           4  usb_config.o(.constdata)
    USBD_P_Error_Event                       0x0801a6b8   Data           4  usb_config.o(.constdata)
    USBD_P_EP                                0x0801a6bc   Data          64  usb_config.o(.constdata)
    USBD_P_Configure_Event                   0x0801a6fc   Data           4  usb_config.o(.constdata)
    USBD_P_Interface_Event                   0x0801a700   Data           4  usb_config.o(.constdata)
    USBD_P_Feature_Event                     0x0801a704   Data           4  usb_config.o(.constdata)
    __rtx                                    0x0801a708   Data           4  usb_config.o(.constdata)
    USBD_HID_ReportDescriptor                0x0801a70c   Data          33  usb_config.o(.constdata)
    USBD_HID_ReportDescriptorSize            0x0801a72e   Data           2  usb_config.o(.constdata)
    USBD_HID_DescriptorOffset                0x0801a730   Data           2  usb_config.o(.constdata)
    USBD_DeviceDescriptor                    0x0801a732   Data          18  usb_config.o(.constdata)
    USBD_DeviceQualifier                     0x0801a744   Data           1  usb_config.o(.constdata)
    USBD_DeviceQualifier_HS                  0x0801a745   Data           1  usb_config.o(.constdata)
    USBD_ConfigDescriptor                    0x0801a746   Data          42  usb_config.o(.constdata)
    USBD_ConfigDescriptor_HS                 0x0801a770   Data           1  usb_config.o(.constdata)
    USBD_OtherSpeedConfigDescriptor          0x0801a771   Data           1  usb_config.o(.constdata)
    USBD_OtherSpeedConfigDescriptor_HS       0x0801a772   Data           1  usb_config.o(.constdata)
    USBD_StringDescriptor                    0x0801a774   Data         132  usb_config.o(.constdata)
    _cs_idlist                               0x0801a7f8   Data          24  ano_dt.o(.constdata)
    fast_atan_table                          0x0801a810   Data        1028  ano_math.o(.constdata)
    gps_petrol_out_config                    0x0801ac14   Data          28  drv_gps.o(.constdata)
    gps_pvt_out_config                       0x0801ac30   Data          90  drv_gps.o(.constdata)
    gps_rate_out_config                      0x0801ac8a   Data          16  drv_gps.o(.constdata)
    Enter_Send                               0x0801ac9a   Data           9  drv_gps.o(.constdata)
    Region$$Table$$Base                      0x0801ae38   Number         0  anon$$obj.o(Region$$Table)
    Region$$Table$$Limit                     0x0801ae58   Number         0  anon$$obj.o(Region$$Table)
    HID_SEND_TIMEOUT                         0x20000000   Data           1  ano_usb.o(.data)
    hid_datatemp_begin                       0x20000002   Data           2  ano_usb.o(.data)
    hid_datatemp_end                         0x20000004   Data           2  ano_usb.o(.data)
    USBD_AltSetting                          0x20000008   Data           1  usb_config.o(.data)
    USBD_HID_PollingCnt                      0x2000000a   Data           2  usb_config.o(.data)
    USBD_HID_IdleCnt                         0x2000000c   Data           1  usb_config.o(.data)
    USBD_HID_IdleReload                      0x2000000d   Data           1  usb_config.o(.data)
    USBD_HID_IdleSet                         0x2000000e   Data           1  usb_config.o(.data)
    USBD_HID_FeatReport                      0x2000000f   Data           2  usb_config.o(.data)
    of_init_type                             0x2000006d   Data           1  bsp_init.o(.data)
    unlock_f                                 0x2000006e   Data           2  ano_rc.o(.data)
    stick_fun_0                              0x20000070   Data           1  ano_rc.o(.data)
    unlock_time                              0x20000072   Data           2  ano_rc.o(.data)
    cali_gyro                                0x20000074   Data           2  ano_rc.o(.data)
    cali_acc                                 0x20000076   Data           2  ano_rc.o(.data)
    cali_surface                             0x20000078   Data           2  ano_rc.o(.data)
    cali_mag                                 0x2000007a   Data           4  ano_rc.o(.data)
    stick_fun_1                              0x2000007e   Data           1  ano_rc.o(.data)
    stick_fun_2                              0x2000007f   Data           1  ano_rc.o(.data)
    stick_fun_3                              0x20000080   Data           1  ano_rc.o(.data)
    stick_fun_4                              0x20000081   Data           1  ano_rc.o(.data)
    stick_fun_5_magcali                      0x20000082   Data           1  ano_rc.o(.data)
    opmv_ct_sta                              0x2000008d   Data           3  ano_opmv_ctrl.o(.data)
    of_buf_update_flag                       0x200000c0   Data           1  ano_of_decofusion.o(.data)
    of_rot_d_degs                            0x200000c4   Data           8  ano_of_decofusion.o(.data)
    of_fus_err                               0x200000cc   Data           8  ano_of_decofusion.o(.data)
    of_fus_err_i                             0x200000d4   Data           8  ano_of_decofusion.o(.data)
    switchs                                  0x200000f0   Data           8  ano_fcdata.o(.data)
    imu_data                                 0x20000104   Data         232  ano_imu.o(.data)
    imu_state                                0x20000220   Data          24  ano_imu.o(.data)
    ref_height_old                           0x20000258   Data           4  ano_motioncal.o(.data)
    ref_speed_old                            0x2000025c   Data           4  ano_motioncal.o(.data)
    wcz_ref_height                           0x20000260   Data           4  ano_motioncal.o(.data)
    wcz_ref_speed                            0x20000264   Data           4  ano_motioncal.o(.data)
    wcz_ref_acc                              0x20000268   Data           4  ano_motioncal.o(.data)
    flying_cnt                               0x20000296   Data           2  ano_flightctrl.o(.data)
    landing_cnt                              0x20000298   Data           2  ano_flightctrl.o(.data)
    stop_baro_hpf                            0x2000029c   Data           4  ano_flightctrl.o(.data)
    jsdata                                   0x200002ac   Data           6  ano_flightctrl.o(.data)
    speed_mode_old                           0x200002b2   Data           1  ano_flightctrl.o(.data)
    flight_mode_old                          0x200002b3   Data           1  ano_flightctrl.o(.data)
    vel_fb_d_lpf                             0x200002cc   Data           8  ano_locctrl.o(.data)
    vel_fb_h                                 0x200002d4   Data           8  ano_locctrl.o(.data)
    vel_fb_w                                 0x200002dc   Data           8  ano_locctrl.o(.data)
    vel_fb_fix_w                             0x200002e4   Data           8  ano_locctrl.o(.data)
    mag                                      0x20000304   Data           8  ano_magprocess.o(.data)
    motor                                    0x20000318   Data           8  ano_motorctrl.o(.data)
    motor_step                               0x20000320   Data           8  ano_motorctrl.o(.data)
    IDLING                                   0x2000032a   Data           2  ano_motorctrl.o(.data)
    Plane_Votage                             0x2000032c   Data           4  ano_power.o(.data)
    test_time_cnt                            0x20000338   Data           2  ano_flightdatacal.o(.data)
    baro_height                              0x20000344   Data           4  ano_flightdatacal.o(.data)
    baro_h_offset                            0x20000348   Data           4  ano_flightdatacal.o(.data)
    ref_height_get_1                         0x2000034c   Data           4  ano_flightdatacal.o(.data)
    ref_height_get_2                         0x20000350   Data           4  ano_flightdatacal.o(.data)
    ref_height_used                          0x20000354   Data           4  ano_flightdatacal.o(.data)
    baro2tof_offset                          0x20000358   Data           4  ano_flightdatacal.o(.data)
    tof2baro_offset                          0x2000035c   Data           4  ano_flightdatacal.o(.data)
    baro_fix1                                0x20000360   Data           4  ano_flightdatacal.o(.data)
    baro_fix2                                0x20000364   Data           4  ano_flightdatacal.o(.data)
    baro_fix                                 0x20000368   Data           4  ano_flightdatacal.o(.data)
    wcz_acc_use                              0x20000370   Data           4  ano_flightdatacal.o(.data)
    ref_tof_height                           0x20000374   Data           2  ano_flightdatacal.o(.data)
    led_accuracy                             0x2000037c   Data           2  drv_led.o(.data)
    LED_Brightness                           0x20000380   Data          16  drv_led.o(.data)
    AdcValue                                 0x200003a4   Data           2  drv_adc.o(.data)
    para_sta                                 0x200003a6   Data           4  ano_parameter.o(.data)
    sysTickUptime                            0x200003ac   Data           4  drv_time.o(.data)
    systime_ms                               0x200003b0   Data           4  drv_time.o(.data)
    TxCounter                                0x200003b4   Data           1  drv_usart.o(.data)
    count                                    0x200003b5   Data           1  drv_usart.o(.data)
    Tx3Counter                               0x200003b6   Data           1  drv_usart.o(.data)
    count3                                   0x200003b7   Data           1  drv_usart.o(.data)
    Tx4Counter                               0x200003b8   Data           1  drv_usart.o(.data)
    count4                                   0x200003b9   Data           1  drv_usart.o(.data)
    Tx5Counter                               0x200003ba   Data           1  drv_usart.o(.data)
    count5                                   0x200003bb   Data           1  drv_usart.o(.data)
    alt_3                                    0x200003c8   Data           4  drv_spl06.o(.data)
    baro_start                               0x200003cc   Data           1  drv_spl06.o(.data)
    OutMaxPacketSize                         0x200003d0   Data          16  usbd_stm32f4xx_fs.o(.data)
    InPacketDataPtr                          0x200003e0   Data          16  usbd_stm32f4xx_fs.o(.data)
    InPacketDataReady                        0x200003f0   Data           4  usbd_stm32f4xx_fs.o(.data)
    SyncWriteEP                              0x200003f4   Data           4  usbd_stm32f4xx_fs.o(.data)
    IsoOutTokenRead                          0x200003f8   Data           4  usbd_stm32f4xx_fs.o(.data)
    len                                      0x20000400   Data           2  drv_gps.o(.data)
    wcx_acc_use                              0x20000404   Data           4  drv_gps.o(.data)
    wcy_acc_use                              0x20000408   Data           4  drv_gps.o(.data)
    GPS_get_cnt                              0x2000040c   Data           1  drv_gps.o(.data)
    temperature_err                          0x2000041c   Data           4  drv_heating.o(.data)
    temperature_err_i                        0x20000420   Data           4  drv_heating.o(.data)
    temperature_diff                         0x20000424   Data           4  drv_heating.o(.data)
    temperature_ctrl_val                     0x20000428   Data           4  drv_heating.o(.data)
    LASER_LINKOK                             0x20000430   Data           1  drv_laser.o(.data)
    Laser_height_cm                          0x20000432   Data           2  drv_laser.o(.data)
    offline_check_time                       0x20000436   Data           2  drv_openmv.o(.data)
    of_init_cnt                              0x2000043a   Data           1  drv_up_flow.o(.data)
    of_buf_update_cnt                        0x2000043b   Data           1  drv_up_flow.o(.data)
    SystemCoreClock                          0x20000464   Data           4  system_stm32f4xx.o(.data)
    AHBPrescTable                            0x20000468   Data          16  system_stm32f4xx.o(.data)
    USBD_DeviceStatus                        0x20000478   Data           2  usbd_core.o(.data)
    USBD_DeviceAddress                       0x2000047a   Data           1  usbd_core.o(.data)
    USBD_Configuration                       0x2000047b   Data           1  usbd_core.o(.data)
    USBD_EndPointMask                        0x2000047c   Data           4  usbd_core.o(.data)
    USBD_EndPointHalt                        0x20000480   Data           4  usbd_core.o(.data)
    USBD_EndPointStall                       0x20000484   Data           4  usbd_core.o(.data)
    USBD_NumInterfaces                       0x20000488   Data           1  usbd_core.o(.data)
    USBD_HighSpeed                           0x20000489   Data           1  usbd_core.o(.data)
    USBD_ZLP                                 0x2000048a   Data           1  usbd_core.o(.data)
    USBD_EP0Data                             0x2000048c   Data           8  usbd_core.o(.data)
    USBD_SetupPacket                         0x20000494   Data           8  usbd_core.o(.data)
    USBD_HID_Protocol                        0x2000049c   Data           1  usbd_hid.o(.data)
    DataOutAsyncReq                          0x200004a0   Data           4  usbd_hid.o(.data)
    DataOutUpdateReqMask                     0x200004a4   Data           4  usbd_hid.o(.data)
    ptrDataOut                               0x200004a8   Data           4  usbd_hid.o(.data)
    DataOutToSendLen                         0x200004ac   Data           2  usbd_hid.o(.data)
    DataOutSentLen                           0x200004ae   Data           2  usbd_hid.o(.data)
    DataOutEndWithShortPacket                0x200004b0   Data           4  usbd_hid.o(.data)
    ptrDataIn                                0x200004b4   Data           4  usbd_hid.o(.data)
    DataInReceLen                            0x200004b8   Data           2  usbd_hid.o(.data)
    ptrDataFeat                              0x200004bc   Data           4  usbd_hid.o(.data)
    DataFeatReceLen                          0x200004c0   Data           2  usbd_hid.o(.data)
    st_imu_cali                              0x200004c4   Data           4  ano_imu_calibration.o(.data)
    hid_datatemp                             0x200004e0   Data        1000  ano_usb.o(.bss)
    hid_data2send                            0x200008c8   Data          64  ano_usb.o(.bss)
    USBD_EP0Buf                              0x20000908   Data          64  usb_config.o(.bss)
    USBD_HID_InReport                        0x20000948   Data          65  usb_config.o(.bss)
    USBD_HID_OutReport                       0x20000989   Data          65  usb_config.o(.bss)
    stk_usb_msc_task                         0x200009d0   Data         600  usb_config.o(.bss)
    test_dT_1000hz                           0x20000c28   Data          12  ano_scheduler.o(.bss)
    test_rT                                  0x20000c34   Data          24  ano_scheduler.o(.bss)
    program_ctrl                             0x20000c4c   Data          84  ano_flyctrl.o(.bss)
    dt                                       0x20000ca0   Data         432  ano_dt.o(.bss)
    CycleSendData                            0x20000e50   Data          64  ano_dt.o(.bss)
    OtherSendData                            0x20000e90   Data         335  ano_dt.o(.bss)
    otherDataTmp                             0x20000fdf   Data          64  ano_dt.o(.bss)
    CH_N                                     0x200010e8   Data          16  ano_rc.o(.bss)
    ano_of                                   0x200010f8   Data          60  ano_of.o(.bss)
    uwb_data                                 0x20001174   Data          60  ano_uwb.o(.bss)
    pc_user                                  0x200013b0   Data          32  ano_programctrl_user.o(.bss)
    ano_opmv_cbt_ctrl                        0x200013d0   Data          52  ano_opmv_cbtracking_ctrl.o(.bss)
    ano_opmv_lt_ctrl                         0x20001414   Data          32  ano_opmv_linetracking_ctrl.o(.bss)
    of_data                                  0x20001434   Data          10  ano_of_decofusion.o(.bss)
    of_rdf                                   0x20001440   Data          72  ano_of_decofusion.o(.bss)
    flag                                     0x20001488   Data          32  ano_fcdata.o(.bss)
    fc_stv                                   0x200014a8   Data          16  ano_fcdata.o(.bss)
    sens_hd_check                            0x200014b8   Data           9  ano_fcdata.o(.bss)
    att_matrix                               0x200014c4   Data          36  ano_imu.o(.bss)
    imu_test                                 0x2000150c   Data          12  ano_imu.o(.bss)
    wcz_acc_fus                              0x20001518   Data          28  ano_motioncal.o(.bss)
    wcz_spe_fus                              0x20001534   Data          24  ano_motioncal.o(.bss)
    wcz_hei_fus                              0x2000154c   Data          24  ano_motioncal.o(.bss)
    center_pos                               0x20001564   Data          60  ano_sensor_basic.o(.bss)
    sensor                                   0x200015a0   Data          60  ano_sensor_basic.o(.bss)
    sensor_val                               0x200015dc   Data          24  ano_sensor_basic.o(.bss)
    alt_arg_2                                0x2000166c   Data          24  ano_altctrl.o(.bss)
    alt_val_2                                0x20001684   Data          40  ano_altctrl.o(.bss)
    alt_arg_1                                0x200016ac   Data          24  ano_altctrl.o(.bss)
    alt_val_1                                0x200016c4   Data          40  ano_altctrl.o(.bss)
    arg_2                                    0x200016ec   Data          72  ano_attctrl.o(.bss)
    arg_1                                    0x20001734   Data          72  ano_attctrl.o(.bss)
    val_2                                    0x2000177c   Data         120  ano_attctrl.o(.bss)
    val_1                                    0x200017f4   Data         120  ano_attctrl.o(.bss)
    att_2l_ct                                0x2000186c   Data          36  ano_attctrl.o(.bss)
    att_1l_ct                                0x20001890   Data          28  ano_attctrl.o(.bss)
    rolling_flag                             0x200018bc   Data          24  ano_attctrl.o(.bss)
    fs                                       0x200018d4   Data          52  ano_flightctrl.o(.bss)
    loc_arg_1                                0x20001908   Data          48  ano_locctrl.o(.bss)
    loc_val_1                                0x20001938   Data          80  ano_locctrl.o(.bss)
    loc_arg_1_fix                            0x20001988   Data          48  ano_locctrl.o(.bss)
    loc_val_1_fix                            0x200019b8   Data          80  ano_locctrl.o(.bss)
    loc_ctrl_1                               0x20001a08   Data          36  ano_locctrl.o(.bss)
    loc_ctrl_2                               0x20001a2c   Data          36  ano_locctrl.o(.bss)
    mc                                       0x20001a50   Data          16  ano_motorctrl.o(.bss)
    LED_STA                                  0x20001a60   Data          15  drv_led.o(.bss)
    Ano_Parame                               0x20001a70   Data        4096  ano_parameter.o(.bss)
    TxBuffer                                 0x20002a70   Data         256  drv_usart.o(.bss)
    Rx_Buf                                   0x20002b70   Data         256  drv_usart.o(.bss)
    Tx3Buffer                                0x20002c70   Data         256  drv_usart.o(.bss)
    Tx4Buffer                                0x20002d70   Data         256  drv_usart.o(.bss)
    Tx5Buffer                                0x20002e70   Data         256  drv_usart.o(.bss)
    spl_data                                 0x20002f9c   Data          20  drv_spl06.o(.bss)
    HID_IntInPacketData                      0x20002fbc   Data          64  usbd_stm32f4xx_fs.o(.bss)
    IsoOutPacketDataPtr                      0x20002ffc   Data          16  usbd_stm32f4xx_fs.o(.bss)
    InPacketDataCnt                          0x2000300c   Data          16  usbd_stm32f4xx_fs.o(.bss)
    IsoOutPacketDataCnt                      0x2000301c   Data          16  usbd_stm32f4xx_fs.o(.bss)
    Gps_information                          0x20003030   Data         112  drv_gps.o(.bss)
    GPS_data_buff                            0x200030a0   Data         100  drv_gps.o(.bss)
    ext_sens                                 0x20003104   Data          23  drv_gps.o(.bss)
    temperature_fb                           0x2000311c   Data          12  drv_heating.o(.bss)
    openmv_buf                               0x20003128   Data          20  drv_openmv.o(.bss)
    opmv                                     0x2000313c   Data          26  drv_openmv.o(.bss)
    OF_DATA                                  0x20003156   Data          14  drv_up_flow.o(.bss)
    st_bmi_data                              0x20003172   Data          14  drv_bmi088.o(.bss)
    rc_in                                    0x20003180   Data          82  drv_bsp.o(.bss)
    st_imuData                               0x20003234   Data         152  ano_imu_data.o(.bss)
    test_st                                  0x200032cc   Data          16  ano_imu_data.o(.bss)
    __initial_sp                             0x20003ae0   Data           0  startup_stm32f4xx.o(STACK)



==============================================================================

Memory Map of the image

  Image Entry point : 0x08000189

  Load Region LR_IROM1 (Base: 0x08000000, Size: 0x0001b338, Max: 0x00100000, ABSOLUTE, COMPRESSED[0x0001aecc])

    Execution Region ER_IROM1 (Exec base: 0x08000000, Load base: 0x08000000, Size: 0x0001ae58, Max: 0x00100000, ABSOLUTE)

    Exec Addr    Load Addr    Size         Type   Attr      Idx    E Section Name        Object

    0x08000000   0x08000000   0x00000188   Data   RO         1892    RESET               startup_stm32f4xx.o
    0x08000188   0x08000188   0x00000000   Code   RO         2059  * .ARM.Collect$$$$00000000  mc_w.l(entry.o)
    0x08000188   0x08000188   0x00000004   Code   RO         2118    .ARM.Collect$$$$00000001  mc_w.l(entry2.o)
    0x0800018c   0x0800018c   0x00000004   Code   RO         2121    .ARM.Collect$$$$00000004  mc_w.l(entry5.o)
    0x08000190   0x08000190   0x00000000   Code   RO         2123    .ARM.Collect$$$$00000008  mc_w.l(entry7b.o)
    0x08000190   0x08000190   0x00000000   Code   RO         2125    .ARM.Collect$$$$0000000A  mc_w.l(entry8b.o)
    0x08000190   0x08000190   0x00000008   Code   RO         2126    .ARM.Collect$$$$0000000B  mc_w.l(entry9a.o)
    0x08000198   0x08000198   0x00000000   Code   RO         2128    .ARM.Collect$$$$0000000D  mc_w.l(entry10a.o)
    0x08000198   0x08000198   0x00000000   Code   RO         2130    .ARM.Collect$$$$0000000F  mc_w.l(entry11a.o)
    0x08000198   0x08000198   0x00000004   Code   RO         2119    .ARM.Collect$$$$00002712  mc_w.l(entry2.o)
    0x0800019c   0x0800019c   0x0000005e   Code   RO            2    .text               stm32f4xx_it.o
    0x080001fa   0x080001fa   0x00000002   PAD
    0x080001fc   0x080001fc   0x00000198   Code   RO          148    .text               ano_usb.o
    0x08000394   0x08000394   0x00000052   Code   RO          225    .text               usb_config.o
    0x080003e6   0x080003e6   0x00000002   PAD
    0x080003e8   0x080003e8   0x0000001c   Code   RO          249    .text               main.o
    0x08000404   0x08000404   0x00000318   Code   RO          265    .text               ano_scheduler.o
    0x0800071c   0x0800071c   0x0000098c   Code   RO          394    .text               ano_flyctrl.o
    0x080010a8   0x080010a8   0x00000118   Code   RO          421    .text               bsp_init.o
    0x080011c0   0x080011c0   0x0000108c   Code   RO          479    .text               ano_dt.o
    0x0800224c   0x0800224c   0x00000554   Code   RO          507    .text               ano_rc.o
    0x080027a0   0x080027a0   0x00000354   Code   RO          531    .text               ano_of.o
    0x08002af4   0x08002af4   0x000002dc   Code   RO          554    .text               ano_uwb.o
    0x08002dd0   0x08002dd0   0x000000d0   Code   RO          577    .text               ano_programctrl_user.o
    0x08002ea0   0x08002ea0   0x000000f4   Code   RO          599    .text               ano_opmv_ctrl.o
    0x08002f94   0x08002f94   0x00000478   Code   RO          625    .text               ano_opmv_cbtracking_ctrl.o
    0x0800340c   0x0800340c   0x00000574   Code   RO          648    .text               ano_opmv_linetracking_ctrl.o
    0x08003980   0x08003980   0x000005c4   Code   RO          671    .text               ano_of_decofusion.o
    0x08003f44   0x08003f44   0x00000028   Code   RO          698    .text               ano_fcdata.o
    0x08003f6c   0x08003f6c   0x00000844   Code   RO          725    .text               ano_filter.o
    0x080047b0   0x080047b0   0x00000ba0   Code   RO          752    .text               ano_imu.o
    0x08005350   0x08005350   0x000008d4   Code   RO          795    .text               ano_math.o
    0x08005c24   0x08005c24   0x000001fc   Code   RO          814    .text               ano_motioncal.o
    0x08005e20   0x08005e20   0x00000120   Code   RO          861    .text               ano_pid.o
    0x08005f40   0x08005f40   0x00000214   Code   RO          880    .text               ano_sensor_basic.o
    0x08006154   0x08006154   0x000005d4   Code   RO          902    .text               ano_altctrl.o
    0x08006728   0x08006728   0x00000a54   Code   RO          945    .text               ano_attctrl.o
    0x0800717c   0x0800717c   0x000008e4   Code   RO          976    .text               ano_flightctrl.o
    0x08007a60   0x08007a60   0x00000db8   Code   RO         1017    .text               ano_locctrl.o
    0x08008818   0x08008818   0x000004b0   Code   RO         1040    .text               ano_magprocess.o
    0x08008cc8   0x08008cc8   0x00000210   Code   RO         1066    .text               ano_motorctrl.o
    0x08008ed8   0x08008ed8   0x0000021c   Code   RO         1097    .text               ano_power.o
    0x080090f4   0x080090f4   0x0000036c   Code   RO         1119    .text               ano_flightdatacal.o
    0x08009460   0x08009460   0x00000654   Code   RO         1143    .text               drv_led.o
    0x08009ab4   0x08009ab4   0x00000124   Code   RO         1178    .text               drv_adc.o
    0x08009bd8   0x08009bd8   0x00001468   Code   RO         1200    .text               ano_parameter.o
    0x0800b040   0x0800b040   0x00000130   Code   RO         1223    .text               drv_spi.o
    0x0800b170   0x0800b170   0x0000031c   Code   RO         1242    .text               drv_pwm_out.o
    0x0800b48c   0x0800b48c   0x000001b8   Code   RO         1261    .text               drv_time.o
    0x0800b644   0x0800b644   0x00000684   Code   RO         1291    .text               drv_usart.o
    0x0800bcc8   0x0800bcc8   0x00000104   Code   RO         1326    .text               drv_ak8975.o
    0x0800bdcc   0x0800bdcc   0x00000700   Code   RO         1372    .text               drv_spl06.o
    0x0800c4cc   0x0800c4cc   0x000003c8   Code   RO         1395    .text               drv_w25qxx.o
    0x0800c894   0x0800c894   0x000012b8   Code   RO         1420    .text               usbd_stm32f4xx_fs.o
    0x0800db4c   0x0800db4c   0x00000714   Code   RO         1447    .text               drv_gps.o
    0x0800e260   0x0800e260   0x00000390   Code   RO         1476    .text               drv_heating.o
    0x0800e5f0   0x0800e5f0   0x000001dc   Code   RO         1522    .text               drv_openmv.o
    0x0800e7cc   0x0800e7cc   0x00000224   Code   RO         1545    .text               drv_up_flow.o
    0x0800e9f0   0x0800e9f0   0x000002a4   Code   RO         1573    .text               drv_bmi088.o
    0x0800ec94   0x0800ec94   0x00000460   Code   RO         1600    .text               drv_bsp.o
    0x0800f0f4   0x0800f0f4   0x000001e0   Code   RO         1626    .text               drv_rcin.o
    0x0800f2d4   0x0800f2d4   0x000001ec   Code   RO         1643    .text               misc.o
    0x0800f4c0   0x0800f4c0   0x0000107c   Code   RO         1659    .text               stm32f4xx_adc.o
    0x0801053c   0x0801053c   0x000013cc   Code   RO         1691    .text               stm32f4xx_dma.o
    0x08011908   0x08011908   0x0000030c   Code   RO         1707    .text               stm32f4xx_exti.o
    0x08011c14   0x08011c14   0x00000916   Code   RO         1739    .text               stm32f4xx_gpio.o
    0x0801252a   0x0801252a   0x00000002   PAD
    0x0801252c   0x0801252c   0x00000d7c   Code   RO         1787    .text               stm32f4xx_rcc.o
    0x080132a8   0x080132a8   0x00000bc8   Code   RO         1805    .text               stm32f4xx_spi.o
    0x08013e70   0x08013e70   0x00003294   Code   RO         1837    .text               stm32f4xx_tim.o
    0x08017104   0x08017104   0x00000eb4   Code   RO         1853    .text               stm32f4xx_usart.o
    0x08017fb8   0x08017fb8   0x00000210   Code   RO         1869    .text               system_stm32f4xx.o
    0x080181c8   0x080181c8   0x00000024   Code   RO         1893    .text               startup_stm32f4xx.o
    0x080181ec   0x080181ec   0x00000a30   Code   RO         1898    .text               usbd_core.o
    0x08018c1c   0x08018c1c   0x000001b0   Code   RO         1939    .text               usbd_core_hid.o
    0x08018dcc   0x08018dcc   0x00000604   Code   RO         1951    .text               usbd_hid.o
    0x080193d0   0x080193d0   0x0000039c   Code   RO         1967    .text               ano_imu_calibration.o
    0x0801976c   0x0801976c   0x000001e4   Code   RO         1993    .text               ano_imu_data.o
    0x08019950   0x08019950   0x000000a4   Code   RO         2015    .text               ano_imu_task.o
    0x080199f4   0x080199f4   0x00000024   Code   RO         2062    .text               mc_w.l(memcpya.o)
    0x08019a18   0x08019a18   0x0000014e   Code   RO         2066    .text               mf_w.l(dadd.o)
    0x08019b66   0x08019b66   0x000000e4   Code   RO         2068    .text               mf_w.l(dmul.o)
    0x08019c4a   0x08019c4a   0x00000022   Code   RO         2070    .text               mf_w.l(dflti.o)
    0x08019c6c   0x08019c6c   0x0000003e   Code   RO         2072    .text               mf_w.l(dfixi.o)
    0x08019caa   0x08019caa   0x00000026   Code   RO         2074    .text               mf_w.l(f2d.o)
    0x08019cd0   0x08019cd0   0x00000030   Code   RO         2076    .text               mf_w.l(cdcmple.o)
    0x08019d00   0x08019d00   0x00000030   Code   RO         2078    .text               mf_w.l(cdrcmple.o)
    0x08019d30   0x08019d30   0x00000038   Code   RO         2080    .text               mf_w.l(d2f.o)
    0x08019d68   0x08019d68   0x0000001e   Code   RO         2132    .text               mc_w.l(llshl.o)
    0x08019d86   0x08019d86   0x00000020   Code   RO         2134    .text               mc_w.l(llushr.o)
    0x08019da6   0x08019da6   0x00000024   Code   RO         2136    .text               mc_w.l(llsshr.o)
    0x08019dca   0x08019dca   0x00000000   Code   RO         2145    .text               mc_w.l(iusefp.o)
    0x08019dca   0x08019dca   0x0000006e   Code   RO         2146    .text               mf_w.l(fepilogue.o)
    0x08019e38   0x08019e38   0x000000ba   Code   RO         2148    .text               mf_w.l(depilogue.o)
    0x08019ef2   0x08019ef2   0x000000de   Code   RO         2150    .text               mf_w.l(ddiv.o)
    0x08019fd0   0x08019fd0   0x00000024   Code   RO         2154    .text               mc_w.l(init.o)
    0x08019ff4   0x08019ff4   0x000000a2   Code   RO         2156    .text               mf_w.l(dsqrt.o)
    0x0801a096   0x0801a096   0x00000056   Code   RO         2166    .text               mc_w.l(__dczerorl2.o)
    0x0801a0ec   0x0801a0ec   0x00000030   Code   RO         2102    i.__ARM_fpclassify  m_wm.l(fpclassify.o)
    0x0801a11c   0x0801a11c   0x00000004   PAD
    0x0801a120   0x0801a120   0x00000360   Code   RO         2045    i.__hardfp_asin     m_wm.l(asin.o)
    0x0801a480   0x0801a480   0x000000f8   Code   RO         2104    i.__kernel_poly     m_wm.l(poly.o)
    0x0801a578   0x0801a578   0x00000014   Code   RO         2083    i.__mathlib_dbl_infnan  m_wm.l(dunder.o)
    0x0801a58c   0x0801a58c   0x00000004   PAD
    0x0801a590   0x0801a590   0x00000020   Code   RO         2085    i.__mathlib_dbl_invalid  m_wm.l(dunder.o)
    0x0801a5b0   0x0801a5b0   0x00000020   Code   RO         2088    i.__mathlib_dbl_underflow  m_wm.l(dunder.o)
    0x0801a5d0   0x0801a5d0   0x0000000e   Code   RO         2160    i.__scatterload_copy  mc_w.l(handlers.o)
    0x0801a5de   0x0801a5de   0x00000002   Code   RO         2161    i.__scatterload_null  mc_w.l(handlers.o)
    0x0801a5e0   0x0801a5e0   0x0000000e   Code   RO         2162    i.__scatterload_zeroinit  mc_w.l(handlers.o)
    0x0801a5ee   0x0801a5ee   0x00000002   PAD
    0x0801a5f0   0x0801a5f0   0x0000000c   Code   RO         2140    i.__set_errno       mc_w.l(errno.o)
    0x0801a5fc   0x0801a5fc   0x00000018   Code   RO         2098    i.fabs              m_wm.l(fabs.o)
    0x0801a614   0x0801a614   0x0000006e   Code   RO         2108    i.sqrt              m_wm.l(sqrt.o)
    0x0801a682   0x0801a682   0x00000002   PAD
    0x0801a684   0x0801a684   0x00000174   Data   RO          227    .constdata          usb_config.o
    0x0801a7f8   0x0801a7f8   0x00000018   Data   RO          481    .constdata          ano_dt.o
    0x0801a810   0x0801a810   0x00000404   Data   RO          796    .constdata          ano_math.o
    0x0801ac14   0x0801ac14   0x0000008f   Data   RO         1449    .constdata          drv_gps.o
    0x0801aca3   0x0801aca3   0x00000142   Data   RO         1547    .constdata          drv_up_flow.o
    0x0801ade5   0x0801ade5   0x00000003   PAD
    0x0801ade8   0x0801ade8   0x00000050   Data   RO         2048    .constdata          m_wm.l(asin.o)
    0x0801ae38   0x0801ae38   0x00000020   Data   RO         2158    Region$$Table       anon$$obj.o


    Execution Region RW_IRAM1 (Exec base: 0x20000000, Load base: 0x0801ae58, Size: 0x00003ae0, Max: 0x00020000, ABSOLUTE, COMPRESSED[0x00000074])

    Exec Addr    Load Addr    Size         Type   Attr      Idx    E Section Name        Object

    0x20000000   COMPRESSED   0x00000007   Data   RW          150    .data               ano_usb.o
    0x20000007   COMPRESSED   0x00000001   PAD
    0x20000008   COMPRESSED   0x00000009   Data   RW          228    .data               usb_config.o
    0x20000011   COMPRESSED   0x00000003   PAD
    0x20000014   COMPRESSED   0x00000054   Data   RW          267    .data               ano_scheduler.o
    0x20000068   COMPRESSED   0x00000005   Data   RW          396    .data               ano_flyctrl.o
    0x2000006d   COMPRESSED   0x00000001   Data   RW          422    .data               bsp_init.o
    0x2000006e   COMPRESSED   0x00000015   Data   RW          509    .data               ano_rc.o
    0x20000083   COMPRESSED   0x00000003   Data   RW          533    .data               ano_of.o
    0x20000086   COMPRESSED   0x00000007   Data   RW          556    .data               ano_uwb.o
    0x2000008d   COMPRESSED   0x00000003   Data   RW          600    .data               ano_opmv_ctrl.o
    0x20000090   COMPRESSED   0x00000014   Data   RW          627    .data               ano_opmv_cbtracking_ctrl.o
    0x200000a4   COMPRESSED   0x0000001c   Data   RW          650    .data               ano_opmv_linetracking_ctrl.o
    0x200000c0   COMPRESSED   0x00000030   Data   RW          673    .data               ano_of_decofusion.o
    0x200000f0   COMPRESSED   0x00000008   Data   RW          700    .data               ano_fcdata.o
    0x200000f8   COMPRESSED   0x0000000c   Data   RW          726    .data               ano_filter.o
    0x20000104   COMPRESSED   0x00000154   Data   RW          754    .data               ano_imu.o
    0x20000258   COMPRESSED   0x00000019   Data   RW          816    .data               ano_motioncal.o
    0x20000271   COMPRESSED   0x00000003   PAD
    0x20000274   COMPRESSED   0x0000000e   Data   RW          904    .data               ano_altctrl.o
    0x20000282   COMPRESSED   0x00000002   PAD
    0x20000284   COMPRESSED   0x00000010   Data   RW          947    .data               ano_attctrl.o
    0x20000294   COMPRESSED   0x0000002c   Data   RW          978    .data               ano_flightctrl.o
    0x200002c0   COMPRESSED   0x00000036   Data   RW         1019    .data               ano_locctrl.o
    0x200002f6   COMPRESSED   0x00000002   PAD
    0x200002f8   COMPRESSED   0x00000020   Data   RW         1041    .data               ano_magprocess.o
    0x20000318   COMPRESSED   0x00000014   Data   RW         1068    .data               ano_motorctrl.o
    0x2000032c   COMPRESSED   0x0000000c   Data   RW         1098    .data               ano_power.o
    0x20000338   COMPRESSED   0x00000041   Data   RW         1120    .data               ano_flightdatacal.o
    0x20000379   COMPRESSED   0x00000003   PAD
    0x2000037c   COMPRESSED   0x00000027   Data   RW         1145    .data               drv_led.o
    0x200003a3   COMPRESSED   0x00000001   PAD
    0x200003a4   COMPRESSED   0x00000002   Data   RW         1179    .data               drv_adc.o
    0x200003a6   COMPRESSED   0x00000004   Data   RW         1202    .data               ano_parameter.o
    0x200003aa   COMPRESSED   0x00000002   PAD
    0x200003ac   COMPRESSED   0x00000008   Data   RW         1262    .data               drv_time.o
    0x200003b4   COMPRESSED   0x00000008   Data   RW         1293    .data               drv_usart.o
    0x200003bc   COMPRESSED   0x00000006   Data   RW         1327    .data               drv_ak8975.o
    0x200003c2   COMPRESSED   0x00000002   PAD
    0x200003c4   COMPRESSED   0x0000000b   Data   RW         1374    .data               drv_spl06.o
    0x200003cf   COMPRESSED   0x00000001   PAD
    0x200003d0   COMPRESSED   0x00000030   Data   RW         1422    .data               usbd_stm32f4xx_fs.o
    0x20000400   COMPRESSED   0x00000019   Data   RW         1450    .data               drv_gps.o
    0x20000419   COMPRESSED   0x00000003   PAD
    0x2000041c   COMPRESSED   0x00000013   Data   RW         1478    .data               drv_heating.o
    0x2000042f   COMPRESSED   0x00000001   PAD
    0x20000430   COMPRESSED   0x00000006   Data   RW         1501    .data               drv_laser.o
    0x20000436   COMPRESSED   0x00000004   Data   RW         1524    .data               drv_openmv.o
    0x2000043a   COMPRESSED   0x00000004   Data   RW         1548    .data               drv_up_flow.o
    0x2000043e   COMPRESSED   0x00000002   Data   RW         1575    .data               drv_bmi088.o
    0x20000440   COMPRESSED   0x0000000e   Data   RW         1602    .data               drv_bsp.o
    0x2000044e   COMPRESSED   0x00000004   Data   RW         1627    .data               drv_rcin.o
    0x20000452   COMPRESSED   0x00000010   Data   RW         1788    .data               stm32f4xx_rcc.o
    0x20000462   COMPRESSED   0x00000002   PAD
    0x20000464   COMPRESSED   0x00000014   Data   RW         1870    .data               system_stm32f4xx.o
    0x20000478   COMPRESSED   0x00000024   Data   RW         1899    .data               usbd_core.o
    0x2000049c   COMPRESSED   0x00000027   Data   RW         1952    .data               usbd_hid.o
    0x200004c3   COMPRESSED   0x00000001   PAD
    0x200004c4   COMPRESSED   0x00000018   Data   RW         1969    .data               ano_imu_calibration.o
    0x200004dc   COMPRESSED   0x00000004   Data   RW         2141    .data               mc_w.l(errno.o)
    0x200004e0        -       0x00000428   Zero   RW          149    .bss                ano_usb.o
    0x20000908        -       0x00000320   Zero   RW          226    .bss                usb_config.o
    0x20000c28        -       0x00000024   Zero   RW          266    .bss                ano_scheduler.o
    0x20000c4c        -       0x00000054   Zero   RW          395    .bss                ano_flyctrl.o
    0x20000ca0        -       0x00000448   Zero   RW          480    .bss                ano_dt.o
    0x200010e8        -       0x00000010   Zero   RW          508    .bss                ano_rc.o
    0x200010f8        -       0x0000007c   Zero   RW          532    .bss                ano_of.o
    0x20001174        -       0x0000023c   Zero   RW          555    .bss                ano_uwb.o
    0x200013b0        -       0x00000020   Zero   RW          578    .bss                ano_programctrl_user.o
    0x200013d0        -       0x00000044   Zero   RW          626    .bss                ano_opmv_cbtracking_ctrl.o
    0x20001414        -       0x00000020   Zero   RW          649    .bss                ano_opmv_linetracking_ctrl.o
    0x20001434        -       0x00000054   Zero   RW          672    .bss                ano_of_decofusion.o
    0x20001488        -       0x00000039   Zero   RW          699    .bss                ano_fcdata.o
    0x200014c1   COMPRESSED   0x00000003   PAD
    0x200014c4        -       0x00000054   Zero   RW          753    .bss                ano_imu.o
    0x20001518        -       0x0000004c   Zero   RW          815    .bss                ano_motioncal.o
    0x20001564        -       0x00000108   Zero   RW          881    .bss                ano_sensor_basic.o
    0x2000166c        -       0x00000080   Zero   RW          903    .bss                ano_altctrl.o
    0x200016ec        -       0x000001e8   Zero   RW          946    .bss                ano_attctrl.o
    0x200018d4        -       0x00000034   Zero   RW          977    .bss                ano_flightctrl.o
    0x20001908        -       0x00000148   Zero   RW         1018    .bss                ano_locctrl.o
    0x20001a50        -       0x00000010   Zero   RW         1067    .bss                ano_motorctrl.o
    0x20001a60        -       0x0000000f   Zero   RW         1144    .bss                drv_led.o
    0x20001a6f   COMPRESSED   0x00000001   PAD
    0x20001a70        -       0x00001000   Zero   RW         1201    .bss                ano_parameter.o
    0x20002a70        -       0x00000500   Zero   RW         1292    .bss                drv_usart.o
    0x20002f70        -       0x00000040   Zero   RW         1373    .bss                drv_spl06.o
    0x20002fb0        -       0x0000000c   Zero   RW         1396    .bss                drv_w25qxx.o
    0x20002fbc        -       0x00000070   Zero   RW         1421    .bss                usbd_stm32f4xx_fs.o
    0x2000302c   COMPRESSED   0x00000004   PAD
    0x20003030        -       0x000000eb   Zero   RW         1448    .bss                drv_gps.o
    0x2000311b   COMPRESSED   0x00000001   PAD
    0x2000311c        -       0x0000000c   Zero   RW         1477    .bss                drv_heating.o
    0x20003128        -       0x0000002e   Zero   RW         1523    .bss                drv_openmv.o
    0x20003156        -       0x0000001c   Zero   RW         1546    .bss                drv_up_flow.o
    0x20003172        -       0x0000000e   Zero   RW         1574    .bss                drv_bmi088.o
    0x20003180        -       0x0000006b   Zero   RW         1601    .bss                drv_bsp.o
    0x200031eb   COMPRESSED   0x00000001   PAD
    0x200031ec        -       0x00000048   Zero   RW         1968    .bss                ano_imu_calibration.o
    0x20003234        -       0x000000a8   Zero   RW         1994    .bss                ano_imu_data.o
    0x200032dc   COMPRESSED   0x00000004   PAD
    0x200032e0        -       0x00000800   Zero   RW         1890    STACK               startup_stm32f4xx.o


==============================================================================

Image component sizes


      Code (inc. data)   RO Data    RW Data    ZI Data      Debug   Object Name

      1492        138          0         14        128       2452   ano_altctrl.o
      2644        172          0         16        488       4937   ano_attctrl.o
      4236        140         24          0       1096      10512   ano_dt.o
        40         10          0          8         57       3271   ano_fcdata.o
      2116         26          0         12          0       7835   ano_filter.o
      2276        246          0         44         52       6145   ano_flightctrl.o
       876        142          0         65          0       3431   ano_flightdatacal.o
      2444        382          0          5         84       3578   ano_flyctrl.o
      2976        182          0        340         84       7555   ano_imu.o
       924         64          0         24         72       3803   ano_imu_calibration.o
       484         20          0          0        168       3484   ano_imu_data.o
       164         30          0          0          0        755   ano_imu_task.o
      3512        288          0         54        328       4078   ano_locctrl.o
      1200         92          0         32          0       3647   ano_magprocess.o
      2260        146       1028          0          0       8492   ano_math.o
       508         64          0         25         76       1851   ano_motioncal.o
       528         32          0         20         16       2427   ano_motorctrl.o
       852         40          0          3        124       3358   ano_of.o
      1476        124          0         48         84       4895   ano_of_decofusion.o
      1144         82          0         20         68       4010   ano_opmv_cbtracking_ctrl.o
       244         34          0          3          0       1479   ano_opmv_ctrl.o
      1396        116          0         28         32       4252   ano_opmv_linetracking_ctrl.o
      5224        310          0          4       4096       8659   ano_parameter.o
       288          4          0          0          0       2076   ano_pid.o
       540         62          0         12          0       1130   ano_power.o
       208         26          0          0         32       2167   ano_programctrl_user.o
      1364        166          0         21         16       4952   ano_rc.o
       792         56          0         84         36       4161   ano_scheduler.o
       532         46          0          0        264       3542   ano_sensor_basic.o
       408         24          0          7       1064      15566   ano_usb.o
       732         48          0          7        572       3132   ano_uwb.o
       280         38          0          1          0       1406   bsp_init.o
       292         18          0          2          0       1621   drv_adc.o
       260         10          0          6          0       2063   drv_ak8975.o
       676         28          0          2         14       4137   drv_bmi088.o
      1120         54          0         14        107       3549   drv_bsp.o
      1812        102        143         25        235       5871   drv_gps.o
       912        174          0         19         12       2549   drv_heating.o
         0          0          0          6          0       1309   drv_laser.o
      1620         72          0         39         15       5039   drv_led.o
       476         22          0          4         46       3076   drv_openmv.o
       796         38          0          0          0       1974   drv_pwm_out.o
       480         20          0          4          0       1472   drv_rcin.o
       304         10          0          0          0       1867   drv_spi.o
      1792         58          0         11         64       5993   drv_spl06.o
       440         18          0          8          0      22242   drv_time.o
       548         28        322          4         28       2303   drv_up_flow.o
      1668         96          0          8       1280       5386   drv_usart.o
       968         14          0          0         12       5565   drv_w25qxx.o
        28          4          0          0          0       1173   main.o
       492         74          0          0          0       2309   misc.o
        36          8        392          0       2048        952   startup_stm32f4xx.o
      4220        148          0          0          0      13618   stm32f4xx_adc.o
      5068        352          0          0          0       9229   stm32f4xx_dma.o
       780         70          0          0          0       2987   stm32f4xx_exti.o
      2326        132          0          0          0       5685   stm32f4xx_gpio.o
        94          0          0          0          0     307470   stm32f4xx_it.o
      3452        262          0         16          0      13871   stm32f4xx_rcc.o
      3016        118          0          0          0       8813   stm32f4xx_spi.o
     12948        670          0          0          0      31476   stm32f4xx_tim.o
      3764        164          0          0          0      10364   stm32f4xx_usart.o
       528         46          0         20          0       2267   system_stm32f4xx.o
        82          0        372          9        800      15898   usb_config.o
      2608        202          0         36          0       8320   usbd_core.o
       432         68          0          0          0       1896   usbd_core_hid.o
      1540        184          0         39          0       6247   usbd_hid.o
      4792        220          0         48        112      27661   usbd_stm32f4xx_fs.o

    ----------------------------------------------------------------------
    104536       6834       2316       1244      13824     689290   Object Totals
         0          0         32          0          0          0   (incl. Generated)
         6          0          3         27         14          0   (incl. Padding)

    ----------------------------------------------------------------------

      Code (inc. data)   RO Data    RW Data    ZI Data      Debug   Library Member Name

       864         94         80          0          0        280   asin.o
        84         16          0          0          0        372   dunder.o
        24          0          0          0          0        124   fabs.o
        48          0          0          0          0        124   fpclassify.o
       248          0          0          0          0        152   poly.o
       110          0          0          0          0        148   sqrt.o
        86          0          0          0          0          0   __dczerorl2.o
         0          0          0          0          0          0   entry.o
         0          0          0          0          0          0   entry10a.o
         0          0          0          0          0          0   entry11a.o
         8          4          0          0          0          0   entry2.o
         4          0          0          0          0          0   entry5.o
         0          0          0          0          0          0   entry7b.o
         0          0          0          0          0          0   entry8b.o
         8          4          0          0          0          0   entry9a.o
        12          6          0          4          0         68   errno.o
        30          0          0          0          0          0   handlers.o
        36          8          0          0          0         68   init.o
         0          0          0          0          0          0   iusefp.o
        30          0          0          0          0         68   llshl.o
        36          0          0          0          0         68   llsshr.o
        32          0          0          0          0         68   llushr.o
        36          0          0          0          0         68   memcpya.o
        48          0          0          0          0         68   cdcmple.o
        48          0          0          0          0         68   cdrcmple.o
        56          0          0          0          0         88   d2f.o
       334          0          0          0          0        148   dadd.o
       222          0          0          0          0        100   ddiv.o
       186          0          0          0          0        176   depilogue.o
        62          0          0          0          0         80   dfixi.o
        34          0          0          0          0         76   dflti.o
       228          0          0          0          0         96   dmul.o
       162          0          0          0          0        100   dsqrt.o
        38          0          0          0          0         68   f2d.o
       110          0          0          0          0        168   fepilogue.o

    ----------------------------------------------------------------------
      3236        132         80          4          0       2844   Library Totals
        12          0          0          0          0          0   (incl. Padding)

    ----------------------------------------------------------------------

      Code (inc. data)   RO Data    RW Data    ZI Data      Debug   Library Name

      1378        110         80          0          0       1200   m_wm.l
       318         22          0          4          0        408   mc_w.l
      1528          0          0          0          0       1236   mf_w.l

    ----------------------------------------------------------------------
      3236        132         80          4          0       2844   Library Totals

    ----------------------------------------------------------------------

==============================================================================


      Code (inc. data)   RO Data    RW Data    ZI Data      Debug   

    107772       6966       2396       1248      13824     677938   Grand Totals
    107772       6966       2396        116      13824     677938   ELF Image Totals (compressed)
    107772       6966       2396        116          0          0   ROM Totals

==============================================================================

    Total RO  Size (Code + RO Data)               110168 ( 107.59kB)
    Total RW  Size (RW Data + ZI Data)             15072 (  14.72kB)
    Total ROM Size (Code + RO Data + RW Data)     110284 ( 107.70kB)

==============================================================================

